Archive member included to satisfy reference by file (symbol)

c:\Personal\University\Code\C_CPP\Arduino_IDE\DBMAL\build/core\core.a(cortex_handlers.c.o)
                              (Reset_Handler)
c:\Personal\University\Code\C_CPP\Arduino_IDE\DBMAL\build/core\core.a(delay.c.o)
                              c:\Personal\University\Code\C_CPP\Arduino_IDE\DBMAL\build\libraries\FastLED\FastLED.cpp.o (millis)
c:\Personal\University\Code\C_CPP\Arduino_IDE\DBMAL\build/core\core.a(hooks.c.o)
                              c:\Personal\University\Code\C_CPP\Arduino_IDE\DBMAL\build\libraries\FastLED\FastLED.cpp.o (yield)
c:\Personal\University\Code\C_CPP\Arduino_IDE\DBMAL\build/core\core.a(startup.c.o)
                              c:\Personal\University\Code\C_CPP\Arduino_IDE\DBMAL\build/core\core.a(cortex_handlers.c.o) (SystemInit)
c:\Personal\University\Code\C_CPP\Arduino_IDE\DBMAL\build/core\core.a(wiring.c.o)
                              c:\Personal\University\Code\C_CPP\Arduino_IDE\DBMAL\build/core\core.a(startup.c.o) (SystemCoreClock)
c:\Personal\University\Code\C_CPP\Arduino_IDE\DBMAL\build/core\core.a(wiring_analog.c.o)
                              c:\Personal\University\Code\C_CPP\Arduino_IDE\DBMAL\build/core\core.a(wiring.c.o) (analogReference)
c:\Personal\University\Code\C_CPP\Arduino_IDE\DBMAL\build/core\core.a(wiring_digital.c.o)
                              c:\Personal\University\Code\C_CPP\Arduino_IDE\DBMAL\build\sketch\Stater.cpp.o (pinMode)
c:\Personal\University\Code\C_CPP\Arduino_IDE\DBMAL\build/core\core.a(wiring_private.c.o)
                              c:\Personal\University\Code\C_CPP\Arduino_IDE\DBMAL\build/core\core.a(wiring_analog.c.o) (mapResolution)
c:\Personal\University\Code\C_CPP\Arduino_IDE\DBMAL\build/core\core.a(Reset.cpp.o)
                              c:\Personal\University\Code\C_CPP\Arduino_IDE\DBMAL\build/core\core.a(delay.c.o) (tickReset)
c:\Personal\University\Code\C_CPP\Arduino_IDE\DBMAL\build/core\core.a(Retarget.cpp.o)
                              (__wrap__write)
c:\Personal\University\Code\C_CPP\Arduino_IDE\DBMAL\build/core\core.a(SERCOM.cpp.o)
                              c:\Personal\University\Code\C_CPP\Arduino_IDE\DBMAL\build\core\variant.cpp.o (SERCOM::SERCOM(Sercom*))
c:\Personal\University\Code\C_CPP\Arduino_IDE\DBMAL\build/core\core.a(CDC.cpp.o)
                              c:\Personal\University\Code\C_CPP\Arduino_IDE\DBMAL\build\sketch\DBMAL.ino.cpp.o (Serial_::begin(unsigned long))
c:\Personal\University\Code\C_CPP\Arduino_IDE\DBMAL\build/core\core.a(USBCore.cpp.o)
                              c:\Personal\University\Code\C_CPP\Arduino_IDE\DBMAL\build/core\core.a(CDC.cpp.o) (USBDeviceClass::clear(unsigned long))
c:\Personal\University\Code\C_CPP\Arduino_IDE\DBMAL\build/core\core.a(Uart.cpp.o)
                              c:\Personal\University\Code\C_CPP\Arduino_IDE\DBMAL\build\core\variant.cpp.o (Uart::Uart(SERCOM*, unsigned char, unsigned char, SercomRXPad, SercomUartTXPad))
c:\Personal\University\Code\C_CPP\Arduino_IDE\DBMAL\build/core\core.a(WMath.cpp.o)
                              c:\Personal\University\Code\C_CPP\Arduino_IDE\DBMAL\build\sketch\Strip.cpp.o (random(long))
c:\Personal\University\Code\C_CPP\Arduino_IDE\DBMAL\build/core\core.a(abi.cpp.o)
                              c:\Personal\University\Code\C_CPP\Arduino_IDE\DBMAL\build\sketch\Strip.cpp.o (__cxa_pure_virtual)
c:\Personal\University\Code\C_CPP\Arduino_IDE\DBMAL\build/core\core.a(main.cpp.o)
                              c:/users/administrator/appdata/local/arduino15/packages/seeeduino/tools/arm-none-eabi-gcc/7-2017q4/bin/../lib/gcc/arm-none-eabi/7.2.1/../../../../arm-none-eabi/lib/thumb/v6-m/crt0.o (main)
c:\Personal\University\Code\C_CPP\Arduino_IDE\DBMAL\build/core\core.a(new.cpp.o)
                              c:\Personal\University\Code\C_CPP\Arduino_IDE\DBMAL\build/core\core.a(USBCore.cpp.o) (operator new(unsigned int))
c:\Personal\University\Code\C_CPP\Arduino_IDE\DBMAL\build/core\core.a(Print.cpp.o)
                              c:\Personal\University\Code\C_CPP\Arduino_IDE\DBMAL\build/core\core.a(Uart.cpp.o) (Print::write(unsigned char const*, unsigned int))
c:\Personal\University\Code\C_CPP\Arduino_IDE\DBMAL\build/core\core.a(PluggableUSB.cpp.o)
                              c:\Personal\University\Code\C_CPP\Arduino_IDE\DBMAL\build/core\core.a(USBCore.cpp.o) (PluggableUSB_::getInterface(unsigned char*))
c:\Personal\University\Code\C_CPP\Arduino_IDE\DBMAL\build/core\core.a(SAMD21_USBDevice.cpp.o)
                              c:\Personal\University\Code\C_CPP\Arduino_IDE\DBMAL\build/core\core.a(USBCore.cpp.o) (USBDevice_SAMD21G18x::reset())
c:/users/administrator/appdata/local/arduino15/packages/seeeduino/tools/arm-none-eabi-gcc/7-2017q4/bin/../lib/gcc/arm-none-eabi/7.2.1/../../../../arm-none-eabi/lib/thumb/v6-m\libstdc++_nano.a(atexit_arm.o)
                              c:\Personal\University\Code\C_CPP\Arduino_IDE\DBMAL\build\sketch\DBMAL.ino.cpp.o (__aeabi_atexit)
[...]
Memory Configuration

Name             Origin             Length             Attributes
FLASH            0x00002000         0x0003e000         xr
RAM              0x20000000         0x00008000         xrw
*default*        0x00000000         0xffffffff

Linker script and memory map

LOAD c:/users/administrator/appdata/local/arduino15/packages/seeeduino/tools/arm-none-eabi-gcc/7-2017q4/bin/../lib/gcc/arm-none-eabi/7.2.1/thumb/v6-m/crti.o
LOAD c:/users/administrator/appdata/local/arduino15/packages/seeeduino/tools/arm-none-eabi-gcc/7-2017q4/bin/../lib/gcc/arm-none-eabi/7.2.1/thumb/v6-m/crtbegin.o
LOAD c:/users/administrator/appdata/local/arduino15/packages/seeeduino/tools/arm-none-eabi-gcc/7-2017q4/bin/../lib/gcc/arm-none-eabi/7.2.1/../../../../arm-none-eabi/lib/thumb/v6-m/crt0.o
LOAD c:\Personal\University\Code\C_CPP\Arduino_IDE\DBMAL\build\sketch\DBMAL.ino.cpp.o
LOAD c:\Personal\University\Code\C_CPP\Arduino_IDE\DBMAL\build\sketch\Stater.cpp.o
LOAD c:\Personal\University\Code\C_CPP\Arduino_IDE\DBMAL\build\sketch\Strip.cpp.o
LOAD c:\Personal\University\Code\C_CPP\Arduino_IDE\DBMAL\build\libraries\FastLED\FastLED.cpp.o
LOAD c:\Personal\University\Code\C_CPP\Arduino_IDE\DBMAL\build\libraries\FastLED\bitswap.cpp.o
LOAD c:\Personal\University\Code\C_CPP\Arduino_IDE\DBMAL\build\libraries\FastLED\colorpalettes.cpp.o
LOAD c:\Personal\University\Code\C_CPP\Arduino_IDE\DBMAL\build\libraries\FastLED\colorutils.cpp.o
LOAD c:\Personal\University\Code\C_CPP\Arduino_IDE\DBMAL\build\libraries\FastLED\hsv2rgb.cpp.o
LOAD c:\Personal\University\Code\C_CPP\Arduino_IDE\DBMAL\build\libraries\FastLED\lib8tion.cpp.o
LOAD c:\Personal\University\Code\C_CPP\Arduino_IDE\DBMAL\build\libraries\FastLED\noise.cpp.o
LOAD c:\Personal\University\Code\C_CPP\Arduino_IDE\DBMAL\build\libraries\FastLED\platforms.cpp.o
LOAD c:\Personal\University\Code\C_CPP\Arduino_IDE\DBMAL\build\libraries\FastLED\power_mgt.cpp.o
LOAD c:\Personal\University\Code\C_CPP\Arduino_IDE\DBMAL\build\libraries\FastLED\wiring.cpp.o
LOAD c:\Personal\University\Code\C_CPP\Arduino_IDE\DBMAL\build\libraries\FastLED\platforms\esp\32\clockless_rmt_esp32.cpp.o
LOAD c:\Personal\University\Code\C_CPP\Arduino_IDE\DBMAL\build\core\variant.cpp.o
START GROUP
LOAD C:\Users\Administrator\AppData\Local\Arduino15\packages\Seeeduino\tools\CMSIS\5.4.0/CMSIS/Lib/GCC/\libarm_cortexM0l_math.a
LOAD c:\Personal\University\Code\C_CPP\Arduino_IDE\DBMAL\build/core\core.a
END GROUP
LOAD c:/users/administrator/appdata/local/arduino15/packages/seeeduino/tools/arm-none-eabi-gcc/7-2017q4/bin/../lib/gcc/arm-none-eabi/7.2.1/../../../../arm-none-eabi/lib/thumb/v6-m\libstdc++_nano.a
LOAD c:/users/administrator/appdata/local/arduino15/packages/seeeduino/tools/arm-none-eabi-gcc/7-2017q4/bin/../lib/gcc/arm-none-eabi/7.2.1/../../../../arm-none-eabi/lib/thumb/v6-m\libm.a
START GROUP
LOAD c:/users/administrator/appdata/local/arduino15/packages/seeeduino/tools/arm-none-eabi-gcc/7-2017q4/bin/../lib/gcc/arm-none-eabi/7.2.1/thumb/v6-m\libgcc.a
LOAD c:/users/administrator/appdata/local/arduino15/packages/seeeduino/tools/arm-none-eabi-gcc/7-2017q4/bin/../lib/gcc/arm-none-eabi/7.2.1/../../../../arm-none-eabi/lib/thumb/v6-m\libc_nano.a
END GROUP
START GROUP
LOAD c:/users/administrator/appdata/local/arduino15/packages/seeeduino/tools/arm-none-eabi-gcc/7-2017q4/bin/../lib/gcc/arm-none-eabi/7.2.1/thumb/v6-m\libgcc.a
LOAD c:/users/administrator/appdata/local/arduino15/packages/seeeduino/tools/arm-none-eabi-gcc/7-2017q4/bin/../lib/gcc/arm-none-eabi/7.2.1/../../../../arm-none-eabi/lib/thumb/v6-m\libc_nano.a
LOAD c:/users/administrator/appdata/local/arduino15/packages/seeeduino/tools/arm-none-eabi-gcc/7-2017q4/bin/../lib/gcc/arm-none-eabi/7.2.1/../../../../arm-none-eabi/lib/thumb/v6-m\libnosys.a
END GROUP
START GROUP
LOAD c:/users/administrator/appdata/local/arduino15/packages/seeeduino/tools/arm-none-eabi-gcc/7-2017q4/bin/../lib/gcc/arm-none-eabi/7.2.1/thumb/v6-m\libgcc.a
LOAD c:/users/administrator/appdata/local/arduino15/packages/seeeduino/tools/arm-none-eabi-gcc/7-2017q4/bin/../lib/gcc/arm-none-eabi/7.2.1/../../../../arm-none-eabi/lib/thumb/v6-m\libc_nano.a
LOAD c:/users/administrator/appdata/local/arduino15/packages/seeeduino/tools/arm-none-eabi-gcc/7-2017q4/bin/../lib/gcc/arm-none-eabi/7.2.1/../../../../arm-none-eabi/lib/thumb/v6-m\libnosys.a
END GROUP
LOAD c:/users/administrator/appdata/local/arduino15/packages/seeeduino/tools/arm-none-eabi-gcc/7-2017q4/bin/../lib/gcc/arm-none-eabi/7.2.1/thumb/v6-m/crtend.o
LOAD c:/users/administrator/appdata/local/arduino15/packages/seeeduino/tools/arm-none-eabi-gcc/7-2017q4/bin/../lib/gcc/arm-none-eabi/7.2.1/thumb/v6-m/crtn.o

.text           0x00002000     0xa824
                0x00002000                __text_start__ = .
 *(.isr_vector)
 .isr_vector    0x00002000       0xb4 c:\Personal\University\Code\C_CPP\Arduino_IDE\DBMAL\build/core\core.a(cortex_handlers.c.o)
                0x00002000                exception_table
 *(.text*)
 .text          0x000020b4       0x48 c:/users/administrator/appdata/local/arduino15/packages/seeeduino/tools/arm-none-eabi-gcc/7-2017q4/bin/../lib/gcc/arm-none-eabi/7.2.1/thumb/v6-m/crtbegin.o
 .text._ZN18SAMDTimerInterruptD2Ev
                0x000020fc        0x2 c:\Personal\University\Code\C_CPP\Arduino_IDE\DBMAL\build\sketch\DBMAL.ino.cpp.o
                0x000020fc                SAMDTimerInterrupt::~SAMDTimerInterrupt()
                0x000020fc                SAMDTimerInterrupt::~SAMDTimerInterrupt()
 *fill*         0x000020fe        0x2 
 .text._ZL11DBMAL_Eventv
                0x00002100       0x54 c:\Personal\University\Code\C_CPP\Arduino_IDE\DBMAL\build\sketch\DBMAL.ino.cpp.o
 .text.TC3_Handler
                0x00002154       0x24 c:\Personal\University\Code\C_CPP\Arduino_IDE\DBMAL\build\sketch\DBMAL.ino.cpp.o
                0x00002154                TC3_Handler
 .text.TCC0_Handler
                0x00002178       0x34 c:\Personal\University\Code\C_CPP\Arduino_IDE\DBMAL\build\sketch\DBMAL.ino.cpp.o
                0x00002178                TCC0_Handler
 .text._ZN18SAMDTimerInterrupt19setPeriod_TIMER_TC3Em
                0x000021ac      0x150 c:\Personal\University\Code\C_CPP\Arduino_IDE\DBMAL\build\sketch\DBMAL.ino.cpp.o
                0x000021ac                SAMDTimerInterrupt::setPeriod_TIMER_TC3(unsigned long)
 .text._ZN18SAMDTimerInterrupt19setPeriod_TIMER_TCCEm
                0x000022fc      0x138 c:\Personal\University\Code\C_CPP\Arduino_IDE\DBMAL\build\sketch\DBMAL.ino.cpp.o
                0x000022fc                SAMDTimerInterrupt::setPeriod_TIMER_TCC(unsigned long)
 .text.setup    0x00002434      0x120 c:\Personal\University\Code\C_CPP\Arduino_IDE\DBMAL\build\sketch\DBMAL.ino.cpp.o
                0x00002434                setup
 .text.loop     0x00002554        0x2 c:\Personal\University\Code\C_CPP\Arduino_IDE\DBMAL\build\sketch\DBMAL.ino.cpp.o
                0x00002554                loop
 *fill*         0x00002556        0x2 
 .text.startup._GLOBAL__sub_I_TC3_callback
                0x00002558       0x44 c:\Personal\University\Code\C_CPP\Arduino_IDE\DBMAL\build\sketch\DBMAL.ino.cpp.o
 .text._ZN6StaterC2Eii
                0x0000259c       0x1a c:\Personal\University\Code\C_CPP\Arduino_IDE\DBMAL\build\sketch\Stater.cpp.o
                0x0000259c                Stater::Stater(int, int)
                0x0000259c                Stater::Stater(int, int)
 .text._ZN6Stater11StateUpdateEv
                0x000025b6       0x4e c:\Personal\University\Code\C_CPP\Arduino_IDE\DBMAL\build\sketch\Stater.cpp.o
                0x000025b6                Stater::StateUpdate()
 .text._ZN6Stater11GetSysStateEv
                0x00002604        0x4 c:\Personal\University\Code\C_CPP\Arduino_IDE\DBMAL\build\sketch\Stater.cpp.o
                0x00002604                Stater::GetSysState()
 .text._ZN14CLEDController4sizeEv
                0x00002608        0x4 c:\Personal\University\Code\C_CPP\Arduino_IDE\DBMAL\build\sketch\Strip.cpp.o
                0x00002608                CLEDController::size()
 .text._ZN14CLEDController9clearLedsEi
                0x0000260c       0x1e c:\Personal\University\Code\C_CPP\Arduino_IDE\DBMAL\build\sketch\Strip.cpp.o
                0x0000260c                CLEDController::clearLeds(int)
 .text._ZNK14CLEDController17getMaxRefreshRateEv
                0x0000262a        0x4 c:\Personal\University\Code\C_CPP\Arduino_IDE\DBMAL\build\sketch\Strip.cpp.o
                0x0000262a                CLEDController::getMaxRefreshRate() const
 .text._ZNK19ClocklessControllerILh8ELi12ELi30ELi18EL6EOrder66ELi0ELb0ELi50EE17getMaxRefreshRateEv
                0x0000262e        0x6 c:\Personal\University\Code\C_CPP\Arduino_IDE\DBMAL\build\sketch\Strip.cpp.o
                0x0000262e                ClocklessController<(unsigned char)8, 12, 30, 18, (EOrder)66, 0, false, 50>::getMaxRefreshRate() const
 .text._ZNK19ClocklessControllerILh2ELi12ELi30ELi18EL6EOrder66ELi0ELb0ELi50EE17getMaxRefreshRateEv
                0x00002634        0x6 c:\Personal\University\Code\C_CPP\Arduino_IDE\DBMAL\build\sketch\Strip.cpp.o
                0x00002634                ClocklessController<(unsigned char)2, 12, 30, 18, (EOrder)66, 0, false, 50>::getMaxRefreshRate() const
 .text._ZNK19ClocklessControllerILh1ELi12ELi30ELi18EL6EOrder66ELi0ELb0ELi50EE17getMaxRefreshRateEv
                0x0000263a        0x6 c:\Personal\University\Code\C_CPP\Arduino_IDE\DBMAL\build\sketch\Strip.cpp.o
                0x0000263a                ClocklessController<(unsigned char)1, 12, 30, 18, (EOrder)66, 0, false, 50>::getMaxRefreshRate() const
 .text._ZN19ClocklessControllerILh8ELi12ELi30ELi18EL6EOrder66ELi0ELb0ELi50EE4initEv
                0x00002640       0x1c c:\Personal\University\Code\C_CPP\Arduino_IDE\DBMAL\build\sketch\Strip.cpp.o
                0x00002640                ClocklessController<(unsigned char)8, 12, 30, 18, (EOrder)66, 0, false, 50>::init()
 .text._ZN19ClocklessControllerILh2ELi12ELi30ELi18EL6EOrder66ELi0ELb0ELi50EE4initEv
                0x0000265c       0x1c c:\Personal\University\Code\C_CPP\Arduino_IDE\DBMAL\build\sketch\Strip.cpp.o
                0x0000265c                ClocklessController<(unsigned char)2, 12, 30, 18, (EOrder)66, 0, false, 50>::init()
 .text._ZN19ClocklessControllerILh1ELi12ELi30ELi18EL6EOrder66ELi0ELb0ELi50EE4initEv
                0x00002678       0x1c c:\Personal\University\Code\C_CPP\Arduino_IDE\DBMAL\build\sketch\Strip.cpp.o
                0x00002678                ClocklessController<(unsigned char)1, 12, 30, 18, (EOrder)66, 0, false, 50>::init()
 .text._ZN14CLEDControllerC2Ev
                0x00002694       0x3c c:\Personal\University\Code\C_CPP\Arduino_IDE\DBMAL\build\sketch\Strip.cpp.o
                0x00002694                CLEDController::CLEDController()
                0x00002694                CLEDController::CLEDController()
 .text._ZN5Strip7MM_DuskEv
                0x000026d0       0xa8 c:\Personal\University\Code\C_CPP\Arduino_IDE\DBMAL\build\sketch\Strip.cpp.o
                0x000026d0                Strip::MM_Dusk()
 .text._ZN5Strip8MM_DiscoEv
                0x00002778       0x98 c:\Personal\University\Code\C_CPP\Arduino_IDE\DBMAL\build\sketch\Strip.cpp.o
                0x00002778                Strip::MM_Disco()
 .text._ZN5Strip10MM_FantasyEv
                0x00002810      0x194 c:\Personal\University\Code\C_CPP\Arduino_IDE\DBMAL\build\sketch\Strip.cpp.o
                0x00002810                Strip::MM_Fantasy()
 .text._ZN5StripC2Ev
                0x000029a4       0xf0 c:\Personal\University\Code\C_CPP\Arduino_IDE\DBMAL\build\sketch\Strip.cpp.o
                0x000029a4                Strip::Strip()
                0x000029a4                Strip::Strip()
 .text._ZN5Strip5CloseEv
                0x00002a94       0x38 c:\Personal\University\Code\C_CPP\Arduino_IDE\DBMAL\build\sketch\Strip.cpp.o
                0x00002a94                Strip::Close()
 .text._ZN5Strip5SolidEv
                0x00002acc       0x40 c:\Personal\University\Code\C_CPP\Arduino_IDE\DBMAL\build\sketch\Strip.cpp.o
                0x00002acc                Strip::Solid()
 .text._ZN5Strip6MirageEv
                0x00002b0c       0x22 c:\Personal\University\Code\C_CPP\Arduino_IDE\DBMAL\build\sketch\Strip.cpp.o
                0x00002b0c                Strip::Mirage()
 .text._ZN5Strip5MusicEv
                0x00002b2e       0x1a c:\Personal\University\Code\C_CPP\Arduino_IDE\DBMAL\build\sketch\Strip.cpp.o
                0x00002b2e                Strip::Music()
 .text._ZN8CMinWaitILi50EE4waitEv
                0x00002b48       0x14 c:\Personal\University\Code\C_CPP\Arduino_IDE\DBMAL\build\sketch\Strip.cpp.o
                0x00002b48                CMinWait<50>::wait()
 .text._ZN15PixelControllerIL6EOrder66ELi1ELm4294967295EEC2ERKS1_
                0x00002b5c       0x40 c:\Personal\University\Code\C_CPP\Arduino_IDE\DBMAL\build\sketch\Strip.cpp.o
                0x00002b5c                PixelController<(EOrder)66, 1, 4294967295ul>::PixelController(PixelController<(EOrder)66, 1, 4294967295ul> const&)
                0x00002b5c                PixelController<(EOrder)66, 1, 4294967295ul>::PixelController(PixelController<(EOrder)66, 1, 4294967295ul> const&)
 .text._Z11showLedDataILi8ELi4ELi12ELi30ELi18EL6EOrder66ELi50EEiPVmmPKhmP15M0ClocklessData
                0x00002b9c      0x4f4 c:\Personal\University\Code\C_CPP\Arduino_IDE\DBMAL\build\sketch\Strip.cpp.o
                0x00002b9c                int showLedData<8, 4, 12, 30, 18, (EOrder)66, 50>(unsigned long volatile*, unsigned long, unsigned char const*, unsigned long, M0ClocklessData*)
 .text._ZN19ClocklessControllerILh1ELi12ELi30ELi18EL6EOrder66ELi0ELb0ELi50EE15showRGBInternalE15PixelControllerILS0_66ELi1ELm4294967295EE
                0x00003090       0x44 c:\Personal\University\Code\C_CPP\Arduino_IDE\DBMAL\build\sketch\Strip.cpp.o
                0x00003090                ClocklessController<(unsigned char)1, 12, 30, 18, (EOrder)66, 0, false, 50>::showRGBInternal(PixelController<(EOrder)66, 1, 4294967295ul>)
 .text._ZN19ClocklessControllerILh1ELi12ELi30ELi18EL6EOrder66ELi0ELb0ELi50EE10showPixelsER15PixelControllerILS0_66ELi1ELm4294967295EE
                0x000030d4       0x48 c:\Personal\University\Code\C_CPP\Arduino_IDE\DBMAL\build\sketch\Strip.cpp.o
                0x000030d4                ClocklessController<(unsigned char)1, 12, 30, 18, (EOrder)66, 0, false, 50>::showPixels(PixelController<(EOrder)66, 1, 4294967295ul>&)
 .text._ZN19ClocklessControllerILh8ELi12ELi30ELi18EL6EOrder66ELi0ELb0ELi50EE15showRGBInternalE15PixelControllerILS0_66ELi1ELm4294967295EE
                0x0000311c       0x44 c:\Personal\University\Code\C_CPP\Arduino_IDE\DBMAL\build\sketch\Strip.cpp.o
                0x0000311c                ClocklessController<(unsigned char)8, 12, 30, 18, (EOrder)66, 0, false, 50>::showRGBInternal(PixelController<(EOrder)66, 1, 4294967295ul>)
 .text._ZN19ClocklessControllerILh8ELi12ELi30ELi18EL6EOrder66ELi0ELb0ELi50EE10showPixelsER15PixelControllerILS0_66ELi1ELm4294967295EE
                0x00003160       0x48 c:\Personal\University\Code\C_CPP\Arduino_IDE\DBMAL\build\sketch\Strip.cpp.o
                0x00003160                ClocklessController<(unsigned char)8, 12, 30, 18, (EOrder)66, 0, false, 50>::showPixels(PixelController<(EOrder)66, 1, 4294967295ul>&)
 .text._ZN19ClocklessControllerILh2ELi12ELi30ELi18EL6EOrder66ELi0ELb0ELi50EE15showRGBInternalE15PixelControllerILS0_66ELi1ELm4294967295EE
                0x000031a8       0x44 c:\Personal\University\Code\C_CPP\Arduino_IDE\DBMAL\build\sketch\Strip.cpp.o
                0x000031a8                ClocklessController<(unsigned char)2, 12, 30, 18, (EOrder)66, 0, false, 50>::showRGBInternal(PixelController<(EOrder)66, 1, 4294967295ul>)
 .text._ZN19ClocklessControllerILh2ELi12ELi30ELi18EL6EOrder66ELi0ELb0ELi50EE10showPixelsER15PixelControllerILS0_66ELi1ELm4294967295EE
                0x000031ec       0x48 c:\Personal\University\Code\C_CPP\Arduino_IDE\DBMAL\build\sketch\Strip.cpp.o
                0x000031ec                ClocklessController<(unsigned char)2, 12, 30, 18, (EOrder)66, 0, false, 50>::showPixels(PixelController<(EOrder)66, 1, 4294967295ul>&)
 .text._ZN15PixelControllerIL6EOrder66ELi1ELm4294967295EE21init_binary_ditheringEv
                0x00003234       0x70 c:\Personal\University\Code\C_CPP\Arduino_IDE\DBMAL\build\sketch\Strip.cpp.o
                0x00003234                PixelController<(EOrder)66, 1, 4294967295ul>::init_binary_dithering()
 .text._ZN19CPixelLEDControllerIL6EOrder66ELi1ELm4294967295EE9showColorERK4CRGBiS2_
                0x000032a4       0x44 c:\Personal\University\Code\C_CPP\Arduino_IDE\DBMAL\build\sketch\Strip.cpp.o
                0x000032a4                CPixelLEDController<(EOrder)66, 1, 4294967295ul>::showColor(CRGB const&, int, CRGB)
 .text._ZN19CPixelLEDControllerIL6EOrder66ELi1ELm4294967295EE4showEPK4CRGBiS2_
                0x000032e8       0x46 c:\Personal\University\Code\C_CPP\Arduino_IDE\DBMAL\build\sketch\Strip.cpp.o
                0x000032e8                CPixelLEDController<(EOrder)66, 1, 4294967295ul>::show(CRGB const*, int, CRGB)
 .text._ZN14CLEDController17computeAdjustmentEhRK4CRGBS2_
                0x0000332e       0x48 c:\Personal\University\Code\C_CPP\Arduino_IDE\DBMAL\build\libraries\FastLED\FastLED.cpp.o
                0x0000332e                CLEDController::computeAdjustment(unsigned char, CRGB const&, CRGB const&)
 *fill*         0x00003376        0x2 
 .text._ZN8CFastLED7addLedsEP14CLEDControllerP4CRGBii
                0x00003378       0x50 c:\Personal\University\Code\C_CPP\Arduino_IDE\DBMAL\build\libraries\FastLED\FastLED.cpp.o
                0x00003378                CFastLED::addLeds(CLEDController*, CRGB*, int, int)
 .text._ZN8CFastLED8countFPSEi
                0x000033c8       0x40 c:\Personal\University\Code\C_CPP\Arduino_IDE\DBMAL\build\libraries\FastLED\FastLED.cpp.o
                0x000033c8                CFastLED::countFPS(int)
 .text._ZN8CFastLED4showEh
                0x00003408       0xa4 c:\Personal\University\Code\C_CPP\Arduino_IDE\DBMAL\build\libraries\FastLED\FastLED.cpp.o
                0x00003408                CFastLED::show(unsigned char)
 .text.startup._GLOBAL__sub_I_pSmartMatrix
                0x000034ac       0x18 c:\Personal\University\Code\C_CPP\Arduino_IDE\DBMAL\build\libraries\FastLED\FastLED.cpp.o
 .text._Z15hsv2rgb_rainbowRK4CHSVR4CRGB
                0x000034c4      0x144 c:\Personal\University\Code\C_CPP\Arduino_IDE\DBMAL\build\libraries\FastLED\hsv2rgb.cpp.o
                0x000034c4                hsv2rgb_rainbow(CHSV const&, CRGB&)
 .text.SERCOM4_Handler
                0x00003608       0x10 c:\Personal\University\Code\C_CPP\Arduino_IDE\DBMAL\build\core\variant.cpp.o
                0x00003608                SERCOM4_Handler
 .text.startup._GLOBAL__sub_I_g_APinDescription
                0x00003618       0x80 c:\Personal\University\Code\C_CPP\Arduino_IDE\DBMAL\build\core\variant.cpp.o
 .text.Dummy_Handler
                0x00003698        0x2 c:\Personal\University\Code\C_CPP\Arduino_IDE\DBMAL\build/core\core.a(cortex_handlers.c.o)
                0x00003698                DMAC_Handler
                0x00003698                HardFault_Handler
                0x00003698                AC_Handler
                0x00003698                PendSV_Handler
                0x00003698                NMI_Handler
                0x00003698                TC7_Handler
                0x00003698                SERCOM1_Handler
                0x00003698                ADC_Handler
                0x00003698                TCC1_Handler
                0x00003698                SERCOM2_Handler
                0x00003698                RTC_Handler
                0x00003698                EIC_Handler
                0x00003698                TC6_Handler
                0x00003698                WDT_Handler
                0x00003698                TC4_Handler
                0x00003698                Dummy_Handler
                0x00003698                PM_Handler
                0x00003698                SERCOM5_Handler
                0x00003698                SVC_Handler
                0x00003698                TCC2_Handler
                0x00003698                EVSYS_Handler
                0x00003698                SERCOM3_Handler
                0x00003698                I2S_Handler
                0x00003698                NVMCTRL_Handler
                0x00003698                SERCOM0_Handler
                0x00003698                DAC_Handler
                0x00003698                PTC_Handler
                0x00003698                SYSCTRL_Handler
 *fill*         0x0000369a        0x2 
 .text.USB_Handler
                0x0000369c       0x14 c:\Personal\University\Code\C_CPP\Arduino_IDE\DBMAL\build/core\core.a(cortex_handlers.c.o)
                0x0000369c                USB_Handler
 .text.Reset_Handler
                0x000036b0       0x54 c:\Personal\University\Code\C_CPP\Arduino_IDE\DBMAL\build/core\core.a(cortex_handlers.c.o)
                0x000036b0                Reset_Handler
 .text.SysTick_Handler
                0x00003704       0x10 c:\Personal\University\Code\C_CPP\Arduino_IDE\DBMAL\build/core\core.a(cortex_handlers.c.o)
                0x00003704                SysTick_Handler
 .text.USB_SetHandler
                0x00003714        0xc c:\Personal\University\Code\C_CPP\Arduino_IDE\DBMAL\build/core\core.a(cortex_handlers.c.o)
                0x00003714                USB_SetHandler
 .text.millis   0x00003720        0xc c:\Personal\University\Code\C_CPP\Arduino_IDE\DBMAL\build/core\core.a(delay.c.o)
                0x00003720                millis
 .text.micros   0x0000372c       0x60 c:\Personal\University\Code\C_CPP\Arduino_IDE\DBMAL\build/core\core.a(delay.c.o)
                0x0000372c                micros
 .text._real_delay
                0x0000378c       0x30 c:\Personal\University\Code\C_CPP\Arduino_IDE\DBMAL\build/core\core.a(delay.c.o)
                0x0000378c                _real_delay
                0x0000378c                delay
 .text.SysTick_DefaultHandler
                0x000037bc       0x14 c:\Personal\University\Code\C_CPP\Arduino_IDE\DBMAL\build/core\core.a(delay.c.o)
                0x000037bc                SysTick_DefaultHandler
 .text.__empty  0x000037d0        0x2 c:\Personal\University\Code\C_CPP\Arduino_IDE\DBMAL\build/core\core.a(hooks.c.o)
                0x000037d0                yield
 .text.__false  0x000037d2        0x4 c:\Personal\University\Code\C_CPP\Arduino_IDE\DBMAL\build/core\core.a(hooks.c.o)
                0x000037d2                sysTickHook
 *fill*         0x000037d6        0x2 
 .text.SystemInit
                0x000037d8      0x160 c:\Personal\University\Code\C_CPP\Arduino_IDE\DBMAL\build/core\core.a(startup.c.o)
                0x000037d8                SystemInit
 .text.init     0x00003938       0xe0 c:\Personal\University\Code\C_CPP\Arduino_IDE\DBMAL\build/core\core.a(wiring.c.o)
                0x00003938                init
 .text.analogReference
                0x00003a18       0x88 c:\Personal\University\Code\C_CPP\Arduino_IDE\DBMAL\build/core\core.a(wiring_analog.c.o)
                0x00003a18                analogReference
 .text.pinMode  0x00003aa0       0x60 c:\Personal\University\Code\C_CPP\Arduino_IDE\DBMAL\build/core\core.a(wiring_digital.c.o)
                0x00003aa0                pinMode
 .text.digitalWrite
                0x00003b00       0x58 c:\Personal\University\Code\C_CPP\Arduino_IDE\DBMAL\build/core\core.a(wiring_digital.c.o)
                0x00003b00                digitalWrite
 .text.digitalRead
                0x00003b58       0x30 c:\Personal\University\Code\C_CPP\Arduino_IDE\DBMAL\build/core\core.a(wiring_digital.c.o)
                0x00003b58                digitalRead
 .text.pinPeripheral
                0x00003b88       0xc4 c:\Personal\University\Code\C_CPP\Arduino_IDE\DBMAL\build/core\core.a(wiring_private.c.o)
                0x00003b88                pinPeripheral
 .text.initiateReset
                0x00003c4c        0xc c:\Personal\University\Code\C_CPP\Arduino_IDE\DBMAL\build/core\core.a(Reset.cpp.o)
                0x00003c4c                initiateReset
 .text.cancelReset
                0x00003c58       0x10 c:\Personal\University\Code\C_CPP\Arduino_IDE\DBMAL\build/core\core.a(Reset.cpp.o)
                0x00003c58                cancelReset
 .text.tickReset
                0x00003c68       0x78 c:\Personal\University\Code\C_CPP\Arduino_IDE\DBMAL\build/core\core.a(Reset.cpp.o)
                0x00003c68                tickReset
 .text.__wrap__write
                0x00003ce0        0x4 c:\Personal\University\Code\C_CPP\Arduino_IDE\DBMAL\build/core\core.a(Retarget.cpp.o)
                0x00003ce0                __wrap__write
 .text._ZN6SERCOMC2EP6Sercom
                0x00003ce4        0x4 c:\Personal\University\Code\C_CPP\Arduino_IDE\DBMAL\build/core\core.a(SERCOM.cpp.o)
                0x00003ce4                SERCOM::SERCOM(Sercom*)
                0x00003ce4                SERCOM::SERCOM(Sercom*)
 .text._ZN6SERCOM9initFrameE18SercomUartCharSize15SercomDataOrder16SercomParityMode19SercomNumberStopBit
                0x00003ce8       0x3a c:\Personal\University\Code\C_CPP\Arduino_IDE\DBMAL\build/core\core.a(SERCOM.cpp.o)
                0x00003ce8                SERCOM::initFrame(SercomUartCharSize, SercomDataOrder, SercomParityMode, SercomNumberStopBit)
 .text._ZN6SERCOM8initPadsE15SercomUartTXPad11SercomRXPad
                0x00003d22       0x26 c:\Personal\University\Code\C_CPP\Arduino_IDE\DBMAL\build/core\core.a(SERCOM.cpp.o)
                0x00003d22                SERCOM::initPads(SercomUartTXPad, SercomRXPad)
 .text._ZN6SERCOM9resetUARTEv
                0x00003d48       0x1a c:\Personal\University\Code\C_CPP\Arduino_IDE\DBMAL\build/core\core.a(SERCOM.cpp.o)
                0x00003d48                SERCOM::resetUART()
 .text._ZN6SERCOM10enableUARTEv
                0x00003d62       0x14 c:\Personal\University\Code\C_CPP\Arduino_IDE\DBMAL\build/core\core.a(SERCOM.cpp.o)
                0x00003d62                SERCOM::enableUART()
 .text._ZN6SERCOM9flushUARTEv
                0x00003d76       0x10 c:\Personal\University\Code\C_CPP\Arduino_IDE\DBMAL\build/core\core.a(SERCOM.cpp.o)
                0x00003d76                SERCOM::flushUART()
 .text._ZN6SERCOM15clearStatusUARTEv
                0x00003d86        0x8 c:\Personal\University\Code\C_CPP\Arduino_IDE\DBMAL\build/core\core.a(SERCOM.cpp.o)
                0x00003d86                SERCOM::clearStatusUART()
 .text._ZN6SERCOM17availableDataUARTEv
                0x00003d8e        0xa c:\Personal\University\Code\C_CPP\Arduino_IDE\DBMAL\build/core\core.a(SERCOM.cpp.o)
                0x00003d8e                SERCOM::availableDataUART()
 .text._ZN6SERCOM11isUARTErrorEv
                0x00003d98        0x8 c:\Personal\University\Code\C_CPP\Arduino_IDE\DBMAL\build/core\core.a(SERCOM.cpp.o)
                0x00003d98                SERCOM::isUARTError()
 .text._ZN6SERCOM20acknowledgeUARTErrorEv
                0x00003da0        0xe c:\Personal\University\Code\C_CPP\Arduino_IDE\DBMAL\build/core\core.a(SERCOM.cpp.o)
                0x00003da0                SERCOM::acknowledgeUARTError()
 .text._ZN6SERCOM16isFrameErrorUARTEv
                0x00003dae        0xa c:\Personal\University\Code\C_CPP\Arduino_IDE\DBMAL\build/core\core.a(SERCOM.cpp.o)
                0x00003dae                SERCOM::isFrameErrorUART()
 .text._ZN6SERCOM19clearFrameErrorUARTEv
                0x00003db8        0xc c:\Personal\University\Code\C_CPP\Arduino_IDE\DBMAL\build/core\core.a(SERCOM.cpp.o)
                0x00003db8                SERCOM::clearFrameErrorUART()
 .text._ZN6SERCOM23isDataRegisterEmptyUARTEv
                0x00003dc4        0xa c:\Personal\University\Code\C_CPP\Arduino_IDE\DBMAL\build/core\core.a(SERCOM.cpp.o)
                0x00003dc4                SERCOM::isDataRegisterEmptyUART()
 .text._ZN6SERCOM12readDataUARTEv
                0x00003dce        0x8 c:\Personal\University\Code\C_CPP\Arduino_IDE\DBMAL\build/core\core.a(SERCOM.cpp.o)
                0x00003dce                SERCOM::readDataUART()
 .text._ZN6SERCOM13writeDataUARTEh
                0x00003dd6       0x10 c:\Personal\University\Code\C_CPP\Arduino_IDE\DBMAL\build/core\core.a(SERCOM.cpp.o)
                0x00003dd6                SERCOM::writeDataUART(unsigned char)
 .text._ZN6SERCOM36enableDataRegisterEmptyInterruptUARTEv
                0x00003de6        0x8 c:\Personal\University\Code\C_CPP\Arduino_IDE\DBMAL\build/core\core.a(SERCOM.cpp.o)
                0x00003de6                SERCOM::enableDataRegisterEmptyInterruptUART()
 .text._ZN6SERCOM37disableDataRegisterEmptyInterruptUARTEv
                0x00003dee        0x8 c:\Personal\University\Code\C_CPP\Arduino_IDE\DBMAL\build/core\core.a(SERCOM.cpp.o)
                0x00003dee                SERCOM::disableDataRegisterEmptyInterruptUART()
 *fill*         0x00003df6        0x2 
 .text._ZN6SERCOM14getSercomIndexEv
                0x00003df8       0x5c c:\Personal\University\Code\C_CPP\Arduino_IDE\DBMAL\build/core\core.a(SERCOM.cpp.o)
                0x00003df8                SERCOM::getSercomIndex()
 .text._ZN6SERCOM13initClockNVICEv
                0x00003e54       0x90 c:\Personal\University\Code\C_CPP\Arduino_IDE\DBMAL\build/core\core.a(SERCOM.cpp.o)
                0x00003e54                SERCOM::initClockNVIC()
 .text._ZN6SERCOM8initUARTE14SercomUartMode20SercomUartSampleRatem
                0x00003ee4       0x6c c:\Personal\University\Code\C_CPP\Arduino_IDE\DBMAL\build/core\core.a(SERCOM.cpp.o)
                0x00003ee4                SERCOM::initUART(SercomUartMode, SercomUartSampleRate, unsigned long)
 .text._ZN7Serial_17availableForWriteEv
                0x00003f50        0x4 c:\Personal\University\Code\C_CPP\Arduino_IDE\DBMAL\build/core\core.a(CDC.cpp.o)
                0x00003f50                Serial_::availableForWrite()
 .text._ZN7Serial_5writeEh
                0x00003f54       0x14 c:\Personal\University\Code\C_CPP\Arduino_IDE\DBMAL\build/core\core.a(CDC.cpp.o)
                0x00003f54                Serial_::write(unsigned char)
 .text._ZN7Serial_9availableEv
                0x00003f68       0x1c c:\Personal\University\Code\C_CPP\Arduino_IDE\DBMAL\build/core\core.a(CDC.cpp.o)
                0x00003f68                Serial_::available()
 .text._ZN7Serial_5flushEv
                0x00003f84        0xc c:\Personal\University\Code\C_CPP\Arduino_IDE\DBMAL\build/core\core.a(CDC.cpp.o)
                0x00003f84                Serial_::flush()
 .text._ZN7Serial_5clearEv
                0x00003f90        0xc c:\Personal\University\Code\C_CPP\Arduino_IDE\DBMAL\build/core\core.a(CDC.cpp.o)
                0x00003f90                Serial_::clear()
 .text._ZN7Serial_4peekEv
                0x00003f9c       0x1c c:\Personal\University\Code\C_CPP\Arduino_IDE\DBMAL\build/core\core.a(CDC.cpp.o)
                0x00003f9c                Serial_::peek()
 .text._ZN7Serial_4readEv
                0x00003fb8       0x24 c:\Personal\University\Code\C_CPP\Arduino_IDE\DBMAL\build/core\core.a(CDC.cpp.o)
                0x00003fb8                Serial_::read()
 .text._ZN7Serial_5writeEPKhj
                0x00003fdc       0x30 c:\Personal\University\Code\C_CPP\Arduino_IDE\DBMAL\build/core\core.a(CDC.cpp.o)
                0x00003fdc                Serial_::write(unsigned char const*, unsigned int)
 .text._Z16CDC_GetInterfacePh
                0x0000400c       0x1c c:\Personal\University\Code\C_CPP\Arduino_IDE\DBMAL\build/core\core.a(CDC.cpp.o)
                0x0000400c                CDC_GetInterface(unsigned char*)
 .text._Z9CDC_SetupR8USBSetup
                0x00004028       0x7c c:\Personal\University\Code\C_CPP\Arduino_IDE\DBMAL\build/core\core.a(CDC.cpp.o)
                0x00004028                CDC_Setup(USBSetup&)
 .text._ZN7Serial_5beginEm
                0x000040a4        0x6 c:\Personal\University\Code\C_CPP\Arduino_IDE\DBMAL\build/core\core.a(CDC.cpp.o)
                0x000040a4                Serial_::begin(unsigned long)
 *fill*         0x000040aa        0x2 
 .text.startup._GLOBAL__sub_I__Z17_CDC_GetInterfacev
                0x000040ac       0x28 c:\Personal\University\Code\C_CPP\Arduino_IDE\DBMAL\build/core\core.a(CDC.cpp.o)
 .text._ZN26DoubleBufferedEPOutHandlerD2Ev
                0x000040d4        0x2 c:\Personal\University\Code\C_CPP\Arduino_IDE\DBMAL\build/core\core.a(USBCore.cpp.o)
                0x000040d4                DoubleBufferedEPOutHandler::~DoubleBufferedEPOutHandler()
                0x000040d4                DoubleBufferedEPOutHandler::~DoubleBufferedEPOutHandler()
 .text._ZN26DoubleBufferedEPOutHandler4initEv
                0x000040d6        0x2 c:\Personal\University\Code\C_CPP\Arduino_IDE\DBMAL\build/core\core.a(USBCore.cpp.o)
                0x000040d6                DoubleBufferedEPOutHandler::init()
 .text._ZL5utox8mPc
                0x000040d8       0x24 c:\Personal\University\Code\C_CPP\Arduino_IDE\DBMAL\build/core\core.a(USBCore.cpp.o)
 .text._ZN26DoubleBufferedEPOutHandlerD0Ev
                0x000040fc       0x10 c:\Personal\University\Code\C_CPP\Arduino_IDE\DBMAL\build/core\core.a(USBCore.cpp.o)
                0x000040fc                DoubleBufferedEPOutHandler::~DoubleBufferedEPOutHandler()
 .text._ZN14USBDeviceClass6initEPEmm.part.8
                0x0000410c       0xe0 c:\Personal\University\Code\C_CPP\Arduino_IDE\DBMAL\build/core\core.a(USBCore.cpp.o)
 .text._ZN7__GuardC2Ev
                0x000041ec        0xe c:\Personal\University\Code\C_CPP\Arduino_IDE\DBMAL\build/core\core.a(USBCore.cpp.o)
                0x000041ec                __Guard::__Guard()
                0x000041ec                __Guard::__Guard()
 .text._ZN7__GuardD2Ev
                0x000041fa        0xe c:\Personal\University\Code\C_CPP\Arduino_IDE\DBMAL\build/core\core.a(USBCore.cpp.o)
                0x000041fa                __Guard::~__Guard()
                0x000041fa                __Guard::~__Guard()
 .text._ZNK26DoubleBufferedEPOutHandler10_availableEv
                0x00004208       0x6a c:\Personal\University\Code\C_CPP\Arduino_IDE\DBMAL\build/core\core.a(USBCore.cpp.o)
                0x00004208                DoubleBufferedEPOutHandler::_available() const
 *fill*         0x00004272        0x2 
 .text._ZN26DoubleBufferedEPOutHandler7releaseEv
                0x00004274       0x3c c:\Personal\University\Code\C_CPP\Arduino_IDE\DBMAL\build/core\core.a(USBCore.cpp.o)
                0x00004274                DoubleBufferedEPOutHandler::release()
 .text._ZN26DoubleBufferedEPOutHandler14handleEndpointEv
                0x000042b0       0xdc c:\Personal\University\Code\C_CPP\Arduino_IDE\DBMAL\build/core\core.a(USBCore.cpp.o)
                0x000042b0                DoubleBufferedEPOutHandler::handleEndpoint()
 .text._ZN26DoubleBufferedEPOutHandler5_recvEv
                0x0000438c      0x184 c:\Personal\University\Code\C_CPP\Arduino_IDE\DBMAL\build/core\core.a(USBCore.cpp.o)
                0x0000438c                DoubleBufferedEPOutHandler::_recv()
 .text._ZN26DoubleBufferedEPOutHandler4peekEv
                0x00004510       0x22 c:\Personal\University\Code\C_CPP\Arduino_IDE\DBMAL\build/core\core.a(USBCore.cpp.o)
                0x00004510                DoubleBufferedEPOutHandler::peek()
 .text._ZN26DoubleBufferedEPOutHandler9availableEv
                0x00004532       0x18 c:\Personal\University\Code\C_CPP\Arduino_IDE\DBMAL\build/core\core.a(USBCore.cpp.o)
                0x00004532                DoubleBufferedEPOutHandler::available()
 .text._ZN26DoubleBufferedEPOutHandler4recvEPvm
                0x0000454a       0x72 c:\Personal\University\Code\C_CPP\Arduino_IDE\DBMAL\build/core\core.a(USBCore.cpp.o)
                0x0000454a                DoubleBufferedEPOutHandler::recv(void*, unsigned long)
 .text._ZN14USBDeviceClass14SendInterfacesEPm
                0x000045bc       0x2c c:\Personal\University\Code\C_CPP\Arduino_IDE\DBMAL\build/core\core.a(USBCore.cpp.o)
                0x000045bc                USBDeviceClass::SendInterfaces(unsigned long*)
 .text._ZN14USBDeviceClass14handleEndpointEh
                0x000045e8       0x48 c:\Personal\University\Code\C_CPP\Arduino_IDE\DBMAL\build/core\core.a(USBCore.cpp.o)
                0x000045e8                USBDeviceClass::handleEndpoint(unsigned char)
 .text._ZN14USBDeviceClass4initEv
                0x00004630      0x10c c:\Personal\University\Code\C_CPP\Arduino_IDE\DBMAL\build/core\core.a(USBCore.cpp.o)
                0x00004630                USBDeviceClass::init()
 .text._ZN14USBDeviceClass6attachEv
                0x0000473c       0x34 c:\Personal\University\Code\C_CPP\Arduino_IDE\DBMAL\build/core\core.a(USBCore.cpp.o)
                0x0000473c                USBDeviceClass::attach()
 .text._ZN14USBDeviceClass10setAddressEm
                0x00004770       0x48 c:\Personal\University\Code\C_CPP\Arduino_IDE\DBMAL\build/core\core.a(USBCore.cpp.o)
                0x00004770                USBDeviceClass::setAddress(unsigned long)
 .text._ZN14USBDeviceClass25handleClassInterfaceSetupER8USBSetup
                0x000047b8       0x44 c:\Personal\University\Code\C_CPP\Arduino_IDE\DBMAL\build/core\core.a(USBCore.cpp.o)
                0x000047b8                USBDeviceClass::handleClassInterfaceSetup(USBSetup&)
 .text._ZN14USBDeviceClass6initEPEmm
                0x000047fc      0x12c c:\Personal\University\Code\C_CPP\Arduino_IDE\DBMAL\build/core\core.a(USBCore.cpp.o)
                0x000047fc                USBDeviceClass::initEP(unsigned long, unsigned long)
 .text._ZN14USBDeviceClass13initEndpointsEv
                0x00004928       0x24 c:\Personal\University\Code\C_CPP\Arduino_IDE\DBMAL\build/core\core.a(USBCore.cpp.o)
                0x00004928                USBDeviceClass::initEndpoints()
 .text._ZN14USBDeviceClass5clearEm
                0x0000494c       0x38 c:\Personal\University\Code\C_CPP\Arduino_IDE\DBMAL\build/core\core.a(USBCore.cpp.o)
                0x0000494c                USBDeviceClass::clear(unsigned long)
 .text._ZN14USBDeviceClass9availableEm
                0x00004984       0x2c c:\Personal\University\Code\C_CPP\Arduino_IDE\DBMAL\build/core\core.a(USBCore.cpp.o)
                0x00004984                USBDeviceClass::available(unsigned long)
 .text._ZN14USBDeviceClass5flushEm
                0x000049b0       0x2c c:\Personal\University\Code\C_CPP\Arduino_IDE\DBMAL\build/core\core.a(USBCore.cpp.o)
                0x000049b0                USBDeviceClass::flush(unsigned long)
 .text._ZN14USBDeviceClass14armRecvCtrlOUTEm
                0x000049dc       0x5c c:\Personal\University\Code\C_CPP\Arduino_IDE\DBMAL\build/core\core.a(USBCore.cpp.o)
                0x000049dc                USBDeviceClass::armRecvCtrlOUT(unsigned long)
 .text._ZN14USBDeviceClass11recvControlEPvm
                0x00004a38       0x3c c:\Personal\University\Code\C_CPP\Arduino_IDE\DBMAL\build/core\core.a(USBCore.cpp.o)
                0x00004a38                USBDeviceClass::recvControl(void*, unsigned long)
 .text._ZN14USBDeviceClass7armRecvEm
                0x00004a74       0x38 c:\Personal\University\Code\C_CPP\Arduino_IDE\DBMAL\build/core\core.a(USBCore.cpp.o)
                0x00004a74                USBDeviceClass::armRecv(unsigned long)
 .text._ZN14USBDeviceClass4recvEmPvm
                0x00004aac       0xd8 c:\Personal\University\Code\C_CPP\Arduino_IDE\DBMAL\build/core\core.a(USBCore.cpp.o)
                0x00004aac                USBDeviceClass::recv(unsigned long, void*, unsigned long)
 .text._ZN14USBDeviceClass4recvEm
                0x00004b84       0x1c c:\Personal\University\Code\C_CPP\Arduino_IDE\DBMAL\build/core\core.a(USBCore.cpp.o)
                0x00004b84                USBDeviceClass::recv(unsigned long)
 .text._ZN14USBDeviceClass4sendEmPKvm
                0x00004ba0      0x110 c:\Personal\University\Code\C_CPP\Arduino_IDE\DBMAL\build/core\core.a(USBCore.cpp.o)
                0x00004ba0                USBDeviceClass::send(unsigned long, void const*, unsigned long)
 .text._ZN14USBDeviceClass7armSendEmPKvm
                0x00004cb0       0x48 c:\Personal\University\Code\C_CPP\Arduino_IDE\DBMAL\build/core\core.a(USBCore.cpp.o)
                0x00004cb0                USBDeviceClass::armSend(unsigned long, void const*, unsigned long)
 .text._ZN14USBDeviceClass11sendControlEPKvm
                0x00004cf8       0x54 c:\Personal\University\Code\C_CPP\Arduino_IDE\DBMAL\build/core\core.a(USBCore.cpp.o)
                0x00004cf8                USBDeviceClass::sendControl(void const*, unsigned long)
 .text._ZN14USBDeviceClass20sendStringDescriptorEPKhh
                0x00004d4c       0x68 c:\Personal\University\Code\C_CPP\Arduino_IDE\DBMAL\build/core\core.a(USBCore.cpp.o)
                0x00004d4c                USBDeviceClass::sendStringDescriptor(unsigned char const*, unsigned char)
 .text._ZN14USBDeviceClass17sendConfigurationEm
                0x00004db4       0x80 c:\Personal\University\Code\C_CPP\Arduino_IDE\DBMAL\build/core\core.a(USBCore.cpp.o)
                0x00004db4                USBDeviceClass::sendConfiguration(unsigned long)
 .text._ZN14USBDeviceClass14sendDescriptorER8USBSetup
                0x00004e34       0xf0 c:\Personal\University\Code\C_CPP\Arduino_IDE\DBMAL\build/core\core.a(USBCore.cpp.o)
                0x00004e34                USBDeviceClass::sendDescriptor(USBSetup&)
 .text._ZN14USBDeviceClass19handleStandardSetupER8USBSetup
                0x00004f24      0x104 c:\Personal\University\Code\C_CPP\Arduino_IDE\DBMAL\build/core\core.a(USBCore.cpp.o)
                0x00004f24                USBDeviceClass::handleStandardSetup(USBSetup&)
 .text._ZN14USBDeviceClass10ISRHandlerEv
                0x00005028      0x140 c:\Personal\University\Code\C_CPP\Arduino_IDE\DBMAL\build/core\core.a(USBCore.cpp.o)
                0x00005028                USBDeviceClass::ISRHandler()
 .text.UDD_Handler
                0x00005168       0x10 c:\Personal\University\Code\C_CPP\Arduino_IDE\DBMAL\build/core\core.a(USBCore.cpp.o)
                0x00005168                UDD_Handler
 .text.startup._GLOBAL__sub_I_usbd
                0x00005178       0x10 c:\Personal\University\Code\C_CPP\Arduino_IDE\DBMAL\build/core\core.a(USBCore.cpp.o)
 .text._ZN4UartcvbEv
                0x00005188        0x4 c:\Personal\University\Code\C_CPP\Arduino_IDE\DBMAL\build/core\core.a(Uart.cpp.o)
                0x00005188                Uart::operator bool()
 .text._ZN4Uart5beginEm
                0x0000518c       0x10 c:\Personal\University\Code\C_CPP\Arduino_IDE\DBMAL\build/core\core.a(Uart.cpp.o)
                0x0000518c                Uart::begin(unsigned long)
 .text._ZN4Uart4peekEv
                0x0000519c       0x1a c:\Personal\University\Code\C_CPP\Arduino_IDE\DBMAL\build/core\core.a(Uart.cpp.o)
                0x0000519c                Uart::peek()
 .text._ZN4Uart3endEv
                0x000051b6       0x20 c:\Personal\University\Code\C_CPP\Arduino_IDE\DBMAL\build/core\core.a(Uart.cpp.o)
                0x000051b6                Uart::end()
 .text._ZN4Uart16extractNbStopBitEt
                0x000051d6        0xc c:\Personal\University\Code\C_CPP\Arduino_IDE\DBMAL\build/core\core.a(Uart.cpp.o)
                0x000051d6                Uart::extractNbStopBit(unsigned short)
 .text._ZN4Uart15extractCharSizeEt
                0x000051e2       0x28 c:\Personal\University\Code\C_CPP\Arduino_IDE\DBMAL\build/core\core.a(Uart.cpp.o)
                0x000051e2                Uart::extractCharSize(unsigned short)
 .text._ZN4Uart13extractParityEt
                0x0000520a       0x14 c:\Personal\University\Code\C_CPP\Arduino_IDE\DBMAL\build/core\core.a(Uart.cpp.o)
                0x0000520a                Uart::extractParity(unsigned short)
 *fill*         0x0000521e        0x2 
 .text._ZN4Uart5beginEmt
                0x00005220       0xf8 c:\Personal\University\Code\C_CPP\Arduino_IDE\DBMAL\build/core\core.a(Uart.cpp.o)
                0x00005220                Uart::begin(unsigned long, unsigned short)
 .text._ZN11RingBufferNILi256EEC2Ev
                0x00005318       0x1c c:\Personal\University\Code\C_CPP\Arduino_IDE\DBMAL\build/core\core.a(Uart.cpp.o)
                0x00005318                RingBufferN<256>::RingBufferN()
                0x00005318                RingBufferN<256>::RingBufferN()
 .text._ZN4UartC2EP6SERCOMhh11SercomRXPad15SercomUartTXPad
                0x00005334       0x74 c:\Personal\University\Code\C_CPP\Arduino_IDE\DBMAL\build/core\core.a(Uart.cpp.o)
                0x00005334                Uart::Uart(SERCOM*, unsigned char, unsigned char, SercomRXPad, SercomUartTXPad)
                0x00005334                Uart::Uart(SERCOM*, unsigned char, unsigned char, SercomRXPad, SercomUartTXPad)
 .text._ZN11RingBufferNILi256EE17availableForStoreEv
                0x000053a8       0x20 c:\Personal\University\Code\C_CPP\Arduino_IDE\DBMAL\build/core\core.a(Uart.cpp.o)
                0x000053a8                RingBufferN<256>::availableForStore()
 .text._ZN4Uart17availableForWriteEv
                0x000053c8        0xc c:\Personal\University\Code\C_CPP\Arduino_IDE\DBMAL\build/core\core.a(Uart.cpp.o)
                0x000053c8                Uart::availableForWrite()
 .text._ZN4Uart4readEv
                0x000053d4       0x4c c:\Personal\University\Code\C_CPP\Arduino_IDE\DBMAL\build/core\core.a(Uart.cpp.o)
                0x000053d4                Uart::read()
 .text._ZN11RingBufferNILi256EE9availableEv
                0x00005420       0x12 c:\Personal\University\Code\C_CPP\Arduino_IDE\DBMAL\build/core\core.a(Uart.cpp.o)
                0x00005420                RingBufferN<256>::available()
 .text._ZN4Uart5flushEv
                0x00005432       0x1a c:\Personal\University\Code\C_CPP\Arduino_IDE\DBMAL\build/core\core.a(Uart.cpp.o)
                0x00005432                Uart::flush()
 .text._ZN4Uart9availableEv
                0x0000544c        0xa c:\Personal\University\Code\C_CPP\Arduino_IDE\DBMAL\build/core\core.a(Uart.cpp.o)
                0x0000544c                Uart::available()
 .text._ZN4Uart10IrqHandlerEv
                0x00005456       0xcc c:\Personal\University\Code\C_CPP\Arduino_IDE\DBMAL\build/core\core.a(Uart.cpp.o)
                0x00005456                Uart::IrqHandler()
 *fill*         0x00005522        0x2 
 .text._ZN4Uart5writeEh
                0x00005524       0xb4 c:\Personal\University\Code\C_CPP\Arduino_IDE\DBMAL\build/core\core.a(Uart.cpp.o)
                0x00005524                Uart::write(unsigned char)
 .text._Z6randoml
                0x000055d8       0x16 c:\Personal\University\Code\C_CPP\Arduino_IDE\DBMAL\build/core\core.a(WMath.cpp.o)
                0x000055d8                random(long)
 .text._Z6randomll
                0x000055ee       0x14 c:\Personal\University\Code\C_CPP\Arduino_IDE\DBMAL\build/core\core.a(WMath.cpp.o)
                0x000055ee                random(long, long)
 .text._Z3maplllll
                0x00005602       0x16 c:\Personal\University\Code\C_CPP\Arduino_IDE\DBMAL\build/core\core.a(WMath.cpp.o)
                0x00005602                map(long, long, long, long, long)
 .text.__cxa_pure_virtual
                0x00005618        0x2 c:\Personal\University\Code\C_CPP\Arduino_IDE\DBMAL\build/core\core.a(abi.cpp.o)
                0x00005618                __cxa_pure_virtual
 .text._Z11initVariantv
                0x0000561a        0x2 c:\Personal\University\Code\C_CPP\Arduino_IDE\DBMAL\build/core\core.a(main.cpp.o)
                0x0000561a                initVariant()
 .text._Z10_real_bodyv
                0x0000561c       0x20 c:\Personal\University\Code\C_CPP\Arduino_IDE\DBMAL\build/core\core.a(main.cpp.o)
                0x0000561c                _real_body()
 .text._Z10_wrap_bodyv
                0x0000563c        0x6 c:\Personal\University\Code\C_CPP\Arduino_IDE\DBMAL\build/core\core.a(main.cpp.o)
                0x0000563c                _wrap_body()
 *fill*         0x00005642        0x2 
 .text.startup.main
                0x00005644       0x30 c:\Personal\University\Code\C_CPP\Arduino_IDE\DBMAL\build/core\core.a(main.cpp.o)
                0x00005644                main
 .text._Znwj    0x00005674        0x8 c:\Personal\University\Code\C_CPP\Arduino_IDE\DBMAL\build/core\core.a(new.cpp.o)
                0x00005674                operator new(unsigned int)
 .text._ZdlPv   0x0000567c        0x8 c:\Personal\University\Code\C_CPP\Arduino_IDE\DBMAL\build/core\core.a(new.cpp.o)
                0x0000567c                operator delete(void*)
 .text._sbrk    0x00005684       0x3c c:\Personal\University\Code\C_CPP\Arduino_IDE\DBMAL\build/core\core.a(new.cpp.o)
                0x00005684                _sbrk
 .text._ZN5Print5writeEPKhj
                0x000056c0       0x28 c:\Personal\University\Code\C_CPP\Arduino_IDE\DBMAL\build/core\core.a(Print.cpp.o)
                0x000056c0                Print::write(unsigned char const*, unsigned int)
 .text._ZN13PluggableUSB_12getInterfaceEPh
                0x000056e8       0x28 c:\Personal\University\Code\C_CPP\Arduino_IDE\DBMAL\build/core\core.a(PluggableUSB.cpp.o)
                0x000056e8                PluggableUSB_::getInterface(unsigned char*)
 .text._ZN13PluggableUSB_13getDescriptorER8USBSetup
                0x00005710       0x20 c:\Personal\University\Code\C_CPP\Arduino_IDE\DBMAL\build/core\core.a(PluggableUSB.cpp.o)
                0x00005710                PluggableUSB_::getDescriptor(USBSetup&)
 .text._ZN13PluggableUSB_5setupER8USBSetup
                0x00005730       0x20 c:\Personal\University\Code\C_CPP\Arduino_IDE\DBMAL\build/core\core.a(PluggableUSB.cpp.o)
                0x00005730                PluggableUSB_::setup(USBSetup&)
 .text._ZN13PluggableUSB_14handleEndpointEi
                0x00005750       0x20 c:\Personal\University\Code\C_CPP\Arduino_IDE\DBMAL\build/core\core.a(PluggableUSB.cpp.o)
                0x00005750                PluggableUSB_::handleEndpoint(int)
 .text._Z12PluggableUSBv
                0x00005770       0x24 c:\Personal\University\Code\C_CPP\Arduino_IDE\DBMAL\build/core\core.a(PluggableUSB.cpp.o)
                0x00005770                PluggableUSB()
 .text._ZN20USBDevice_SAMD21G18x5resetEv
                0x00005794       0x2e c:\Personal\University\Code\C_CPP\Arduino_IDE\DBMAL\build/core\core.a(SAMD21_USBDevice.cpp.o)
                0x00005794                USBDevice_SAMD21G18x::reset()
 *fill*         0x000057c2        0x2 
 .text._ZN20USBDevice_SAMD21G18x9calibrateEv
                0x000057c4       0x60 c:\Personal\University\Code\C_CPP\Arduino_IDE\DBMAL\build/core\core.a(SAMD21_USBDevice.cpp.o)
                0x000057c4                USBDevice_SAMD21G18x::calibrate()
 .text.__aeabi_atexit
                0x00005824        0xe c:/users/administrator/appdata/local/arduino15/packages/seeeduino/tools/arm-none-eabi-gcc/7-2017q4/bin/../lib/gcc/arm-none-eabi/7.2.1/../../../../arm-none-eabi/lib/thumb/v6-m\libstdc++_nano.a(atexit_arm.o)
                0x00005824                __aeabi_atexit
 .text._ZdlPvj  0x00005832        0x8 c:/users/administrator/appdata/local/arduino15/packages/seeeduino/tools/arm-none-eabi-gcc/7-2017q4/bin/../lib/gcc/arm-none-eabi/7.2.1/../../../../arm-none-eabi/lib/thumb/v6-m\libstdc++_nano.a(del_ops.o)
                0x00005832                operator delete(void*, unsigned int)
 *fill*         0x0000583a        0x2 
 .text          0x0000583c       0x14 c:/users/administrator/appdata/local/arduino15/packages/seeeduino/tools/arm-none-eabi-gcc/7-2017q4/bin/../lib/gcc/arm-none-eabi/7.2.1/thumb/v6-m\libgcc.a(_thumb1_case_uqi.o)
                0x0000583c                __gnu_thumb1_case_uqi
 .text          0x00005850      0x114 c:/users/administrator/appdata/local/arduino15/packages/seeeduino/tools/arm-none-eabi-gcc/7-2017q4/bin/../lib/gcc/arm-none-eabi/7.2.1/thumb/v6-m\libgcc.a(_udivsi3.o)
                0x00005850                __aeabi_uidiv
                0x00005850                __udivsi3
                0x0000595c                __aeabi_uidivmod
 .text          0x00005964      0x1d4 c:/users/administrator/appdata/local/arduino15/packages/seeeduino/tools/arm-none-eabi-gcc/7-2017q4/bin/../lib/gcc/arm-none-eabi/7.2.1/thumb/v6-m\libgcc.a(_divsi3.o)
                0x00005964                __divsi3
                0x00005964                __aeabi_idiv
                0x00005b30                __aeabi_idivmod
 .text          0x00005b38        0x4 c:/users/administrator/appdata/local/arduino15/packages/seeeduino/tools/arm-none-eabi-gcc/7-2017q4/bin/../lib/gcc/arm-none-eabi/7.2.1/thumb/v6-m\libgcc.a(_dvmd_tls.o)
                0x00005b38                __aeabi_idiv0
                0x00005b38                __aeabi_ldiv0
 .text          0x00005b3c       0x7c c:/users/administrator/appdata/local/arduino15/packages/seeeduino/tools/arm-none-eabi-gcc/7-2017q4/bin/../lib/gcc/arm-none-eabi/7.2.1/thumb/v6-m\libgcc.a(_arm_cmpdf2.o)
                0x00005b3c                __aeabi_cdrcmple
                0x00005b4c                __aeabi_cdcmple
                0x00005b4c                __aeabi_cdcmpeq
                0x00005b5c                __aeabi_dcmpeq
                0x00005b68                __aeabi_dcmplt
                0x00005b7c                __aeabi_dcmple
                0x00005b90                __aeabi_dcmpgt
                0x00005ba4                __aeabi_dcmpge
 .text          0x00005bb8       0x74 c:/users/administrator/appdata/local/arduino15/packages/seeeduino/tools/arm-none-eabi-gcc/7-2017q4/bin/../lib/gcc/arm-none-eabi/7.2.1/thumb/v6-m\libgcc.a(_arm_cmpsf2.o)
                0x00005bb8                __aeabi_cfrcmple
                0x00005bc0                __aeabi_cfcmpeq
                0x00005bc0                __aeabi_cfcmple
                0x00005bd0                __aeabi_fcmpeq
                0x00005bdc                __aeabi_fcmplt
                0x00005bf0                __aeabi_fcmple
                0x00005c04                __aeabi_fcmpgt
                0x00005c18                __aeabi_fcmpge
 .text          0x00005c2c       0x3c c:/users/administrator/appdata/local/arduino15/packages/seeeduino/tools/arm-none-eabi-gcc/7-2017q4/bin/../lib/gcc/arm-none-eabi/7.2.1/thumb/v6-m\libgcc.a(_fixunsdfsi.o)
                0x00005c2c                __aeabi_d2uiz
                0x00005c2c                __fixunsdfsi
 .text          0x00005c68      0x224 c:/users/administrator/appdata/local/arduino15/packages/seeeduino/tools/arm-none-eabi-gcc/7-2017q4/bin/../lib/gcc/arm-none-eabi/7.2.1/thumb/v6-m\libgcc.a(divsf3.o)
                0x00005c68                __aeabi_fdiv
 .text          0x00005e8c       0x50 c:/users/administrator/appdata/local/arduino15/packages/seeeduino/tools/arm-none-eabi-gcc/7-2017q4/bin/../lib/gcc/arm-none-eabi/7.2.1/thumb/v6-m\libgcc.a(eqsf2.o)
                0x00005e8c                __eqsf2
                0x00005e8c                __nesf2
 .text          0x00005edc       0x9c c:/users/administrator/appdata/local/arduino15/packages/seeeduino/tools/arm-none-eabi-gcc/7-2017q4/bin/../lib/gcc/arm-none-eabi/7.2.1/thumb/v6-m\libgcc.a(gesf2.o)
                0x00005edc                __gesf2
                0x00005edc                __gtsf2
 .text          0x00005f78       0xa0 c:/users/administrator/appdata/local/arduino15/packages/seeeduino/tools/arm-none-eabi-gcc/7-2017q4/bin/../lib/gcc/arm-none-eabi/7.2.1/thumb/v6-m\libgcc.a(lesf2.o)
                0x00005f78                __ltsf2
                0x00005f78                __lesf2
 .text          0x00006018      0x264 c:/users/administrator/appdata/local/arduino15/packages/seeeduino/tools/arm-none-eabi-gcc/7-2017q4/bin/../lib/gcc/arm-none-eabi/7.2.1/thumb/v6-m\libgcc.a(mulsf3.o)
                0x00006018                __aeabi_fmul
 .text          0x0000627c      0x388 c:/users/administrator/appdata/local/arduino15/packages/seeeduino/tools/arm-none-eabi-gcc/7-2017q4/bin/../lib/gcc/arm-none-eabi/7.2.1/thumb/v6-m\libgcc.a(subsf3.o)
                0x0000627c                __aeabi_fsub
 .text          0x00006604       0x40 c:/users/administrator/appdata/local/arduino15/packages/seeeduino/tools/arm-none-eabi-gcc/7-2017q4/bin/../lib/gcc/arm-none-eabi/7.2.1/thumb/v6-m\libgcc.a(fixsfsi.o)
                0x00006604                __aeabi_f2iz
 .text          0x00006644       0x94 c:/users/administrator/appdata/local/arduino15/packages/seeeduino/tools/arm-none-eabi-gcc/7-2017q4/bin/../lib/gcc/arm-none-eabi/7.2.1/thumb/v6-m\libgcc.a(floatsisf.o)
                0x00006644                __aeabi_i2f
 .text          0x000066d8       0x80 c:/users/administrator/appdata/local/arduino15/packages/seeeduino/tools/arm-none-eabi-gcc/7-2017q4/bin/../lib/gcc/arm-none-eabi/7.2.1/thumb/v6-m\libgcc.a(floatunsisf.o)
                0x000066d8                __aeabi_ui2f
 .text          0x00006758      0x638 c:/users/administrator/appdata/local/arduino15/packages/seeeduino/tools/arm-none-eabi-gcc/7-2017q4/bin/../lib/gcc/arm-none-eabi/7.2.1/thumb/v6-m\libgcc.a(adddf3.o)
                0x00006758                __aeabi_dadd
 .text          0x00006d90      0x604 c:/users/administrator/appdata/local/arduino15/packages/seeeduino/tools/arm-none-eabi-gcc/7-2017q4/bin/../lib/gcc/arm-none-eabi/7.2.1/thumb/v6-m\libgcc.a(divdf3.o)
                0x00006d90                __aeabi_ddiv
 .text          0x00007394       0x78 c:/users/administrator/appdata/local/arduino15/packages/seeeduino/tools/arm-none-eabi-gcc/7-2017q4/bin/../lib/gcc/arm-none-eabi/7.2.1/thumb/v6-m\libgcc.a(eqdf2.o)
                0x00007394                __nedf2
                0x00007394                __eqdf2
 .text          0x0000740c       0xc8 c:/users/administrator/appdata/local/arduino15/packages/seeeduino/tools/arm-none-eabi-gcc/7-2017q4/bin/../lib/gcc/arm-none-eabi/7.2.1/thumb/v6-m\libgcc.a(gedf2.o)
                0x0000740c                __gedf2
                0x0000740c                __gtdf2
 .text          0x000074d4       0xd0 c:/users/administrator/appdata/local/arduino15/packages/seeeduino/tools/arm-none-eabi-gcc/7-2017q4/bin/../lib/gcc/arm-none-eabi/7.2.1/thumb/v6-m\libgcc.a(ledf2.o)
                0x000074d4                __ledf2
                0x000074d4                __ltdf2
 .text          0x000075a4      0x4e4 c:/users/administrator/appdata/local/arduino15/packages/seeeduino/tools/arm-none-eabi-gcc/7-2017q4/bin/../lib/gcc/arm-none-eabi/7.2.1/thumb/v6-m\libgcc.a(muldf3.o)
                0x000075a4                __aeabi_dmul
 .text          0x00007a88      0x690 c:/users/administrator/appdata/local/arduino15/packages/seeeduino/tools/arm-none-eabi-gcc/7-2017q4/bin/../lib/gcc/arm-none-eabi/7.2.1/thumb/v6-m\libgcc.a(subdf3.o)
                0x00007a88                __aeabi_dsub
 .text          0x00008118       0x38 c:/users/administrator/appdata/local/arduino15/packages/seeeduino/tools/arm-none-eabi-gcc/7-2017q4/bin/../lib/gcc/arm-none-eabi/7.2.1/thumb/v6-m\libgcc.a(unorddf2.o)
                0x00008118                __aeabi_dcmpun
 .text          0x00008150       0x6c c:/users/administrator/appdata/local/arduino15/packages/seeeduino/tools/arm-none-eabi-gcc/7-2017q4/bin/../lib/gcc/arm-none-eabi/7.2.1/thumb/v6-m\libgcc.a(fixdfsi.o)
                0x00008150                __aeabi_d2iz
 .text          0x000081bc       0x74 c:/users/administrator/appdata/local/arduino15/packages/seeeduino/tools/arm-none-eabi-gcc/7-2017q4/bin/../lib/gcc/arm-none-eabi/7.2.1/thumb/v6-m\libgcc.a(floatsidf.o)
                0x000081bc                __aeabi_i2d
 .text          0x00008230       0x64 c:/users/administrator/appdata/local/arduino15/packages/seeeduino/tools/arm-none-eabi-gcc/7-2017q4/bin/../lib/gcc/arm-none-eabi/7.2.1/thumb/v6-m\libgcc.a(floatunsidf.o)
                0x00008230                __aeabi_ui2d
 .text          0x00008294      0x108 c:/users/administrator/appdata/local/arduino15/packages/seeeduino/tools/arm-none-eabi-gcc/7-2017q4/bin/../lib/gcc/arm-none-eabi/7.2.1/thumb/v6-m\libgcc.a(truncdfsf2.o)
                0x00008294                __aeabi_d2f
 .text          0x0000839c       0x3c c:/users/administrator/appdata/local/arduino15/packages/seeeduino/tools/arm-none-eabi-gcc/7-2017q4/bin/../lib/gcc/arm-none-eabi/7.2.1/thumb/v6-m\libgcc.a(_clzsi2.o)
                0x0000839c                __clzsi2
 .text.__cxa_atexit
                0x000083d8       0x1c c:/users/administrator/appdata/local/arduino15/packages/seeeduino/tools/arm-none-eabi-gcc/7-2017q4/bin/../lib/gcc/arm-none-eabi/7.2.1/../../../../arm-none-eabi/lib/thumb/v6-m\libc_nano.a(lib_a-cxa_atexit.o)
                0x000083d8                __cxa_atexit
 .text.__libc_init_array
                0x000083f4       0x48 c:/users/administrator/appdata/local/arduino15/packages/seeeduino/tools/arm-none-eabi-gcc/7-2017q4/bin/../lib/gcc/arm-none-eabi/7.2.1/../../../../arm-none-eabi/lib/thumb/v6-m\libc_nano.a(lib_a-init.o)
                0x000083f4                __libc_init_array
 .text.malloc   0x0000843c       0x14 c:/users/administrator/appdata/local/arduino15/packages/seeeduino/tools/arm-none-eabi-gcc/7-2017q4/bin/../lib/gcc/arm-none-eabi/7.2.1/../../../../arm-none-eabi/lib/thumb/v6-m\libc_nano.a(lib_a-malloc.o)
                0x0000843c                malloc
 .text.free     0x00008450       0x14 c:/users/administrator/appdata/local/arduino15/packages/seeeduino/tools/arm-none-eabi-gcc/7-2017q4/bin/../lib/gcc/arm-none-eabi/7.2.1/../../../../arm-none-eabi/lib/thumb/v6-m\libc_nano.a(lib_a-malloc.o)
                0x00008450                free
 .text.memcpy   0x00008464       0x12 c:/users/administrator/appdata/local/arduino15/packages/seeeduino/tools/arm-none-eabi-gcc/7-2017q4/bin/../lib/gcc/arm-none-eabi/7.2.1/../../../../arm-none-eabi/lib/thumb/v6-m\libc_nano.a(lib_a-memcpy-stub.o)
                0x00008464                memcpy
 .text.memset   0x00008476       0x10 c:/users/administrator/appdata/local/arduino15/packages/seeeduino/tools/arm-none-eabi-gcc/7-2017q4/bin/../lib/gcc/arm-none-eabi/7.2.1/../../../../arm-none-eabi/lib/thumb/v6-m\libc_nano.a(lib_a-memset.o)
                0x00008476                memset
 *fill*         0x00008486        0x2 
 .text._free_r  0x00008488       0x94 c:/users/administrator/appdata/local/arduino15/packages/seeeduino/tools/arm-none-eabi-gcc/7-2017q4/bin/../lib/gcc/arm-none-eabi/7.2.1/../../../../arm-none-eabi/lib/thumb/v6-m\libc_nano.a(lib_a-nano-freer.o)
                0x00008488                _free_r
 .text._malloc_r
                0x0000851c       0xbc c:/users/administrator/appdata/local/arduino15/packages/seeeduino/tools/arm-none-eabi-gcc/7-2017q4/bin/../lib/gcc/arm-none-eabi/7.2.1/../../../../arm-none-eabi/lib/thumb/v6-m\libc_nano.a(lib_a-nano-mallocr.o)
                0x0000851c                _malloc_r
 .text.__cvt    0x000085d8       0xc8 c:/users/administrator/appdata/local/arduino15/packages/seeeduino/tools/arm-none-eabi-gcc/7-2017q4/bin/../lib/gcc/arm-none-eabi/7.2.1/../../../../arm-none-eabi/lib/thumb/v6-m\libc_nano.a(lib_a-nano-vfprintf_float.o)
                0x000085d8                __cvt
 .text.__exponent
                0x000086a0       0x70 c:/users/administrator/appdata/local/arduino15/packages/seeeduino/tools/arm-none-eabi-gcc/7-2017q4/bin/../lib/gcc/arm-none-eabi/7.2.1/../../../../arm-none-eabi/lib/thumb/v6-m\libc_nano.a(lib_a-nano-vfprintf_float.o)
                0x000086a0                __exponent
 .text._printf_float
                0x00008710      0x498 c:/users/administrator/appdata/local/arduino15/packages/seeeduino/tools/arm-none-eabi-gcc/7-2017q4/bin/../lib/gcc/arm-none-eabi/7.2.1/../../../../arm-none-eabi/lib/thumb/v6-m\libc_nano.a(lib_a-nano-vfprintf_float.o)
                0x00008710                _printf_float
 .text._printf_common
                0x00008ba8       0xda c:/users/administrator/appdata/local/arduino15/packages/seeeduino/tools/arm-none-eabi-gcc/7-2017q4/bin/../lib/gcc/arm-none-eabi/7.2.1/../../../../arm-none-eabi/lib/thumb/v6-m\libc_nano.a(lib_a-nano-vfprintf_i.o)
                0x00008ba8                _printf_common
 *fill*         0x00008c82        0x2 
 .text._printf_i
                0x00008c84      0x210 c:/users/administrator/appdata/local/arduino15/packages/seeeduino/tools/arm-none-eabi-gcc/7-2017q4/bin/../lib/gcc/arm-none-eabi/7.2.1/../../../../arm-none-eabi/lib/thumb/v6-m\libc_nano.a(lib_a-nano-vfprintf_i.o)
                0x00008c84                _printf_i
 .text._scanf_float
                0x00008e94      0x3fc c:/users/administrator/appdata/local/arduino15/packages/seeeduino/tools/arm-none-eabi-gcc/7-2017q4/bin/../lib/gcc/arm-none-eabi/7.2.1/../../../../arm-none-eabi/lib/thumb/v6-m\libc_nano.a(lib_a-nano-vfscanf_float.o)
                0x00008e94                _scanf_float
 .text.rand     0x00009290       0x64 c:/users/administrator/appdata/local/arduino15/packages/seeeduino/tools/arm-none-eabi-gcc/7-2017q4/bin/../lib/gcc/arm-none-eabi/7.2.1/../../../../arm-none-eabi/lib/thumb/v6-m\libc_nano.a(lib_a-rand.o)
                0x00009290                rand
 .text._sbrk_r  0x000092f4       0x24 c:/users/administrator/appdata/local/arduino15/packages/seeeduino/tools/arm-none-eabi-gcc/7-2017q4/bin/../lib/gcc/arm-none-eabi/7.2.1/../../../../arm-none-eabi/lib/thumb/v6-m\libc_nano.a(lib_a-sbrkr.o)
                0x000092f4                _sbrk_r
 .text.nanf     0x00009318        0x8 c:/users/administrator/appdata/local/arduino15/packages/seeeduino/tools/arm-none-eabi-gcc/7-2017q4/bin/../lib/gcc/arm-none-eabi/7.2.1/../../../../arm-none-eabi/lib/thumb/v6-m\libc_nano.a(lib_a-sf_nan.o)
                0x00009318                nanf
 .text.sprintf  0x00009320       0x40 c:/users/administrator/appdata/local/arduino15/packages/seeeduino/tools/arm-none-eabi-gcc/7-2017q4/bin/../lib/gcc/arm-none-eabi/7.2.1/../../../../arm-none-eabi/lib/thumb/v6-m\libc_nano.a(lib_a-sprintf.o)
                0x00009320                siprintf
                0x00009320                sprintf
 .text          0x00009360        0xe c:/users/administrator/appdata/local/arduino15/packages/seeeduino/tools/arm-none-eabi-gcc/7-2017q4/bin/../lib/gcc/arm-none-eabi/7.2.1/../../../../arm-none-eabi/lib/thumb/v6-m\libc_nano.a(lib_a-strlen.o)
                0x00009360                strlen
 *fill*         0x0000936e        0x2 
 .text.unlikely.sulp
                0x00009370       0x30 c:/users/administrator/appdata/local/arduino15/packages/seeeduino/tools/arm-none-eabi-gcc/7-2017q4/bin/../lib/gcc/arm-none-eabi/7.2.1/../../../../arm-none-eabi/lib/thumb/v6-m\libc_nano.a(lib_a-strtod.o)
 .text._strtod_l
                0x000093a0      0xc50 c:/users/administrator/appdata/local/arduino15/packages/seeeduino/tools/arm-none-eabi-gcc/7-2017q4/bin/../lib/gcc/arm-none-eabi/7.2.1/../../../../arm-none-eabi/lib/thumb/v6-m\libc_nano.a(lib_a-strtod.o)
                0x000093a0                _strtod_l
 .text._strtod_r
                0x00009ff0       0x1c c:/users/administrator/appdata/local/arduino15/packages/seeeduino/tools/arm-none-eabi-gcc/7-2017q4/bin/../lib/gcc/arm-none-eabi/7.2.1/../../../../arm-none-eabi/lib/thumb/v6-m\libc_nano.a(lib_a-strtod.o)
                0x00009ff0                _strtod_r
 .text._strtol_l.isra.0
                0x0000a00c      0x104 c:/users/administrator/appdata/local/arduino15/packages/seeeduino/tools/arm-none-eabi-gcc/7-2017q4/bin/../lib/gcc/arm-none-eabi/7.2.1/../../../../arm-none-eabi/lib/thumb/v6-m\libc_nano.a(lib_a-strtol.o)
 .text._strtol_r
                0x0000a110       0x20 c:/users/administrator/appdata/local/arduino15/packages/seeeduino/tools/arm-none-eabi-gcc/7-2017q4/bin/../lib/gcc/arm-none-eabi/7.2.1/../../../../arm-none-eabi/lib/thumb/v6-m\libc_nano.a(lib_a-strtol.o)
                0x0000a110                _strtol_r
 .text.quorem   0x0000a130      0x10c c:/users/administrator/appdata/local/arduino15/packages/seeeduino/tools/arm-none-eabi-gcc/7-2017q4/bin/../lib/gcc/arm-none-eabi/7.2.1/../../../../arm-none-eabi/lib/thumb/v6-m\libc_nano.a(lib_a-dtoa.o)
 .text._dtoa_r  0x0000a23c      0xbc0 c:/users/administrator/appdata/local/arduino15/packages/seeeduino/tools/arm-none-eabi-gcc/7-2017q4/bin/../lib/gcc/arm-none-eabi/7.2.1/../../../../arm-none-eabi/lib/thumb/v6-m\libc_nano.a(lib_a-dtoa.o)
                0x0000a23c                _dtoa_r
 .text.rshift   0x0000adfc       0x68 c:/users/administrator/appdata/local/arduino15/packages/seeeduino/tools/arm-none-eabi-gcc/7-2017q4/bin/../lib/gcc/arm-none-eabi/7.2.1/../../../../arm-none-eabi/lib/thumb/v6-m\libc_nano.a(lib_a-gdtoa-gethex.o)
 .text.__hexdig_fun
                0x0000ae64       0x2a c:/users/administrator/appdata/local/arduino15/packages/seeeduino/tools/arm-none-eabi-gcc/7-2017q4/bin/../lib/gcc/arm-none-eabi/7.2.1/../../../../arm-none-eabi/lib/thumb/v6-m\libc_nano.a(lib_a-gdtoa-gethex.o)
                0x0000ae64                __hexdig_fun
 .text.__gethex
                0x0000ae8e      0x456 c:/users/administrator/appdata/local/arduino15/packages/seeeduino/tools/arm-none-eabi-gcc/7-2017q4/bin/../lib/gcc/arm-none-eabi/7.2.1/../../../../arm-none-eabi/lib/thumb/v6-m\libc_nano.a(lib_a-gdtoa-gethex.o)
                0x0000ae8e                __gethex
 .text.L_shift  0x0000b2e4       0x24 c:/users/administrator/appdata/local/arduino15/packages/seeeduino/tools/arm-none-eabi-gcc/7-2017q4/bin/../lib/gcc/arm-none-eabi/7.2.1/../../../../arm-none-eabi/lib/thumb/v6-m\libc_nano.a(lib_a-gdtoa-hexnan.o)
 .text.__match  0x0000b308       0x28 c:/users/administrator/appdata/local/arduino15/packages/seeeduino/tools/arm-none-eabi-gcc/7-2017q4/bin/../lib/gcc/arm-none-eabi/7.2.1/../../../../arm-none-eabi/lib/thumb/v6-m\libc_nano.a(lib_a-gdtoa-hexnan.o)
                0x0000b308                __match
 .text.__hexnan
                0x0000b330      0x12e c:/users/administrator/appdata/local/arduino15/packages/seeeduino/tools/arm-none-eabi-gcc/7-2017q4/bin/../lib/gcc/arm-none-eabi/7.2.1/../../../../arm-none-eabi/lib/thumb/v6-m\libc_nano.a(lib_a-gdtoa-hexnan.o)
                0x0000b330                __hexnan
 .text.__locale_ctype_ptr_l
                0x0000b45e        0x6 c:/users/administrator/appdata/local/arduino15/packages/seeeduino/tools/arm-none-eabi-gcc/7-2017q4/bin/../lib/gcc/arm-none-eabi/7.2.1/../../../../arm-none-eabi/lib/thumb/v6-m\libc_nano.a(lib_a-locale.o)
                0x0000b45e                __locale_ctype_ptr_l
 .text.__localeconv_l
                0x0000b464        0x4 c:/users/administrator/appdata/local/arduino15/packages/seeeduino/tools/arm-none-eabi-gcc/7-2017q4/bin/../lib/gcc/arm-none-eabi/7.2.1/../../../../arm-none-eabi/lib/thumb/v6-m\libc_nano.a(lib_a-localeconv.o)
                0x0000b464                __localeconv_l
 .text._localeconv_r
                0x0000b468       0x18 c:/users/administrator/appdata/local/arduino15/packages/seeeduino/tools/arm-none-eabi-gcc/7-2017q4/bin/../lib/gcc/arm-none-eabi/7.2.1/../../../../arm-none-eabi/lib/thumb/v6-m\libc_nano.a(lib_a-localeconv.o)
                0x0000b468                _localeconv_r
 .text.__ascii_mbtowc
                0x0000b480       0x24 c:/users/administrator/appdata/local/arduino15/packages/seeeduino/tools/arm-none-eabi-gcc/7-2017q4/bin/../lib/gcc/arm-none-eabi/7.2.1/../../../../arm-none-eabi/lib/thumb/v6-m\libc_nano.a(lib_a-mbtowc_r.o)
                0x0000b480                __ascii_mbtowc
 .text.memchr   0x0000b4a4       0x16 c:/users/administrator/appdata/local/arduino15/packages/seeeduino/tools/arm-none-eabi-gcc/7-2017q4/bin/../lib/gcc/arm-none-eabi/7.2.1/../../../../arm-none-eabi/lib/thumb/v6-m\libc_nano.a(lib_a-memchr-stub.o)
                0x0000b4a4                memchr
 .text.__malloc_lock
                0x0000b4ba        0x2 c:/users/administrator/appdata/local/arduino15/packages/seeeduino/tools/arm-none-eabi-gcc/7-2017q4/bin/../lib/gcc/arm-none-eabi/7.2.1/../../../../arm-none-eabi/lib/thumb/v6-m\libc_nano.a(lib_a-mlock.o)
                0x0000b4ba                __malloc_lock
 .text.__malloc_unlock
                0x0000b4bc        0x2 c:/users/administrator/appdata/local/arduino15/packages/seeeduino/tools/arm-none-eabi-gcc/7-2017q4/bin/../lib/gcc/arm-none-eabi/7.2.1/../../../../arm-none-eabi/lib/thumb/v6-m\libc_nano.a(lib_a-mlock.o)
                0x0000b4bc                __malloc_unlock
 .text._Balloc  0x0000b4be       0x70 c:/users/administrator/appdata/local/arduino15/packages/seeeduino/tools/arm-none-eabi-gcc/7-2017q4/bin/../lib/gcc/arm-none-eabi/7.2.1/../../../../arm-none-eabi/lib/thumb/v6-m\libc_nano.a(lib_a-mprec.o)
                0x0000b4be                _Balloc
 .text._Bfree   0x0000b52e       0x32 c:/users/administrator/appdata/local/arduino15/packages/seeeduino/tools/arm-none-eabi-gcc/7-2017q4/bin/../lib/gcc/arm-none-eabi/7.2.1/../../../../arm-none-eabi/lib/thumb/v6-m\libc_nano.a(lib_a-mprec.o)
                0x0000b52e                _Bfree
 .text.__multadd
                0x0000b560       0x7c c:/users/administrator/appdata/local/arduino15/packages/seeeduino/tools/arm-none-eabi-gcc/7-2017q4/bin/../lib/gcc/arm-none-eabi/7.2.1/../../../../arm-none-eabi/lib/thumb/v6-m\libc_nano.a(lib_a-mprec.o)
                0x0000b560                __multadd
 .text.__s2b    0x0000b5dc       0x7c c:/users/administrator/appdata/local/arduino15/packages/seeeduino/tools/arm-none-eabi-gcc/7-2017q4/bin/../lib/gcc/arm-none-eabi/7.2.1/../../../../arm-none-eabi/lib/thumb/v6-m\libc_nano.a(lib_a-mprec.o)
                0x0000b5dc                __s2b
 .text.__hi0bits
                0x0000b658       0x34 c:/users/administrator/appdata/local/arduino15/packages/seeeduino/tools/arm-none-eabi-gcc/7-2017q4/bin/../lib/gcc/arm-none-eabi/7.2.1/../../../../arm-none-eabi/lib/thumb/v6-m\libc_nano.a(lib_a-mprec.o)
                0x0000b658                __hi0bits
 .text.__lo0bits
                0x0000b68c       0x5e c:/users/administrator/appdata/local/arduino15/packages/seeeduino/tools/arm-none-eabi-gcc/7-2017q4/bin/../lib/gcc/arm-none-eabi/7.2.1/../../../../arm-none-eabi/lib/thumb/v6-m\libc_nano.a(lib_a-mprec.o)
                0x0000b68c                __lo0bits
 .text.__i2b    0x0000b6ea       0x12 c:/users/administrator/appdata/local/arduino15/packages/seeeduino/tools/arm-none-eabi-gcc/7-2017q4/bin/../lib/gcc/arm-none-eabi/7.2.1/../../../../arm-none-eabi/lib/thumb/v6-m\libc_nano.a(lib_a-mprec.o)
                0x0000b6ea                __i2b
 .text.__multiply
                0x0000b6fc      0x11e c:/users/administrator/appdata/local/arduino15/packages/seeeduino/tools/arm-none-eabi-gcc/7-2017q4/bin/../lib/gcc/arm-none-eabi/7.2.1/../../../../arm-none-eabi/lib/thumb/v6-m\libc_nano.a(lib_a-mprec.o)
                0x0000b6fc                __multiply
 *fill*         0x0000b81a        0x2 
 .text.__pow5mult
                0x0000b81c       0xa4 c:/users/administrator/appdata/local/arduino15/packages/seeeduino/tools/arm-none-eabi-gcc/7-2017q4/bin/../lib/gcc/arm-none-eabi/7.2.1/../../../../arm-none-eabi/lib/thumb/v6-m\libc_nano.a(lib_a-mprec.o)
                0x0000b81c                __pow5mult
 .text.__lshift
                0x0000b8c0       0xa4 c:/users/administrator/appdata/local/arduino15/packages/seeeduino/tools/arm-none-eabi-gcc/7-2017q4/bin/../lib/gcc/arm-none-eabi/7.2.1/../../../../arm-none-eabi/lib/thumb/v6-m\libc_nano.a(lib_a-mprec.o)
                0x0000b8c0                __lshift
 .text.__mcmp   0x0000b964       0x34 c:/users/administrator/appdata/local/arduino15/packages/seeeduino/tools/arm-none-eabi-gcc/7-2017q4/bin/../lib/gcc/arm-none-eabi/7.2.1/../../../../arm-none-eabi/lib/thumb/v6-m\libc_nano.a(lib_a-mprec.o)
                0x0000b964                __mcmp
 .text.__mdiff  0x0000b998       0xc8 c:/users/administrator/appdata/local/arduino15/packages/seeeduino/tools/arm-none-eabi-gcc/7-2017q4/bin/../lib/gcc/arm-none-eabi/7.2.1/../../../../arm-none-eabi/lib/thumb/v6-m\libc_nano.a(lib_a-mprec.o)
                0x0000b998                __mdiff
 .text.__ulp    0x0000ba60       0x4c c:/users/administrator/appdata/local/arduino15/packages/seeeduino/tools/arm-none-eabi-gcc/7-2017q4/bin/../lib/gcc/arm-none-eabi/7.2.1/../../../../arm-none-eabi/lib/thumb/v6-m\libc_nano.a(lib_a-mprec.o)
                0x0000ba60                __ulp
 .text.__b2d    0x0000baac       0x98 c:/users/administrator/appdata/local/arduino15/packages/seeeduino/tools/arm-none-eabi-gcc/7-2017q4/bin/../lib/gcc/arm-none-eabi/7.2.1/../../../../arm-none-eabi/lib/thumb/v6-m\libc_nano.a(lib_a-mprec.o)
                0x0000baac                __b2d
 .text.__d2b    0x0000bb44       0xa8 c:/users/administrator/appdata/local/arduino15/packages/seeeduino/tools/arm-none-eabi-gcc/7-2017q4/bin/../lib/gcc/arm-none-eabi/7.2.1/../../../../arm-none-eabi/lib/thumb/v6-m\libc_nano.a(lib_a-mprec.o)
                0x0000bb44                __d2b
 .text.__ratio  0x0000bbec       0x4e c:/users/administrator/appdata/local/arduino15/packages/seeeduino/tools/arm-none-eabi-gcc/7-2017q4/bin/../lib/gcc/arm-none-eabi/7.2.1/../../../../arm-none-eabi/lib/thumb/v6-m\libc_nano.a(lib_a-mprec.o)
                0x0000bbec                __ratio
 .text.__copybits
                0x0000bc3a       0x2c c:/users/administrator/appdata/local/arduino15/packages/seeeduino/tools/arm-none-eabi-gcc/7-2017q4/bin/../lib/gcc/arm-none-eabi/7.2.1/../../../../arm-none-eabi/lib/thumb/v6-m\libc_nano.a(lib_a-mprec.o)
                0x0000bc3a                __copybits
 .text.__any_on
                0x0000bc66       0x44 c:/users/administrator/appdata/local/arduino15/packages/seeeduino/tools/arm-none-eabi-gcc/7-2017q4/bin/../lib/gcc/arm-none-eabi/7.2.1/../../../../arm-none-eabi/lib/thumb/v6-m\libc_nano.a(lib_a-mprec.o)
                0x0000bc66                __any_on
 .text._calloc_r
                0x0000bcaa       0x1c c:/users/administrator/appdata/local/arduino15/packages/seeeduino/tools/arm-none-eabi-gcc/7-2017q4/bin/../lib/gcc/arm-none-eabi/7.2.1/../../../../arm-none-eabi/lib/thumb/v6-m\libc_nano.a(lib_a-nano-callocr.o)
                0x0000bcaa                _calloc_r
 *fill*         0x0000bcc6        0x2 
 .text.__ssputs_r
                0x0000bcc8       0xc4 c:/users/administrator/appdata/local/arduino15/packages/seeeduino/tools/arm-none-eabi-gcc/7-2017q4/bin/../lib/gcc/arm-none-eabi/7.2.1/../../../../arm-none-eabi/lib/thumb/v6-m\libc_nano.a(lib_a-nano-svfprintf.o)
                0x0000bcc8                __ssputs_r
 .text._svfprintf_r
                0x0000bd8c      0x1fc c:/users/administrator/appdata/local/arduino15/packages/seeeduino/tools/arm-none-eabi-gcc/7-2017q4/bin/../lib/gcc/arm-none-eabi/7.2.1/../../../../arm-none-eabi/lib/thumb/v6-m\libc_nano.a(lib_a-nano-svfprintf.o)
                0x0000bd8c                _svfiprintf_r
                0x0000bd8c                _svfprintf_r
 .text.strncmp  0x0000bf88       0x22 c:/users/administrator/appdata/local/arduino15/packages/seeeduino/tools/arm-none-eabi-gcc/7-2017q4/bin/../lib/gcc/arm-none-eabi/7.2.1/../../../../arm-none-eabi/lib/thumb/v6-m\libc_nano.a(lib_a-strncmp.o)
                0x0000bf88                strncmp
 .text.__ascii_wctomb
                0x0000bfaa       0x18 c:/users/administrator/appdata/local/arduino15/packages/seeeduino/tools/arm-none-eabi-gcc/7-2017q4/bin/../lib/gcc/arm-none-eabi/7.2.1/../../../../arm-none-eabi/lib/thumb/v6-m\libc_nano.a(lib_a-wctomb_r.o)
                0x0000bfaa                __ascii_wctomb
 .text.memmove  0x0000bfc2       0x26 c:/users/administrator/appdata/local/arduino15/packages/seeeduino/tools/arm-none-eabi-gcc/7-2017q4/bin/../lib/gcc/arm-none-eabi/7.2.1/../../../../arm-none-eabi/lib/thumb/v6-m\libc_nano.a(lib_a-memmove.o)
                0x0000bfc2                memmove
 .text._realloc_r
                0x0000bfe8       0x4c c:/users/administrator/appdata/local/arduino15/packages/seeeduino/tools/arm-none-eabi-gcc/7-2017q4/bin/../lib/gcc/arm-none-eabi/7.2.1/../../../../arm-none-eabi/lib/thumb/v6-m\libc_nano.a(lib_a-nano-reallocr.o)
                0x0000bfe8                _realloc_r
 .text._malloc_usable_size_r
                0x0000c034       0x10 c:/users/administrator/appdata/local/arduino15/packages/seeeduino/tools/arm-none-eabi-gcc/7-2017q4/bin/../lib/gcc/arm-none-eabi/7.2.1/../../../../arm-none-eabi/lib/thumb/v6-m\libc_nano.a(lib_a-nano-msizer.o)
                0x0000c034                _malloc_usable_size_r
 .text          0x0000c044       0x54 c:/users/administrator/appdata/local/arduino15/packages/seeeduino/tools/arm-none-eabi-gcc/7-2017q4/bin/../lib/gcc/arm-none-eabi/7.2.1/thumb/v6-m\libgcc.a(_muldi3.o)
                0x0000c044                __muldi3
                0x0000c044                __aeabi_lmul
 *(.init)
 .init          0x0000c098        0x4 c:/users/administrator/appdata/local/arduino15/packages/seeeduino/tools/arm-none-eabi-gcc/7-2017q4/bin/../lib/gcc/arm-none-eabi/7.2.1/thumb/v6-m/crti.o
                0x0000c098                _init
 .init          0x0000c09c        0x8 c:/users/administrator/appdata/local/arduino15/packages/seeeduino/tools/arm-none-eabi-gcc/7-2017q4/bin/../lib/gcc/arm-none-eabi/7.2.1/thumb/v6-m/crtn.o
 *(.fini)
 .fini          0x0000c0a4        0x4 c:/users/administrator/appdata/local/arduino15/packages/seeeduino/tools/arm-none-eabi-gcc/7-2017q4/bin/../lib/gcc/arm-none-eabi/7.2.1/thumb/v6-m/crti.o
                0x0000c0a4                _fini
 .fini          0x0000c0a8        0x8 c:/users/administrator/appdata/local/arduino15/packages/seeeduino/tools/arm-none-eabi-gcc/7-2017q4/bin/../lib/gcc/arm-none-eabi/7.2.1/thumb/v6-m/crtn.o
 *crtbegin.o(.ctors)
 *crtbegin?.o(.ctors)
 *(EXCLUDE_FILE(*crtend.o *crtend?.o) .ctors)
 *(SORT_BY_NAME(.ctors.*))
 *(.ctors)
 *crtbegin.o(.dtors)
 *crtbegin?.o(.dtors)
 *(EXCLUDE_FILE(*crtend.o *crtend?.o) .dtors)
 *(SORT_BY_NAME(.dtors.*))
 *(.dtors)
 *(.rodata*)
 .rodata._ZTV14CLEDController
                0x0000c0b0       0x20 c:\Personal\University\Code\C_CPP\Arduino_IDE\DBMAL\build\sketch\Strip.cpp.o
                0x0000c0b0                vtable for CLEDController
 .rodata._ZTV6WS2812ILh1EL6EOrder66EE
                0x0000c0d0       0x24 c:\Personal\University\Code\C_CPP\Arduino_IDE\DBMAL\build\sketch\Strip.cpp.o
                0x0000c0d0                vtable for WS2812<(unsigned char)1, (EOrder)66>
 .rodata._ZTV6WS2812ILh2EL6EOrder66EE
                0x0000c0f4       0x24 c:\Personal\University\Code\C_CPP\Arduino_IDE\DBMAL\build\sketch\Strip.cpp.o
                0x0000c0f4                vtable for WS2812<(unsigned char)2, (EOrder)66>
 .rodata._ZTV6WS2812ILh8EL6EOrder66EE
                0x0000c118       0x24 c:\Personal\University\Code\C_CPP\Arduino_IDE\DBMAL\build\sketch\Strip.cpp.o
                0x0000c118                vtable for WS2812<(unsigned char)8, (EOrder)66>
 .rodata.g_APinDescription
                0x0000c13c      0x198 c:\Personal\University\Code\C_CPP\Arduino_IDE\DBMAL\build\core\variant.cpp.o
                0x0000c13c                g_APinDescription
 .rodata._ZL10sercomData
                0x0000c2d4       0x30 c:\Personal\University\Code\C_CPP\Arduino_IDE\DBMAL\build/core\core.a(SERCOM.cpp.o)
 .rodata._ZTV7Serial_
                0x0000c304       0x28 c:\Personal\University\Code\C_CPP\Arduino_IDE\DBMAL\build/core\core.a(CDC.cpp.o)
                0x0000c304                vtable for Serial_
 .rodata._ZTV26DoubleBufferedEPOutHandler
                0x0000c32c       0x28 c:\Personal\University\Code\C_CPP\Arduino_IDE\DBMAL\build/core\core.a(USBCore.cpp.o)
                0x0000c32c                vtable for DoubleBufferedEPOutHandler
 .rodata._ZL14STRING_PRODUCT
                0x0000c354        0xe c:\Personal\University\Code\C_CPP\Arduino_IDE\DBMAL\build/core\core.a(USBCore.cpp.o)
 .rodata._ZL15STRING_LANGUAGE
                0x0000c362        0x4 c:\Personal\University\Code\C_CPP\Arduino_IDE\DBMAL\build/core\core.a(USBCore.cpp.o)
 .rodata._ZL19STRING_MANUFACTURER
                0x0000c366        0x6 c:\Personal\University\Code\C_CPP\Arduino_IDE\DBMAL\build/core\core.a(USBCore.cpp.o)
 .rodata._ZL20USB_DeviceDescriptor
                0x0000c36c       0x12 c:\Personal\University\Code\C_CPP\Arduino_IDE\DBMAL\build/core\core.a(USBCore.cpp.o)
 .rodata._ZL21USB_DeviceDescriptorB
                0x0000c37e       0x12 c:\Personal\University\Code\C_CPP\Arduino_IDE\DBMAL\build/core\core.a(USBCore.cpp.o)
 .rodata._ZTV4Uart
                0x0000c390       0x34 c:\Personal\University\Code\C_CPP\Arduino_IDE\DBMAL\build/core\core.a(Uart.cpp.o)
                0x0000c390                vtable for Uart
 .rodata        0x0000c3c4       0x80 c:/users/administrator/appdata/local/arduino15/packages/seeeduino/tools/arm-none-eabi-gcc/7-2017q4/bin/../lib/gcc/arm-none-eabi/7.2.1/thumb/v6-m\libgcc.a(divsf3.o)
 .rodata        0x0000c444       0x40 c:/users/administrator/appdata/local/arduino15/packages/seeeduino/tools/arm-none-eabi-gcc/7-2017q4/bin/../lib/gcc/arm-none-eabi/7.2.1/thumb/v6-m\libgcc.a(mulsf3.o)
 .rodata        0x0000c484       0x40 c:/users/administrator/appdata/local/arduino15/packages/seeeduino/tools/arm-none-eabi-gcc/7-2017q4/bin/../lib/gcc/arm-none-eabi/7.2.1/thumb/v6-m\libgcc.a(divdf3.o)
 .rodata        0x0000c4c4       0x40 c:/users/administrator/appdata/local/arduino15/packages/seeeduino/tools/arm-none-eabi-gcc/7-2017q4/bin/../lib/gcc/arm-none-eabi/7.2.1/thumb/v6-m\libgcc.a(muldf3.o)
 .rodata._printf_float.str1.1
                0x0000c504       0x12 c:/users/administrator/appdata/local/arduino15/packages/seeeduino/tools/arm-none-eabi-gcc/7-2017q4/bin/../lib/gcc/arm-none-eabi/7.2.1/../../../../arm-none-eabi/lib/thumb/v6-m\libc_nano.a(lib_a-nano-vfprintf_float.o)
 .rodata._printf_i.str1.1
                0x0000c516       0x22 c:/users/administrator/appdata/local/arduino15/packages/seeeduino/tools/arm-none-eabi-gcc/7-2017q4/bin/../lib/gcc/arm-none-eabi/7.2.1/../../../../arm-none-eabi/lib/thumb/v6-m\libc_nano.a(lib_a-nano-vfprintf_i.o)
 .rodata._scanf_float.str1.1
                0x0000c538        0x5 c:/users/administrator/appdata/local/arduino15/packages/seeeduino/tools/arm-none-eabi-gcc/7-2017q4/bin/../lib/gcc/arm-none-eabi/7.2.1/../../../../arm-none-eabi/lib/thumb/v6-m\libc_nano.a(lib_a-nano-vfscanf_float.o)
 .rodata._strtod_l.str1.1
                0x0000c53d        0x5 c:/users/administrator/appdata/local/arduino15/packages/seeeduino/tools/arm-none-eabi-gcc/7-2017q4/bin/../lib/gcc/arm-none-eabi/7.2.1/../../../../arm-none-eabi/lib/thumb/v6-m\libc_nano.a(lib_a-strtod.o)
                                  0xc (size before relaxing)
 *fill*         0x0000c53d        0x3 
 .rodata.fpi.6156
                0x0000c540       0x14 c:/users/administrator/appdata/local/arduino15/packages/seeeduino/tools/arm-none-eabi-gcc/7-2017q4/bin/../lib/gcc/arm-none-eabi/7.2.1/../../../../arm-none-eabi/lib/thumb/v6-m\libc_nano.a(lib_a-strtod.o)
 .rodata.fpinan.6192
                0x0000c554       0x14 c:/users/administrator/appdata/local/arduino15/packages/seeeduino/tools/arm-none-eabi-gcc/7-2017q4/bin/../lib/gcc/arm-none-eabi/7.2.1/../../../../arm-none-eabi/lib/thumb/v6-m\libc_nano.a(lib_a-strtod.o)
 .rodata.tinytens
                0x0000c568       0x28 c:/users/administrator/appdata/local/arduino15/packages/seeeduino/tools/arm-none-eabi-gcc/7-2017q4/bin/../lib/gcc/arm-none-eabi/7.2.1/../../../../arm-none-eabi/lib/thumb/v6-m\libc_nano.a(lib_a-strtod.o)
 .rodata._dtoa_r.str1.1
                0x0000c590        0xd c:/users/administrator/appdata/local/arduino15/packages/seeeduino/tools/arm-none-eabi-gcc/7-2017q4/bin/../lib/gcc/arm-none-eabi/7.2.1/../../../../arm-none-eabi/lib/thumb/v6-m\libc_nano.a(lib_a-dtoa.o)
                                  0xf (size before relaxing)
 *fill*         0x0000c59d        0x3 
 .rodata.__sf_fake_stderr
                0x0000c5a0       0x20 c:/users/administrator/appdata/local/arduino15/packages/seeeduino/tools/arm-none-eabi-gcc/7-2017q4/bin/../lib/gcc/arm-none-eabi/7.2.1/../../../../arm-none-eabi/lib/thumb/v6-m\libc_nano.a(lib_a-findfp.o)
                0x0000c5a0                __sf_fake_stderr
 .rodata.__sf_fake_stdin
                0x0000c5c0       0x20 c:/users/administrator/appdata/local/arduino15/packages/seeeduino/tools/arm-none-eabi-gcc/7-2017q4/bin/../lib/gcc/arm-none-eabi/7.2.1/../../../../arm-none-eabi/lib/thumb/v6-m\libc_nano.a(lib_a-findfp.o)
                0x0000c5c0                __sf_fake_stdin
 .rodata.__sf_fake_stdout
                0x0000c5e0       0x20 c:/users/administrator/appdata/local/arduino15/packages/seeeduino/tools/arm-none-eabi-gcc/7-2017q4/bin/../lib/gcc/arm-none-eabi/7.2.1/../../../../arm-none-eabi/lib/thumb/v6-m\libc_nano.a(lib_a-findfp.o)
                0x0000c5e0                __sf_fake_stdout
 .rodata._setlocale_r.str1.1
                0x0000c600        0x8 c:/users/administrator/appdata/local/arduino15/packages/seeeduino/tools/arm-none-eabi-gcc/7-2017q4/bin/../lib/gcc/arm-none-eabi/7.2.1/../../../../arm-none-eabi/lib/thumb/v6-m\libc_nano.a(lib_a-locale.o)
                                  0x9 (size before relaxing)
 .rodata.str1.1
                0x0000c608        0x2 c:/users/administrator/appdata/local/arduino15/packages/seeeduino/tools/arm-none-eabi-gcc/7-2017q4/bin/../lib/gcc/arm-none-eabi/7.2.1/../../../../arm-none-eabi/lib/thumb/v6-m\libc_nano.a(lib_a-locale.o)
 *fill*         0x0000c60a        0x6 
 .rodata.__mprec_bigtens
                0x0000c610       0x28 c:/users/administrator/appdata/local/arduino15/packages/seeeduino/tools/arm-none-eabi-gcc/7-2017q4/bin/../lib/gcc/arm-none-eabi/7.2.1/../../../../arm-none-eabi/lib/thumb/v6-m\libc_nano.a(lib_a-mprec.o)
                0x0000c610                __mprec_bigtens
 .rodata.__mprec_tens
                0x0000c638       0xc8 c:/users/administrator/appdata/local/arduino15/packages/seeeduino/tools/arm-none-eabi-gcc/7-2017q4/bin/../lib/gcc/arm-none-eabi/7.2.1/../../../../arm-none-eabi/lib/thumb/v6-m\libc_nano.a(lib_a-mprec.o)
                0x0000c638                __mprec_tens
 .rodata.p05.6084
                0x0000c700        0xc c:/users/administrator/appdata/local/arduino15/packages/seeeduino/tools/arm-none-eabi-gcc/7-2017q4/bin/../lib/gcc/arm-none-eabi/7.2.1/../../../../arm-none-eabi/lib/thumb/v6-m\libc_nano.a(lib_a-mprec.o)
 .rodata._svfprintf_r.str1.1
                0x0000c70c       0x11 c:/users/administrator/appdata/local/arduino15/packages/seeeduino/tools/arm-none-eabi-gcc/7-2017q4/bin/../lib/gcc/arm-none-eabi/7.2.1/../../../../arm-none-eabi/lib/thumb/v6-m\libc_nano.a(lib_a-nano-svfprintf.o)
 .rodata._ctype_
                0x0000c71d      0x101 c:/users/administrator/appdata/local/arduino15/packages/seeeduino/tools/arm-none-eabi-gcc/7-2017q4/bin/../lib/gcc/arm-none-eabi/7.2.1/../../../../arm-none-eabi/lib/thumb/v6-m\libc_nano.a(lib_a-ctype_.o)
                0x0000c71d                _ctype_
 *(.eh_frame*)
 *fill*         0x0000c81e        0x2 
 .eh_frame      0x0000c820        0x0 c:/users/administrator/appdata/local/arduino15/packages/seeeduino/tools/arm-none-eabi-gcc/7-2017q4/bin/../lib/gcc/arm-none-eabi/7.2.1/thumb/v6-m/crtbegin.o
 .eh_frame      0x0000c820        0x4 c:/users/administrator/appdata/local/arduino15/packages/seeeduino/tools/arm-none-eabi-gcc/7-2017q4/bin/../lib/gcc/arm-none-eabi/7.2.1/thumb/v6-m/crtend.o

.glue_7         0x0000c824        0x0
 .glue_7        0x0000c824        0x0 linker stubs

.glue_7t        0x0000c824        0x0
 .glue_7t       0x0000c824        0x0 linker stubs

.vfp11_veneer   0x0000c824        0x0
 .vfp11_veneer  0x0000c824        0x0 linker stubs

.v4_bx          0x0000c824        0x0
 .v4_bx         0x0000c824        0x0 linker stubs

.iplt           0x0000c824        0x0
 .iplt          0x0000c824        0x0 c:/users/administrator/appdata/local/arduino15/packages/seeeduino/tools/arm-none-eabi-gcc/7-2017q4/bin/../lib/gcc/arm-none-eabi/7.2.1/thumb/v6-m/crtbegin.o

.rel.dyn        0x0000c824        0x0
 .rel.iplt      0x0000c824        0x0 c:/users/administrator/appdata/local/arduino15/packages/seeeduino/tools/arm-none-eabi-gcc/7-2017q4/bin/../lib/gcc/arm-none-eabi/7.2.1/thumb/v6-m/crtbegin.o

.ARM.extab
 *(.ARM.extab* .gnu.linkonce.armextab.*)
                0x0000c824                __exidx_start = .

.ARM.exidx
 *(.ARM.exidx* .gnu.linkonce.armexidx.*)
                0x0000c824                __exidx_end = .
                0x0000c824                __etext = .

.data           0x20000000      0x278 load address 0x0000c824
                0x20000000                __data_start__ = .
 *(vtable)
 *(.data*)
 .data          0x20000000        0x4 c:/users/administrator/appdata/local/arduino15/packages/seeeduino/tools/arm-none-eabi-gcc/7-2017q4/bin/../lib/gcc/arm-none-eabi/7.2.1/thumb/v6-m/crtbegin.o
                0x20000000                __dso_handle
 .data._ZZN5Strip7MM_DuskEvE5H_Max
                0x20000004        0x4 c:\Personal\University\Code\C_CPP\Arduino_IDE\DBMAL\build\sketch\Strip.cpp.o
                0x20000004                Strip::MM_Dusk()::H_Max
 .data.SystemCoreClock
                0x20000008        0x4 c:\Personal\University\Code\C_CPP\Arduino_IDE\DBMAL\build/core\core.a(wiring.c.o)
                0x20000008                SystemCoreClock
 .data._ZL5ticks
                0x2000000c        0x4 c:\Personal\University\Code\C_CPP\Arduino_IDE\DBMAL\build/core\core.a(Reset.cpp.o)
 .data._ZL10breakValue
                0x20000010        0x4 c:\Personal\University\Code\C_CPP\Arduino_IDE\DBMAL\build/core\core.a(CDC.cpp.o)
 .data._ZL12_usbLineInfo
                0x20000014        0x8 c:\Personal\University\Code\C_CPP\Arduino_IDE\DBMAL\build/core\core.a(CDC.cpp.o)
 .data._ZL13_cdcInterface
                0x2000001c       0x42 c:\Personal\University\Code\C_CPP\Arduino_IDE\DBMAL\build/core\core.a(CDC.cpp.o)
 *fill*         0x2000005e        0x2 
 .data._serialPeek
                0x20000060        0x4 c:\Personal\University\Code\C_CPP\Arduino_IDE\DBMAL\build/core\core.a(CDC.cpp.o)
                0x20000060                _serialPeek
 .data.EndPoints
                0x20000064       0x28 c:\Personal\University\Code\C_CPP\Arduino_IDE\DBMAL\build/core\core.a(USBCore.cpp.o)
                0x20000064                EndPoints
 .data._impure_ptr
                0x2000008c        0x4 c:/users/administrator/appdata/local/arduino15/packages/seeeduino/tools/arm-none-eabi-gcc/7-2017q4/bin/../lib/gcc/arm-none-eabi/7.2.1/../../../../arm-none-eabi/lib/thumb/v6-m\libc_nano.a(lib_a-impure.o)
                0x2000008c                _impure_ptr
 .data.impure_data
                0x20000090       0x60 c:/users/administrator/appdata/local/arduino15/packages/seeeduino/tools/arm-none-eabi-gcc/7-2017q4/bin/../lib/gcc/arm-none-eabi/7.2.1/../../../../arm-none-eabi/lib/thumb/v6-m\libc_nano.a(lib_a-impure.o)
 .data.__global_locale