Archive member included to satisfy reference by file (symbol)

c:\Personal\University\Code\C_CPP\Arduino_IDE\DBML\build/core\core.a(cortex_handlers.c.o)
                              (Reset_Handler)
c:\Personal\University\Code\C_CPP\Arduino_IDE\DBML\build/core\core.a(delay.c.o)
                              c:\Personal\University\Code\C_CPP\Arduino_IDE\DBML\build\sketch\DBML.ino.cpp.o (millis)
c:\Personal\University\Code\C_CPP\Arduino_IDE\DBML\build/core\core.a(hooks.c.o)
                              c:\Personal\University\Code\C_CPP\Arduino_IDE\DBML\build\libraries\FastLED\FastLED.cpp.o (yield)
c:\Personal\University\Code\C_CPP\Arduino_IDE\DBML\build/core\core.a(startup.c.o)
                              c:\Personal\University\Code\C_CPP\Arduino_IDE\DBML\build/core\core.a(cortex_handlers.c.o) (SystemInit)
c:\Personal\University\Code\C_CPP\Arduino_IDE\DBML\build/core\core.a(wiring.c.o)
                              c:\Personal\University\Code\C_CPP\Arduino_IDE\DBML\build/core\core.a(startup.c.o) (SystemCoreClock)
c:\Personal\University\Code\C_CPP\Arduino_IDE\DBML\build/core\core.a(wiring_analog.c.o)
                              c:\Personal\University\Code\C_CPP\Arduino_IDE\DBML\build/core\core.a(wiring.c.o) (analogReference)
c:\Personal\University\Code\C_CPP\Arduino_IDE\DBML\build/core\core.a(wiring_digital.c.o)
                              c:\Personal\University\Code\C_CPP\Arduino_IDE\DBML\build\sketch\DBML.ino.cpp.o (pinMode)
c:\Personal\University\Code\C_CPP\Arduino_IDE\DBML\build/core\core.a(wiring_private.c.o)
                              c:\Personal\University\Code\C_CPP\Arduino_IDE\DBML\build/core\core.a(wiring_analog.c.o) (mapResolution)
c:\Personal\University\Code\C_CPP\Arduino_IDE\DBML\build/core\core.a(Reset.cpp.o)
                              c:\Personal\University\Code\C_CPP\Arduino_IDE\DBML\build/core\core.a(delay.c.o) (tickReset)
c:\Personal\University\Code\C_CPP\Arduino_IDE\DBML\build/core\core.a(Retarget.cpp.o)
                              (__wrap__write)
c:\Personal\University\Code\C_CPP\Arduino_IDE\DBML\build/core\core.a(SERCOM.cpp.o)
                              c:\Personal\University\Code\C_CPP\Arduino_IDE\DBML\build\core\variant.cpp.o (SERCOM::SERCOM(Sercom*))
c:\Personal\University\Code\C_CPP\Arduino_IDE\DBML\build/core\core.a(Uart.cpp.o)
                              c:\Personal\University\Code\C_CPP\Arduino_IDE\DBML\build\core\variant.cpp.o (Uart::Uart(SERCOM*, unsigned char, unsigned char, SercomRXPad, SercomUartTXPad))
c:\Personal\University\Code\C_CPP\Arduino_IDE\DBML\build/core\core.a(WMath.cpp.o)
                              c:\Personal\University\Code\C_CPP\Arduino_IDE\DBML\build\sketch\DBML.ino.cpp.o (randomSeed(unsigned long))
c:\Personal\University\Code\C_CPP\Arduino_IDE\DBML\build/core\core.a(abi.cpp.o)
                              c:\Personal\University\Code\C_CPP\Arduino_IDE\DBML\build\sketch\DBML.ino.cpp.o (__cxa_pure_virtual)
c:\Personal\University\Code\C_CPP\Arduino_IDE\DBML\build/core\core.a(main.cpp.o)
                              c:/users/administrator/appdata/local/arduino15/packages/seeeduino/tools/arm-none-eabi-gcc/7-2017q4/bin/../lib/gcc/arm-none-eabi/7.2.1/../../../../arm-none-eabi/lib/thumb/v6-m/crt0.o (main)
c:\Personal\University\Code\C_CPP\Arduino_IDE\DBML\build/core\core.a(Print.cpp.o)
                              c:\Personal\University\Code\C_CPP\Arduino_IDE\DBML\build/core\core.a(Uart.cpp.o) (Print::write(unsigned char const*, unsigned int))
c:\Personal\University\Code\C_CPP\Arduino_IDE\DBML\build/core\core.a(USBCore.cpp.o)
                              c:\Personal\University\Code\C_CPP\Arduino_IDE\DBML\build/core\core.a(main.cpp.o) (USBDeviceClass::init())
c:\Personal\University\Code\C_CPP\Arduino_IDE\DBML\build/core\core.a(new.cpp.o)
                              c:\Personal\University\Code\C_CPP\Arduino_IDE\DBML\build/core\core.a(USBCore.cpp.o) (operator new(unsigned int))
c:\Personal\University\Code\C_CPP\Arduino_IDE\DBML\build/core\core.a(CDC.cpp.o)
                              c:\Personal\University\Code\C_CPP\Arduino_IDE\DBML\build/core\core.a(USBCore.cpp.o) (CDC_GetInterface(unsigned char*))
c:\Personal\University\Code\C_CPP\Arduino_IDE\DBML\build/core\core.a(PluggableUSB.cpp.o)
                              c:\Personal\University\Code\C_CPP\Arduino_IDE\DBML\build/core\core.a(USBCore.cpp.o) (PluggableUSB_::getInterface(unsigned char*))
c:\Personal\University\Code\C_CPP\Arduino_IDE\DBML\build/core\core.a(SAMD21_USBDevice.cpp.o)
                              c:\Personal\University\Code\C_CPP\Arduino_IDE\DBML\build/core\core.a(USBCore.cpp.o) (USBDevice_SAMD21G18x::reset())
c:/users/administrator/appdata/local/arduino15/packages/seeeduino/tools/arm-none-eabi-gcc/7-2017q4/bin/../lib/gcc/arm-none-eabi/7.2.1/../../../../arm-none-eabi/lib/thumb/v6-m\libstdc++_nano.a(atexit_arm.o)
                              c:\Personal\University\Code\C_CPP\Arduino_IDE\DBML\build\sketch\DBML.ino.cpp.o (__aeabi_atexit)
[...]
Memory Configuration

Name             Origin             Length             Attributes
FLASH            0x00002000         0x0003e000         xr
RAM              0x20000000         0x00008000         xrw
*default*        0x00000000         0xffffffff

Linker script and memory map

LOAD c:/users/administrator/appdata/local/arduino15/packages/seeeduino/tools/arm-none-eabi-gcc/7-2017q4/bin/../lib/gcc/arm-none-eabi/7.2.1/thumb/v6-m/crti.o
LOAD c:/users/administrator/appdata/local/arduino15/packages/seeeduino/tools/arm-none-eabi-gcc/7-2017q4/bin/../lib/gcc/arm-none-eabi/7.2.1/thumb/v6-m/crtbegin.o
LOAD c:/users/administrator/appdata/local/arduino15/packages/seeeduino/tools/arm-none-eabi-gcc/7-2017q4/bin/../lib/gcc/arm-none-eabi/7.2.1/../../../../arm-none-eabi/lib/thumb/v6-m/crt0.o
LOAD c:\Personal\University\Code\C_CPP\Arduino_IDE\DBML\build\sketch\DBML.ino.cpp.o
LOAD c:\Personal\University\Code\C_CPP\Arduino_IDE\DBML\build\libraries\FastLED\FastLED.cpp.o
LOAD c:\Personal\University\Code\C_CPP\Arduino_IDE\DBML\build\libraries\FastLED\bitswap.cpp.o
LOAD c:\Personal\University\Code\C_CPP\Arduino_IDE\DBML\build\libraries\FastLED\colorpalettes.cpp.o
LOAD c:\Personal\University\Code\C_CPP\Arduino_IDE\DBML\build\libraries\FastLED\colorutils.cpp.o
LOAD c:\Personal\University\Code\C_CPP\Arduino_IDE\DBML\build\libraries\FastLED\hsv2rgb.cpp.o
LOAD c:\Personal\University\Code\C_CPP\Arduino_IDE\DBML\build\libraries\FastLED\lib8tion.cpp.o
LOAD c:\Personal\University\Code\C_CPP\Arduino_IDE\DBML\build\libraries\FastLED\noise.cpp.o
LOAD c:\Personal\University\Code\C_CPP\Arduino_IDE\DBML\build\libraries\FastLED\platforms.cpp.o
LOAD c:\Personal\University\Code\C_CPP\Arduino_IDE\DBML\build\libraries\FastLED\power_mgt.cpp.o
LOAD c:\Personal\University\Code\C_CPP\Arduino_IDE\DBML\build\libraries\FastLED\wiring.cpp.o
LOAD c:\Personal\University\Code\C_CPP\Arduino_IDE\DBML\build\libraries\FastLED\platforms\esp\32\clockless_rmt_esp32.cpp.o
LOAD c:\Personal\University\Code\C_CPP\Arduino_IDE\DBML\build\core\variant.cpp.o
START GROUP
LOAD C:\Users\Administrator\AppData\Local\Arduino15\packages\Seeeduino\tools\CMSIS\5.4.0/CMSIS/Lib/GCC/\libarm_cortexM0l_math.a
LOAD c:\Personal\University\Code\C_CPP\Arduino_IDE\DBML\build/core\core.a
END GROUP
LOAD c:/users/administrator/appdata/local/arduino15/packages/seeeduino/tools/arm-none-eabi-gcc/7-2017q4/bin/../lib/gcc/arm-none-eabi/7.2.1/../../../../arm-none-eabi/lib/thumb/v6-m\libstdc++_nano.a
LOAD c:/users/administrator/appdata/local/arduino15/packages/seeeduino/tools/arm-none-eabi-gcc/7-2017q4/bin/../lib/gcc/arm-none-eabi/7.2.1/../../../../arm-none-eabi/lib/thumb/v6-m\libm.a
START GROUP
LOAD c:/users/administrator/appdata/local/arduino15/packages/seeeduino/tools/arm-none-eabi-gcc/7-2017q4/bin/../lib/gcc/arm-none-eabi/7.2.1/thumb/v6-m\libgcc.a
LOAD c:/users/administrator/appdata/local/arduino15/packages/seeeduino/tools/arm-none-eabi-gcc/7-2017q4/bin/../lib/gcc/arm-none-eabi/7.2.1/../../../../arm-none-eabi/lib/thumb/v6-m\libc_nano.a
END GROUP
START GROUP
LOAD c:/users/administrator/appdata/local/arduino15/packages/seeeduino/tools/arm-none-eabi-gcc/7-2017q4/bin/../lib/gcc/arm-none-eabi/7.2.1/thumb/v6-m\libgcc.a
LOAD c:/users/administrator/appdata/local/arduino15/packages/seeeduino/tools/arm-none-eabi-gcc/7-2017q4/bin/../lib/gcc/arm-none-eabi/7.2.1/../../../../arm-none-eabi/lib/thumb/v6-m\libc_nano.a
LOAD c:/users/administrator/appdata/local/arduino15/packages/seeeduino/tools/arm-none-eabi-gcc/7-2017q4/bin/../lib/gcc/arm-none-eabi/7.2.1/../../../../arm-none-eabi/lib/thumb/v6-m\libnosys.a
END GROUP
START GROUP
LOAD c:/users/administrator/appdata/local/arduino15/packages/seeeduino/tools/arm-none-eabi-gcc/7-2017q4/bin/../lib/gcc/arm-none-eabi/7.2.1/thumb/v6-m\libgcc.a
LOAD c:/users/administrator/appdata/local/arduino15/packages/seeeduino/tools/arm-none-eabi-gcc/7-2017q4/bin/../lib/gcc/arm-none-eabi/7.2.1/../../../../arm-none-eabi/lib/thumb/v6-m\libc_nano.a
LOAD c:/users/administrator/appdata/local/arduino15/packages/seeeduino/tools/arm-none-eabi-gcc/7-2017q4/bin/../lib/gcc/arm-none-eabi/7.2.1/../../../../arm-none-eabi/lib/thumb/v6-m\libnosys.a
END GROUP
LOAD c:/users/administrator/appdata/local/arduino15/packages/seeeduino/tools/arm-none-eabi-gcc/7-2017q4/bin/../lib/gcc/arm-none-eabi/7.2.1/thumb/v6-m/crtend.o
LOAD c:/users/administrator/appdata/local/arduino15/packages/seeeduino/tools/arm-none-eabi-gcc/7-2017q4/bin/../lib/gcc/arm-none-eabi/7.2.1/thumb/v6-m/crtn.o

.text           0x00002000     0xa294
                0x00002000                __text_start__ = .
 *(.isr_vector)
 .isr_vector    0x00002000       0xb4 c:\Personal\University\Code\C_CPP\Arduino_IDE\DBML\build/core\core.a(cortex_handlers.c.o)
                0x00002000                exception_table
 *(.text*)
 .text          0x000020b4       0x48 c:/users/administrator/appdata/local/arduino15/packages/seeeduino/tools/arm-none-eabi-gcc/7-2017q4/bin/../lib/gcc/arm-none-eabi/7.2.1/thumb/v6-m/crtbegin.o
 .text._ZN14CLEDController4sizeEv
                0x000020fc        0x4 c:\Personal\University\Code\C_CPP\Arduino_IDE\DBML\build\sketch\DBML.ino.cpp.o
                0x000020fc                CLEDController::size()
 .text._ZN14CLEDController9clearLedsEi
                0x00002100       0x1e c:\Personal\University\Code\C_CPP\Arduino_IDE\DBML\build\sketch\DBML.ino.cpp.o
                0x00002100                CLEDController::clearLeds(int)
 .text._ZNK14CLEDController17getMaxRefreshRateEv
                0x0000211e        0x4 c:\Personal\University\Code\C_CPP\Arduino_IDE\DBML\build\sketch\DBML.ino.cpp.o
                0x0000211e                CLEDController::getMaxRefreshRate() const
 .text._ZN18SAMDTimerInterruptD2Ev
                0x00002122        0x2 c:\Personal\University\Code\C_CPP\Arduino_IDE\DBML\build\sketch\DBML.ino.cpp.o
                0x00002122                SAMDTimerInterrupt::~SAMDTimerInterrupt()
                0x00002122                SAMDTimerInterrupt::~SAMDTimerInterrupt()
 .text._ZNK19ClocklessControllerILh8ELi12ELi30ELi18EL6EOrder66ELi0ELb0ELi50EE17getMaxRefreshRateEv
                0x00002124        0x6 c:\Personal\University\Code\C_CPP\Arduino_IDE\DBML\build\sketch\DBML.ino.cpp.o
                0x00002124                ClocklessController<(unsigned char)8, 12, 30, 18, (EOrder)66, 0, false, 50>::getMaxRefreshRate() const
 .text._ZNK19ClocklessControllerILh7ELi12ELi30ELi18EL6EOrder66ELi0ELb0ELi50EE17getMaxRefreshRateEv
                0x0000212a        0x6 c:\Personal\University\Code\C_CPP\Arduino_IDE\DBML\build\sketch\DBML.ino.cpp.o
                0x0000212a                ClocklessController<(unsigned char)7, 12, 30, 18, (EOrder)66, 0, false, 50>::getMaxRefreshRate() const
 .text._ZNK19ClocklessControllerILh6ELi12ELi30ELi18EL6EOrder66ELi0ELb0ELi50EE17getMaxRefreshRateEv
                0x00002130        0x6 c:\Personal\University\Code\C_CPP\Arduino_IDE\DBML\build\sketch\DBML.ino.cpp.o
                0x00002130                ClocklessController<(unsigned char)6, 12, 30, 18, (EOrder)66, 0, false, 50>::getMaxRefreshRate() const
 *fill*         0x00002136        0x2 
 .text._ZN19ClocklessControllerILh8ELi12ELi30ELi18EL6EOrder66ELi0ELb0ELi50EE4initEv
                0x00002138       0x1c c:\Personal\University\Code\C_CPP\Arduino_IDE\DBML\build\sketch\DBML.ino.cpp.o
                0x00002138                ClocklessController<(unsigned char)8, 12, 30, 18, (EOrder)66, 0, false, 50>::init()
 .text._ZN19ClocklessControllerILh7ELi12ELi30ELi18EL6EOrder66ELi0ELb0ELi50EE4initEv
                0x00002154       0x1c c:\Personal\University\Code\C_CPP\Arduino_IDE\DBML\build\sketch\DBML.ino.cpp.o
                0x00002154                ClocklessController<(unsigned char)7, 12, 30, 18, (EOrder)66, 0, false, 50>::init()
 .text._ZN19ClocklessControllerILh6ELi12ELi30ELi18EL6EOrder66ELi0ELb0ELi50EE4initEv
                0x00002170       0x1c c:\Personal\University\Code\C_CPP\Arduino_IDE\DBML\build\sketch\DBML.ino.cpp.o
                0x00002170                ClocklessController<(unsigned char)6, 12, 30, 18, (EOrder)66, 0, false, 50>::init()
 .text._ZN14CLEDControllerC2Ev
                0x0000218c       0x3c c:\Personal\University\Code\C_CPP\Arduino_IDE\DBML\build\sketch\DBML.ino.cpp.o
                0x0000218c                CLEDController::CLEDController()
                0x0000218c                CLEDController::CLEDController()
 .text.TC3_Handler
                0x000021c8       0x24 c:\Personal\University\Code\C_CPP\Arduino_IDE\DBML\build\sketch\DBML.ino.cpp.o
                0x000021c8                TC3_Handler
 .text.TCC0_Handler
                0x000021ec       0x34 c:\Personal\University\Code\C_CPP\Arduino_IDE\DBML\build\sketch\DBML.ino.cpp.o
                0x000021ec                TCC0_Handler
 .text._ZN18SAMDTimerInterrupt19setPeriod_TIMER_TC3Em
                0x00002220      0x150 c:\Personal\University\Code\C_CPP\Arduino_IDE\DBML\build\sketch\DBML.ino.cpp.o
                0x00002220                SAMDTimerInterrupt::setPeriod_TIMER_TC3(unsigned long)
 .text._ZN18SAMDTimerInterrupt19setPeriod_TIMER_TCCEm
                0x00002370      0x138 c:\Personal\University\Code\C_CPP\Arduino_IDE\DBML\build\sketch\DBML.ino.cpp.o
                0x00002370                SAMDTimerInterrupt::setPeriod_TIMER_TCC(unsigned long)
 .text.loop     0x000024a8       0x14 c:\Personal\University\Code\C_CPP\Arduino_IDE\DBML\build\sketch\DBML.ino.cpp.o
                0x000024a8                loop
 .text._Z11Switch_Initv
                0x000024bc        0xc c:\Personal\University\Code\C_CPP\Arduino_IDE\DBML\build\sketch\DBML.ino.cpp.o
                0x000024bc                Switch_Init()
 .text._Z19Switch_State_Updatev
                0x000024c8       0x54 c:\Personal\University\Code\C_CPP\Arduino_IDE\DBML\build\sketch\DBML.ino.cpp.o
                0x000024c8                Switch_State_Update()
 .text._Z10Strip_Initv
                0x0000251c       0xdc c:\Personal\University\Code\C_CPP\Arduino_IDE\DBML\build\sketch\DBML.ino.cpp.o
                0x0000251c                Strip_Init()
 .text.setup    0x000025f8      0x158 c:\Personal\University\Code\C_CPP\Arduino_IDE\DBML\build\sketch\DBML.ino.cpp.o
                0x000025f8                setup
 .text._Z17Strip_Update_Fadea
                0x00002750       0x8c c:\Personal\University\Code\C_CPP\Arduino_IDE\DBML\build\sketch\DBML.ino.cpp.o
                0x00002750                Strip_Update_Fade(signed char)
 .text._Z11Strip_Closev
                0x000027dc       0x38 c:\Personal\University\Code\C_CPP\Arduino_IDE\DBML\build\sketch\DBML.ino.cpp.o
                0x000027dc                Strip_Close()
 .text._Z11Strip_Solidv
                0x00002814       0x3c c:\Personal\University\Code\C_CPP\Arduino_IDE\DBML\build\sketch\DBML.ino.cpp.o
                0x00002814                Strip_Solid()
 .text._Z7MM_Duskv
                0x00002850       0x88 c:\Personal\University\Code\C_CPP\Arduino_IDE\DBML\build\sketch\DBML.ino.cpp.o
                0x00002850                MM_Dusk()
 .text._Z8MM_Discos
                0x000028d8       0x8c c:\Personal\University\Code\C_CPP\Arduino_IDE\DBML\build\sketch\DBML.ino.cpp.o
                0x000028d8                MM_Disco(short)
 .text._Z12Strip_Miragea
                0x00002964       0x1a c:\Personal\University\Code\C_CPP\Arduino_IDE\DBML\build\sketch\DBML.ino.cpp.o
                0x00002964                Strip_Mirage(signed char)
 .text._Z11Strip_Musicas
                0x0000297e        0xe c:\Personal\University\Code\C_CPP\Arduino_IDE\DBML\build\sketch\DBML.ino.cpp.o
                0x0000297e                Strip_Music(signed char, short)
 .text._Z10DBML_Eventv
                0x0000298c       0x64 c:\Personal\University\Code\C_CPP\Arduino_IDE\DBML\build\sketch\DBML.ino.cpp.o
                0x0000298c                DBML_Event()
 .text._ZN8CMinWaitILi50EE4waitEv
                0x000029f0       0x14 c:\Personal\University\Code\C_CPP\Arduino_IDE\DBML\build\sketch\DBML.ino.cpp.o
                0x000029f0                CMinWait<50>::wait()
 .text._ZN15PixelControllerIL6EOrder66ELi1ELm4294967295EEC2ERKS1_
                0x00002a04       0x40 c:\Personal\University\Code\C_CPP\Arduino_IDE\DBML\build\sketch\DBML.ino.cpp.o
                0x00002a04                PixelController<(EOrder)66, 1, 4294967295ul>::PixelController(PixelController<(EOrder)66, 1, 4294967295ul> const&)
                0x00002a04                PixelController<(EOrder)66, 1, 4294967295ul>::PixelController(PixelController<(EOrder)66, 1, 4294967295ul> const&)
 .text._Z11showLedDataILi8ELi4ELi12ELi30ELi18EL6EOrder66ELi50EEiPVmmPKhmP15M0ClocklessData
                0x00002a44      0x4f4 c:\Personal\University\Code\C_CPP\Arduino_IDE\DBML\build\sketch\DBML.ino.cpp.o
                0x00002a44                int showLedData<8, 4, 12, 30, 18, (EOrder)66, 50>(unsigned long volatile*, unsigned long, unsigned char const*, unsigned long, M0ClocklessData*)
 .text._ZN19ClocklessControllerILh6ELi12ELi30ELi18EL6EOrder66ELi0ELb0ELi50EE15showRGBInternalE15PixelControllerILS0_66ELi1ELm4294967295EE
                0x00002f38       0x44 c:\Personal\University\Code\C_CPP\Arduino_IDE\DBML\build\sketch\DBML.ino.cpp.o
                0x00002f38                ClocklessController<(unsigned char)6, 12, 30, 18, (EOrder)66, 0, false, 50>::showRGBInternal(PixelController<(EOrder)66, 1, 4294967295ul>)
 .text._ZN19ClocklessControllerILh6ELi12ELi30ELi18EL6EOrder66ELi0ELb0ELi50EE10showPixelsER15PixelControllerILS0_66ELi1ELm4294967295EE
                0x00002f7c       0x48 c:\Personal\University\Code\C_CPP\Arduino_IDE\DBML\build\sketch\DBML.ino.cpp.o
                0x00002f7c                ClocklessController<(unsigned char)6, 12, 30, 18, (EOrder)66, 0, false, 50>::showPixels(PixelController<(EOrder)66, 1, 4294967295ul>&)
 .text._ZN19ClocklessControllerILh8ELi12ELi30ELi18EL6EOrder66ELi0ELb0ELi50EE15showRGBInternalE15PixelControllerILS0_66ELi1ELm4294967295EE
                0x00002fc4       0x44 c:\Personal\University\Code\C_CPP\Arduino_IDE\DBML\build\sketch\DBML.ino.cpp.o
                0x00002fc4                ClocklessController<(unsigned char)8, 12, 30, 18, (EOrder)66, 0, false, 50>::showRGBInternal(PixelController<(EOrder)66, 1, 4294967295ul>)
 .text._ZN19ClocklessControllerILh8ELi12ELi30ELi18EL6EOrder66ELi0ELb0ELi50EE10showPixelsER15PixelControllerILS0_66ELi1ELm4294967295EE
                0x00003008       0x48 c:\Personal\University\Code\C_CPP\Arduino_IDE\DBML\build\sketch\DBML.ino.cpp.o
                0x00003008                ClocklessController<(unsigned char)8, 12, 30, 18, (EOrder)66, 0, false, 50>::showPixels(PixelController<(EOrder)66, 1, 4294967295ul>&)
 .text._ZN19ClocklessControllerILh7ELi12ELi30ELi18EL6EOrder66ELi0ELb0ELi50EE15showRGBInternalE15PixelControllerILS0_66ELi1ELm4294967295EE
                0x00003050       0x44 c:\Personal\University\Code\C_CPP\Arduino_IDE\DBML\build\sketch\DBML.ino.cpp.o
                0x00003050                ClocklessController<(unsigned char)7, 12, 30, 18, (EOrder)66, 0, false, 50>::showRGBInternal(PixelController<(EOrder)66, 1, 4294967295ul>)
 .text._ZN19ClocklessControllerILh7ELi12ELi30ELi18EL6EOrder66ELi0ELb0ELi50EE10showPixelsER15PixelControllerILS0_66ELi1ELm4294967295EE
                0x00003094       0x48 c:\Personal\University\Code\C_CPP\Arduino_IDE\DBML\build\sketch\DBML.ino.cpp.o
                0x00003094                ClocklessController<(unsigned char)7, 12, 30, 18, (EOrder)66, 0, false, 50>::showPixels(PixelController<(EOrder)66, 1, 4294967295ul>&)
 .text._ZN15PixelControllerIL6EOrder66ELi1ELm4294967295EE21init_binary_ditheringEv
                0x000030dc       0x70 c:\Personal\University\Code\C_CPP\Arduino_IDE\DBML\build\sketch\DBML.ino.cpp.o
                0x000030dc                PixelController<(EOrder)66, 1, 4294967295ul>::init_binary_dithering()
 .text._ZN19CPixelLEDControllerIL6EOrder66ELi1ELm4294967295EE4showEPK4CRGBiS2_
                0x0000314c       0x46 c:\Personal\University\Code\C_CPP\Arduino_IDE\DBML\build\sketch\DBML.ino.cpp.o
                0x0000314c                CPixelLEDController<(EOrder)66, 1, 4294967295ul>::show(CRGB const*, int, CRGB)
 .text._ZN19CPixelLEDControllerIL6EOrder66ELi1ELm4294967295EE9showColorERK4CRGBiS2_
                0x00003192       0x44 c:\Personal\University\Code\C_CPP\Arduino_IDE\DBML\build\sketch\DBML.ino.cpp.o
                0x00003192                CPixelLEDController<(EOrder)66, 1, 4294967295ul>::showColor(CRGB const&, int, CRGB)
 *fill*         0x000031d6        0x2 
 .text.startup._GLOBAL__sub_I_TC3_callback
                0x000031d8       0x2c c:\Personal\University\Code\C_CPP\Arduino_IDE\DBML\build\sketch\DBML.ino.cpp.o
 .text._ZN14CLEDController17computeAdjustmentEhRK4CRGBS2_
                0x00003204       0x48 c:\Personal\University\Code\C_CPP\Arduino_IDE\DBML\build\libraries\FastLED\FastLED.cpp.o
                0x00003204                CLEDController::computeAdjustment(unsigned char, CRGB const&, CRGB const&)
 .text._ZN8CFastLED7addLedsEP14CLEDControllerP4CRGBii
                0x0000324c       0x50 c:\Personal\University\Code\C_CPP\Arduino_IDE\DBML\build\libraries\FastLED\FastLED.cpp.o
                0x0000324c                CFastLED::addLeds(CLEDController*, CRGB*, int, int)
 .text._ZN8CFastLED8countFPSEi
                0x0000329c       0x40 c:\Personal\University\Code\C_CPP\Arduino_IDE\DBML\build\libraries\FastLED\FastLED.cpp.o
                0x0000329c                CFastLED::countFPS(int)
 .text._ZN8CFastLED4showEh
                0x000032dc       0xa4 c:\Personal\University\Code\C_CPP\Arduino_IDE\DBML\build\libraries\FastLED\FastLED.cpp.o
                0x000032dc                CFastLED::show(unsigned char)
 .text.startup._GLOBAL__sub_I_pSmartMatrix
                0x00003380       0x18 c:\Personal\University\Code\C_CPP\Arduino_IDE\DBML\build\libraries\FastLED\FastLED.cpp.o
 .text._Z15hsv2rgb_rainbowRK4CHSVR4CRGB
                0x00003398      0x144 c:\Personal\University\Code\C_CPP\Arduino_IDE\DBML\build\libraries\FastLED\hsv2rgb.cpp.o
                0x00003398                hsv2rgb_rainbow(CHSV const&, CRGB&)
 .text.SERCOM4_Handler
                0x000034dc       0x10 c:\Personal\University\Code\C_CPP\Arduino_IDE\DBML\build\core\variant.cpp.o
                0x000034dc                SERCOM4_Handler
 .text.startup._GLOBAL__sub_I_g_APinDescription
                0x000034ec       0x80 c:\Personal\University\Code\C_CPP\Arduino_IDE\DBML\build\core\variant.cpp.o
 .text.Dummy_Handler
                0x0000356c        0x2 c:\Personal\University\Code\C_CPP\Arduino_IDE\DBML\build/core\core.a(cortex_handlers.c.o)
                0x0000356c                DMAC_Handler
                0x0000356c                HardFault_Handler
                0x0000356c                AC_Handler
                0x0000356c                PendSV_Handler
                0x0000356c                NMI_Handler
                0x0000356c                TC7_Handler
                0x0000356c                SERCOM1_Handler
                0x0000356c                ADC_Handler
                0x0000356c                TCC1_Handler
                0x0000356c                SERCOM2_Handler
                0x0000356c                RTC_Handler
                0x0000356c                EIC_Handler
                0x0000356c                TC6_Handler
                0x0000356c                WDT_Handler
                0x0000356c                TC4_Handler
                0x0000356c                Dummy_Handler
                0x0000356c                PM_Handler
                0x0000356c                SERCOM5_Handler
                0x0000356c                SVC_Handler
                0x0000356c                TCC2_Handler
                0x0000356c                EVSYS_Handler
                0x0000356c                SERCOM3_Handler
                0x0000356c                I2S_Handler
                0x0000356c                NVMCTRL_Handler
                0x0000356c                SERCOM0_Handler
                0x0000356c                DAC_Handler
                0x0000356c                PTC_Handler
                0x0000356c                SYSCTRL_Handler
 *fill*         0x0000356e        0x2 
 .text.USB_Handler
                0x00003570       0x14 c:\Personal\University\Code\C_CPP\Arduino_IDE\DBML\build/core\core.a(cortex_handlers.c.o)
                0x00003570                USB_Handler
 .text.Reset_Handler
                0x00003584       0x54 c:\Personal\University\Code\C_CPP\Arduino_IDE\DBML\build/core\core.a(cortex_handlers.c.o)
                0x00003584                Reset_Handler
 .text.SysTick_Handler
                0x000035d8       0x10 c:\Personal\University\Code\C_CPP\Arduino_IDE\DBML\build/core\core.a(cortex_handlers.c.o)
                0x000035d8                SysTick_Handler
 .text.USB_SetHandler
                0x000035e8        0xc c:\Personal\University\Code\C_CPP\Arduino_IDE\DBML\build/core\core.a(cortex_handlers.c.o)
                0x000035e8                USB_SetHandler
 .text.millis   0x000035f4        0xc c:\Personal\University\Code\C_CPP\Arduino_IDE\DBML\build/core\core.a(delay.c.o)
                0x000035f4                millis
 .text.micros   0x00003600       0x60 c:\Personal\University\Code\C_CPP\Arduino_IDE\DBML\build/core\core.a(delay.c.o)
                0x00003600                micros
 .text._real_delay
                0x00003660       0x30 c:\Personal\University\Code\C_CPP\Arduino_IDE\DBML\build/core\core.a(delay.c.o)
                0x00003660                _real_delay
                0x00003660                delay
 .text.SysTick_DefaultHandler
                0x00003690       0x14 c:\Personal\University\Code\C_CPP\Arduino_IDE\DBML\build/core\core.a(delay.c.o)
                0x00003690                SysTick_DefaultHandler
 .text.__empty  0x000036a4        0x2 c:\Personal\University\Code\C_CPP\Arduino_IDE\DBML\build/core\core.a(hooks.c.o)
                0x000036a4                yield
 .text.__false  0x000036a6        0x4 c:\Personal\University\Code\C_CPP\Arduino_IDE\DBML\build/core\core.a(hooks.c.o)
                0x000036a6                sysTickHook
 *fill*         0x000036aa        0x2 
 .text.SystemInit
                0x000036ac      0x160 c:\Personal\University\Code\C_CPP\Arduino_IDE\DBML\build/core\core.a(startup.c.o)
                0x000036ac                SystemInit
 .text.init     0x0000380c       0xe0 c:\Personal\University\Code\C_CPP\Arduino_IDE\DBML\build/core\core.a(wiring.c.o)
                0x0000380c                init
 .text.analogReference
                0x000038ec       0x88 c:\Personal\University\Code\C_CPP\Arduino_IDE\DBML\build/core\core.a(wiring_analog.c.o)
                0x000038ec                analogReference
 .text.analogRead
                0x00003974       0xc4 c:\Personal\University\Code\C_CPP\Arduino_IDE\DBML\build/core\core.a(wiring_analog.c.o)
                0x00003974                analogRead
 .text.pinMode  0x00003a38       0x60 c:\Personal\University\Code\C_CPP\Arduino_IDE\DBML\build/core\core.a(wiring_digital.c.o)
                0x00003a38                pinMode
 .text.digitalWrite
                0x00003a98       0x58 c:\Personal\University\Code\C_CPP\Arduino_IDE\DBML\build/core\core.a(wiring_digital.c.o)
                0x00003a98                digitalWrite
 .text.digitalRead
                0x00003af0       0x30 c:\Personal\University\Code\C_CPP\Arduino_IDE\DBML\build/core\core.a(wiring_digital.c.o)
                0x00003af0                digitalRead
 .text.mapResolution
                0x00003b20       0x12 c:\Personal\University\Code\C_CPP\Arduino_IDE\DBML\build/core\core.a(wiring_private.c.o)
                0x00003b20                mapResolution
 *fill*         0x00003b32        0x2 
 .text.pinPeripheral
                0x00003b34       0xc4 c:\Personal\University\Code\C_CPP\Arduino_IDE\DBML\build/core\core.a(wiring_private.c.o)
                0x00003b34                pinPeripheral
 .text.initiateReset
                0x00003bf8        0xc c:\Personal\University\Code\C_CPP\Arduino_IDE\DBML\build/core\core.a(Reset.cpp.o)
                0x00003bf8                initiateReset
 .text.cancelReset
                0x00003c04       0x10 c:\Personal\University\Code\C_CPP\Arduino_IDE\DBML\build/core\core.a(Reset.cpp.o)
                0x00003c04                cancelReset
 .text.tickReset
                0x00003c14       0x78 c:\Personal\University\Code\C_CPP\Arduino_IDE\DBML\build/core\core.a(Reset.cpp.o)
                0x00003c14                tickReset
 .text.__wrap__write
                0x00003c8c        0x4 c:\Personal\University\Code\C_CPP\Arduino_IDE\DBML\build/core\core.a(Retarget.cpp.o)
                0x00003c8c                __wrap__write
 .text._ZN6SERCOMC2EP6Sercom
                0x00003c90        0x4 c:\Personal\University\Code\C_CPP\Arduino_IDE\DBML\build/core\core.a(SERCOM.cpp.o)
                0x00003c90                SERCOM::SERCOM(Sercom*)
                0x00003c90                SERCOM::SERCOM(Sercom*)
 .text._ZN6SERCOM9initFrameE18SercomUartCharSize15SercomDataOrder16SercomParityMode19SercomNumberStopBit
                0x00003c94       0x3a c:\Personal\University\Code\C_CPP\Arduino_IDE\DBML\build/core\core.a(SERCOM.cpp.o)
                0x00003c94                SERCOM::initFrame(SercomUartCharSize, SercomDataOrder, SercomParityMode, SercomNumberStopBit)
 .text._ZN6SERCOM8initPadsE15SercomUartTXPad11SercomRXPad
                0x00003cce       0x26 c:\Personal\University\Code\C_CPP\Arduino_IDE\DBML\build/core\core.a(SERCOM.cpp.o)
                0x00003cce                SERCOM::initPads(SercomUartTXPad, SercomRXPad)
 .text._ZN6SERCOM9resetUARTEv
                0x00003cf4       0x1a c:\Personal\University\Code\C_CPP\Arduino_IDE\DBML\build/core\core.a(SERCOM.cpp.o)
                0x00003cf4                SERCOM::resetUART()
 .text._ZN6SERCOM10enableUARTEv
                0x00003d0e       0x14 c:\Personal\University\Code\C_CPP\Arduino_IDE\DBML\build/core\core.a(SERCOM.cpp.o)
                0x00003d0e                SERCOM::enableUART()
 .text._ZN6SERCOM9flushUARTEv
                0x00003d22       0x10 c:\Personal\University\Code\C_CPP\Arduino_IDE\DBML\build/core\core.a(SERCOM.cpp.o)
                0x00003d22                SERCOM::flushUART()
 .text._ZN6SERCOM15clearStatusUARTEv
                0x00003d32        0x8 c:\Personal\University\Code\C_CPP\Arduino_IDE\DBML\build/core\core.a(SERCOM.cpp.o)
                0x00003d32                SERCOM::clearStatusUART()
 .text._ZN6SERCOM17availableDataUARTEv
                0x00003d3a        0xa c:\Personal\University\Code\C_CPP\Arduino_IDE\DBML\build/core\core.a(SERCOM.cpp.o)
                0x00003d3a                SERCOM::availableDataUART()
 .text._ZN6SERCOM11isUARTErrorEv
                0x00003d44        0x8 c:\Personal\University\Code\C_CPP\Arduino_IDE\DBML\build/core\core.a(SERCOM.cpp.o)
                0x00003d44                SERCOM::isUARTError()
 .text._ZN6SERCOM20acknowledgeUARTErrorEv
                0x00003d4c        0xe c:\Personal\University\Code\C_CPP\Arduino_IDE\DBML\build/core\core.a(SERCOM.cpp.o)
                0x00003d4c                SERCOM::acknowledgeUARTError()
 .text._ZN6SERCOM16isFrameErrorUARTEv
                0x00003d5a        0xa c:\Personal\University\Code\C_CPP\Arduino_IDE\DBML\build/core\core.a(SERCOM.cpp.o)
                0x00003d5a                SERCOM::isFrameErrorUART()
 .text._ZN6SERCOM19clearFrameErrorUARTEv
                0x00003d64        0xc c:\Personal\University\Code\C_CPP\Arduino_IDE\DBML\build/core\core.a(SERCOM.cpp.o)
                0x00003d64                SERCOM::clearFrameErrorUART()
 .text._ZN6SERCOM23isDataRegisterEmptyUARTEv
                0x00003d70        0xa c:\Personal\University\Code\C_CPP\Arduino_IDE\DBML\build/core\core.a(SERCOM.cpp.o)
                0x00003d70                SERCOM::isDataRegisterEmptyUART()
 .text._ZN6SERCOM12readDataUARTEv
                0x00003d7a        0x8 c:\Personal\University\Code\C_CPP\Arduino_IDE\DBML\build/core\core.a(SERCOM.cpp.o)
                0x00003d7a                SERCOM::readDataUART()
 .text._ZN6SERCOM13writeDataUARTEh
                0x00003d82       0x10 c:\Personal\University\Code\C_CPP\Arduino_IDE\DBML\build/core\core.a(SERCOM.cpp.o)
                0x00003d82                SERCOM::writeDataUART(unsigned char)
 .text._ZN6SERCOM36enableDataRegisterEmptyInterruptUARTEv
                0x00003d92        0x8 c:\Personal\University\Code\C_CPP\Arduino_IDE\DBML\build/core\core.a(SERCOM.cpp.o)
                0x00003d92                SERCOM::enableDataRegisterEmptyInterruptUART()
 .text._ZN6SERCOM37disableDataRegisterEmptyInterruptUARTEv
                0x00003d9a        0x8 c:\Personal\University\Code\C_CPP\Arduino_IDE\DBML\build/core\core.a(SERCOM.cpp.o)
                0x00003d9a                SERCOM::disableDataRegisterEmptyInterruptUART()
 *fill*         0x00003da2        0x2 
 .text._ZN6SERCOM14getSercomIndexEv
                0x00003da4       0x5c c:\Personal\University\Code\C_CPP\Arduino_IDE\DBML\build/core\core.a(SERCOM.cpp.o)
                0x00003da4                SERCOM::getSercomIndex()
 .text._ZN6SERCOM13initClockNVICEv
                0x00003e00       0x90 c:\Personal\University\Code\C_CPP\Arduino_IDE\DBML\build/core\core.a(SERCOM.cpp.o)
                0x00003e00                SERCOM::initClockNVIC()
 .text._ZN6SERCOM8initUARTE14SercomUartMode20SercomUartSampleRatem
                0x00003e90       0x6c c:\Personal\University\Code\C_CPP\Arduino_IDE\DBML\build/core\core.a(SERCOM.cpp.o)
                0x00003e90                SERCOM::initUART(SercomUartMode, SercomUartSampleRate, unsigned long)
 .text._ZN4UartcvbEv
                0x00003efc        0x4 c:\Personal\University\Code\C_CPP\Arduino_IDE\DBML\build/core\core.a(Uart.cpp.o)
                0x00003efc                Uart::operator bool()
 .text._ZN4Uart5beginEm
                0x00003f00       0x10 c:\Personal\University\Code\C_CPP\Arduino_IDE\DBML\build/core\core.a(Uart.cpp.o)
                0x00003f00                Uart::begin(unsigned long)
 .text._ZN4Uart4peekEv
                0x00003f10       0x1a c:\Personal\University\Code\C_CPP\Arduino_IDE\DBML\build/core\core.a(Uart.cpp.o)
                0x00003f10                Uart::peek()
 .text._ZN4Uart3endEv
                0x00003f2a       0x20 c:\Personal\University\Code\C_CPP\Arduino_IDE\DBML\build/core\core.a(Uart.cpp.o)
                0x00003f2a                Uart::end()
 .text._ZN4Uart16extractNbStopBitEt
                0x00003f4a        0xc c:\Personal\University\Code\C_CPP\Arduino_IDE\DBML\build/core\core.a(Uart.cpp.o)
                0x00003f4a                Uart::extractNbStopBit(unsigned short)
 .text._ZN4Uart15extractCharSizeEt
                0x00003f56       0x28 c:\Personal\University\Code\C_CPP\Arduino_IDE\DBML\build/core\core.a(Uart.cpp.o)
                0x00003f56                Uart::extractCharSize(unsigned short)
 .text._ZN4Uart13extractParityEt
                0x00003f7e       0x14 c:\Personal\University\Code\C_CPP\Arduino_IDE\DBML\build/core\core.a(Uart.cpp.o)
                0x00003f7e                Uart::extractParity(unsigned short)
 *fill*         0x00003f92        0x2 
 .text._ZN4Uart5beginEmt
                0x00003f94       0xf8 c:\Personal\University\Code\C_CPP\Arduino_IDE\DBML\build/core\core.a(Uart.cpp.o)
                0x00003f94                Uart::begin(unsigned long, unsigned short)
 .text._ZN11RingBufferNILi256EEC2Ev
                0x0000408c       0x1c c:\Personal\University\Code\C_CPP\Arduino_IDE\DBML\build/core\core.a(Uart.cpp.o)
                0x0000408c                RingBufferN<256>::RingBufferN()
                0x0000408c                RingBufferN<256>::RingBufferN()
 .text._ZN4UartC2EP6SERCOMhh11SercomRXPad15SercomUartTXPad
                0x000040a8       0x74 c:\Personal\University\Code\C_CPP\Arduino_IDE\DBML\build/core\core.a(Uart.cpp.o)
                0x000040a8                Uart::Uart(SERCOM*, unsigned char, unsigned char, SercomRXPad, SercomUartTXPad)
                0x000040a8                Uart::Uart(SERCOM*, unsigned char, unsigned char, SercomRXPad, SercomUartTXPad)
 .text._ZN11RingBufferNILi256EE17availableForStoreEv
                0x0000411c       0x20 c:\Personal\University\Code\C_CPP\Arduino_IDE\DBML\build/core\core.a(Uart.cpp.o)
                0x0000411c                RingBufferN<256>::availableForStore()
 .text._ZN4Uart17availableForWriteEv
                0x0000413c        0xc c:\Personal\University\Code\C_CPP\Arduino_IDE\DBML\build/core\core.a(Uart.cpp.o)
                0x0000413c                Uart::availableForWrite()
 .text._ZN4Uart4readEv
                0x00004148       0x4c c:\Personal\University\Code\C_CPP\Arduino_IDE\DBML\build/core\core.a(Uart.cpp.o)
                0x00004148                Uart::read()
 .text._ZN11RingBufferNILi256EE9availableEv
                0x00004194       0x12 c:\Personal\University\Code\C_CPP\Arduino_IDE\DBML\build/core\core.a(Uart.cpp.o)
                0x00004194                RingBufferN<256>::available()
 .text._ZN4Uart5flushEv
                0x000041a6       0x1a c:\Personal\University\Code\C_CPP\Arduino_IDE\DBML\build/core\core.a(Uart.cpp.o)
                0x000041a6                Uart::flush()
 .text._ZN4Uart9availableEv
                0x000041c0        0xa c:\Personal\University\Code\C_CPP\Arduino_IDE\DBML\build/core\core.a(Uart.cpp.o)
                0x000041c0                Uart::available()
 .text._ZN4Uart10IrqHandlerEv
                0x000041ca       0xcc c:\Personal\University\Code\C_CPP\Arduino_IDE\DBML\build/core\core.a(Uart.cpp.o)
                0x000041ca                Uart::IrqHandler()
 *fill*         0x00004296        0x2 
 .text._ZN4Uart5writeEh
                0x00004298       0xb4 c:\Personal\University\Code\C_CPP\Arduino_IDE\DBML\build/core\core.a(Uart.cpp.o)
                0x00004298                Uart::write(unsigned char)
 .text._Z10randomSeedm
                0x0000434c        0xc c:\Personal\University\Code\C_CPP\Arduino_IDE\DBML\build/core\core.a(WMath.cpp.o)
                0x0000434c                randomSeed(unsigned long)
 .text._Z6randoml
                0x00004358       0x16 c:\Personal\University\Code\C_CPP\Arduino_IDE\DBML\build/core\core.a(WMath.cpp.o)
                0x00004358                random(long)
 .text._Z6randomll
                0x0000436e       0x14 c:\Personal\University\Code\C_CPP\Arduino_IDE\DBML\build/core\core.a(WMath.cpp.o)
                0x0000436e                random(long, long)
 .text._Z3maplllll
                0x00004382       0x16 c:\Personal\University\Code\C_CPP\Arduino_IDE\DBML\build/core\core.a(WMath.cpp.o)
                0x00004382                map(long, long, long, long, long)
 .text.__cxa_pure_virtual
                0x00004398        0x2 c:\Personal\University\Code\C_CPP\Arduino_IDE\DBML\build/core\core.a(abi.cpp.o)
                0x00004398                __cxa_pure_virtual
 .text._Z11initVariantv
                0x0000439a        0x2 c:\Personal\University\Code\C_CPP\Arduino_IDE\DBML\build/core\core.a(main.cpp.o)
                0x0000439a                initVariant()
 .text._Z10_real_bodyv
                0x0000439c       0x20 c:\Personal\University\Code\C_CPP\Arduino_IDE\DBML\build/core\core.a(main.cpp.o)
                0x0000439c                _real_body()
 .text._Z10_wrap_bodyv
                0x000043bc        0x6 c:\Personal\University\Code\C_CPP\Arduino_IDE\DBML\build/core\core.a(main.cpp.o)
                0x000043bc                _wrap_body()
 *fill*         0x000043c2        0x2 
 .text.startup.main
                0x000043c4       0x30 c:\Personal\University\Code\C_CPP\Arduino_IDE\DBML\build/core\core.a(main.cpp.o)
                0x000043c4                main
 .text._ZN5Print5writeEPKhj
                0x000043f4       0x28 c:\Personal\University\Code\C_CPP\Arduino_IDE\DBML\build/core\core.a(Print.cpp.o)
                0x000043f4                Print::write(unsigned char const*, unsigned int)
 .text._ZN26DoubleBufferedEPOutHandlerD2Ev
                0x0000441c        0x2 c:\Personal\University\Code\C_CPP\Arduino_IDE\DBML\build/core\core.a(USBCore.cpp.o)
                0x0000441c                DoubleBufferedEPOutHandler::~DoubleBufferedEPOutHandler()
                0x0000441c                DoubleBufferedEPOutHandler::~DoubleBufferedEPOutHandler()
 .text._ZN26DoubleBufferedEPOutHandler4initEv
                0x0000441e        0x2 c:\Personal\University\Code\C_CPP\Arduino_IDE\DBML\build/core\core.a(USBCore.cpp.o)
                0x0000441e                DoubleBufferedEPOutHandler::init()
 .text._ZL5utox8mPc
                0x00004420       0x24 c:\Personal\University\Code\C_CPP\Arduino_IDE\DBML\build/core\core.a(USBCore.cpp.o)
 .text._ZN26DoubleBufferedEPOutHandlerD0Ev
                0x00004444       0x10 c:\Personal\University\Code\C_CPP\Arduino_IDE\DBML\build/core\core.a(USBCore.cpp.o)
                0x00004444                DoubleBufferedEPOutHandler::~DoubleBufferedEPOutHandler()
 .text._ZN14USBDeviceClass6initEPEmm.part.8
                0x00004454       0xe0 c:\Personal\University\Code\C_CPP\Arduino_IDE\DBML\build/core\core.a(USBCore.cpp.o)
 .text._ZN7__GuardC2Ev
                0x00004534        0xe c:\Personal\University\Code\C_CPP\Arduino_IDE\DBML\build/core\core.a(USBCore.cpp.o)
                0x00004534                __Guard::__Guard()
                0x00004534                __Guard::__Guard()
 .text._ZN7__GuardD2Ev
                0x00004542        0xe c:\Personal\University\Code\C_CPP\Arduino_IDE\DBML\build/core\core.a(USBCore.cpp.o)
                0x00004542                __Guard::~__Guard()
                0x00004542                __Guard::~__Guard()
 .text._ZNK26DoubleBufferedEPOutHandler10_availableEv
                0x00004550       0x6a c:\Personal\University\Code\C_CPP\Arduino_IDE\DBML\build/core\core.a(USBCore.cpp.o)
                0x00004550                DoubleBufferedEPOutHandler::_available() const
 *fill*         0x000045ba        0x2 
 .text._ZN26DoubleBufferedEPOutHandler7releaseEv
                0x000045bc       0x3c c:\Personal\University\Code\C_CPP\Arduino_IDE\DBML\build/core\core.a(USBCore.cpp.o)
                0x000045bc                DoubleBufferedEPOutHandler::release()
 .text._ZN26DoubleBufferedEPOutHandler14handleEndpointEv
                0x000045f8       0xdc c:\Personal\University\Code\C_CPP\Arduino_IDE\DBML\build/core\core.a(USBCore.cpp.o)
                0x000045f8                DoubleBufferedEPOutHandler::handleEndpoint()
 .text._ZN26DoubleBufferedEPOutHandler5_recvEv
                0x000046d4      0x184 c:\Personal\University\Code\C_CPP\Arduino_IDE\DBML\build/core\core.a(USBCore.cpp.o)
                0x000046d4                DoubleBufferedEPOutHandler::_recv()
 .text._ZN26DoubleBufferedEPOutHandler4peekEv
                0x00004858       0x22 c:\Personal\University\Code\C_CPP\Arduino_IDE\DBML\build/core\core.a(USBCore.cpp.o)
                0x00004858                DoubleBufferedEPOutHandler::peek()
 .text._ZN26DoubleBufferedEPOutHandler9availableEv
                0x0000487a       0x18 c:\Personal\University\Code\C_CPP\Arduino_IDE\DBML\build/core\core.a(USBCore.cpp.o)
                0x0000487a                DoubleBufferedEPOutHandler::available()
 .text._ZN26DoubleBufferedEPOutHandler4recvEPvm
                0x00004892       0x72 c:\Personal\University\Code\C_CPP\Arduino_IDE\DBML\build/core\core.a(USBCore.cpp.o)
                0x00004892                DoubleBufferedEPOutHandler::recv(void*, unsigned long)
 .text._ZN14USBDeviceClass14SendInterfacesEPm
                0x00004904       0x2c c:\Personal\University\Code\C_CPP\Arduino_IDE\DBML\build/core\core.a(USBCore.cpp.o)
                0x00004904                USBDeviceClass::SendInterfaces(unsigned long*)
 .text._ZN14USBDeviceClass14handleEndpointEh
                0x00004930       0x48 c:\Personal\University\Code\C_CPP\Arduino_IDE\DBML\build/core\core.a(USBCore.cpp.o)
                0x00004930                USBDeviceClass::handleEndpoint(unsigned char)
 .text._ZN14USBDeviceClass4initEv
                0x00004978      0x10c c:\Personal\University\Code\C_CPP\Arduino_IDE\DBML\build/core\core.a(USBCore.cpp.o)
                0x00004978                USBDeviceClass::init()
 .text._ZN14USBDeviceClass6attachEv
                0x00004a84       0x34 c:\Personal\University\Code\C_CPP\Arduino_IDE\DBML\build/core\core.a(USBCore.cpp.o)
                0x00004a84                USBDeviceClass::attach()
 .text._ZN14USBDeviceClass10setAddressEm
                0x00004ab8       0x48 c:\Personal\University\Code\C_CPP\Arduino_IDE\DBML\build/core\core.a(USBCore.cpp.o)
                0x00004ab8                USBDeviceClass::setAddress(unsigned long)
 .text._ZN14USBDeviceClass25handleClassInterfaceSetupER8USBSetup
                0x00004b00       0x44 c:\Personal\University\Code\C_CPP\Arduino_IDE\DBML\build/core\core.a(USBCore.cpp.o)
                0x00004b00                USBDeviceClass::handleClassInterfaceSetup(USBSetup&)
 .text._ZN14USBDeviceClass6initEPEmm
                0x00004b44      0x12c c:\Personal\University\Code\C_CPP\Arduino_IDE\DBML\build/core\core.a(USBCore.cpp.o)
                0x00004b44                USBDeviceClass::initEP(unsigned long, unsigned long)
 .text._ZN14USBDeviceClass13initEndpointsEv
                0x00004c70       0x24 c:\Personal\University\Code\C_CPP\Arduino_IDE\DBML\build/core\core.a(USBCore.cpp.o)
                0x00004c70                USBDeviceClass::initEndpoints()
 .text._ZN14USBDeviceClass5clearEm
                0x00004c94       0x38 c:\Personal\University\Code\C_CPP\Arduino_IDE\DBML\build/core\core.a(USBCore.cpp.o)
                0x00004c94                USBDeviceClass::clear(unsigned long)
 .text._ZN14USBDeviceClass9availableEm
                0x00004ccc       0x2c c:\Personal\University\Code\C_CPP\Arduino_IDE\DBML\build/core\core.a(USBCore.cpp.o)
                0x00004ccc                USBDeviceClass::available(unsigned long)
 .text._ZN14USBDeviceClass5flushEm
                0x00004cf8       0x2c c:\Personal\University\Code\C_CPP\Arduino_IDE\DBML\build/core\core.a(USBCore.cpp.o)
                0x00004cf8                USBDeviceClass::flush(unsigned long)
 .text._ZN14USBDeviceClass14armRecvCtrlOUTEm
                0x00004d24       0x5c c:\Personal\University\Code\C_CPP\Arduino_IDE\DBML\build/core\core.a(USBCore.cpp.o)
                0x00004d24                USBDeviceClass::armRecvCtrlOUT(unsigned long)
 .text._ZN14USBDeviceClass11recvControlEPvm
                0x00004d80       0x3c c:\Personal\University\Code\C_CPP\Arduino_IDE\DBML\build/core\core.a(USBCore.cpp.o)
                0x00004d80                USBDeviceClass::recvControl(void*, unsigned long)
 .text._ZN14USBDeviceClass7armRecvEm
                0x00004dbc       0x38 c:\Personal\University\Code\C_CPP\Arduino_IDE\DBML\build/core\core.a(USBCore.cpp.o)
                0x00004dbc                USBDeviceClass::armRecv(unsigned long)
 .text._ZN14USBDeviceClass4recvEmPvm
                0x00004df4       0xd8 c:\Personal\University\Code\C_CPP\Arduino_IDE\DBML\build/core\core.a(USBCore.cpp.o)
                0x00004df4                USBDeviceClass::recv(unsigned long, void*, unsigned long)
 .text._ZN14USBDeviceClass4recvEm
                0x00004ecc       0x1c c:\Personal\University\Code\C_CPP\Arduino_IDE\DBML\build/core\core.a(USBCore.cpp.o)
                0x00004ecc                USBDeviceClass::recv(unsigned long)
 .text._ZN14USBDeviceClass4sendEmPKvm
                0x00004ee8      0x110 c:\Personal\University\Code\C_CPP\Arduino_IDE\DBML\build/core\core.a(USBCore.cpp.o)
                0x00004ee8                USBDeviceClass::send(unsigned long, void const*, unsigned long)
 .text._ZN14USBDeviceClass7armSendEmPKvm
                0x00004ff8       0x48 c:\Personal\University\Code\C_CPP\Arduino_IDE\DBML\build/core\core.a(USBCore.cpp.o)
                0x00004ff8                USBDeviceClass::armSend(unsigned long, void const*, unsigned long)
 .text._ZN14USBDeviceClass11sendControlEPKvm
                0x00005040       0x54 c:\Personal\University\Code\C_CPP\Arduino_IDE\DBML\build/core\core.a(USBCore.cpp.o)
                0x00005040                USBDeviceClass::sendControl(void const*, unsigned long)
 .text._ZN14USBDeviceClass20sendStringDescriptorEPKhh
                0x00005094       0x68 c:\Personal\University\Code\C_CPP\Arduino_IDE\DBML\build/core\core.a(USBCore.cpp.o)
                0x00005094                USBDeviceClass::sendStringDescriptor(unsigned char const*, unsigned char)
 .text._ZN14USBDeviceClass17sendConfigurationEm
                0x000050fc       0x80 c:\Personal\University\Code\C_CPP\Arduino_IDE\DBML\build/core\core.a(USBCore.cpp.o)
                0x000050fc                USBDeviceClass::sendConfiguration(unsigned long)
 .text._ZN14USBDeviceClass14sendDescriptorER8USBSetup
                0x0000517c       0xf0 c:\Personal\University\Code\C_CPP\Arduino_IDE\DBML\build/core\core.a(USBCore.cpp.o)
                0x0000517c                USBDeviceClass::sendDescriptor(USBSetup&)
 .text._ZN14USBDeviceClass19handleStandardSetupER8USBSetup
                0x0000526c      0x104 c:\Personal\University\Code\C_CPP\Arduino_IDE\DBML\build/core\core.a(USBCore.cpp.o)
                0x0000526c                USBDeviceClass::handleStandardSetup(USBSetup&)
 .text._ZN14USBDeviceClass10ISRHandlerEv
                0x00005370      0x140 c:\Personal\University\Code\C_CPP\Arduino_IDE\DBML\build/core\core.a(USBCore.cpp.o)
                0x00005370                USBDeviceClass::ISRHandler()
 .text.UDD_Handler
                0x000054b0       0x10 c:\Personal\University\Code\C_CPP\Arduino_IDE\DBML\build/core\core.a(USBCore.cpp.o)
                0x000054b0                UDD_Handler
 .text.startup._GLOBAL__sub_I_usbd
                0x000054c0       0x10 c:\Personal\University\Code\C_CPP\Arduino_IDE\DBML\build/core\core.a(USBCore.cpp.o)
 .text._Znwj    0x000054d0        0x8 c:\Personal\University\Code\C_CPP\Arduino_IDE\DBML\build/core\core.a(new.cpp.o)
                0x000054d0                operator new(unsigned int)
 .text._ZdlPv   0x000054d8        0x8 c:\Personal\University\Code\C_CPP\Arduino_IDE\DBML\build/core\core.a(new.cpp.o)
                0x000054d8                operator delete(void*)
 .text._sbrk    0x000054e0       0x3c c:\Personal\University\Code\C_CPP\Arduino_IDE\DBML\build/core\core.a(new.cpp.o)
                0x000054e0                _sbrk
 .text._ZN7Serial_17availableForWriteEv
                0x0000551c        0x4 c:\Personal\University\Code\C_CPP\Arduino_IDE\DBML\build/core\core.a(CDC.cpp.o)
                0x0000551c                Serial_::availableForWrite()
 .text._ZN7Serial_5writeEh
                0x00005520       0x14 c:\Personal\University\Code\C_CPP\Arduino_IDE\DBML\build/core\core.a(CDC.cpp.o)
                0x00005520                Serial_::write(unsigned char)
 .text._ZN7Serial_9availableEv
                0x00005534       0x1c c:\Personal\University\Code\C_CPP\Arduino_IDE\DBML\build/core\core.a(CDC.cpp.o)
                0x00005534                Serial_::available()
 .text._ZN7Serial_5flushEv
                0x00005550        0xc c:\Personal\University\Code\C_CPP\Arduino_IDE\DBML\build/core\core.a(CDC.cpp.o)
                0x00005550                Serial_::flush()
 .text._ZN7Serial_5clearEv
                0x0000555c        0xc c:\Personal\University\Code\C_CPP\Arduino_IDE\DBML\build/core\core.a(CDC.cpp.o)
                0x0000555c                Serial_::clear()
 .text._ZN7Serial_4peekEv
                0x00005568       0x1c c:\Personal\University\Code\C_CPP\Arduino_IDE\DBML\build/core\core.a(CDC.cpp.o)
                0x00005568                Serial_::peek()
 .text._ZN7Serial_4readEv
                0x00005584       0x24 c:\Personal\University\Code\C_CPP\Arduino_IDE\DBML\build/core\core.a(CDC.cpp.o)
                0x00005584                Serial_::read()
 .text._ZN7Serial_5writeEPKhj
                0x000055a8       0x30 c:\Personal\University\Code\C_CPP\Arduino_IDE\DBML\build/core\core.a(CDC.cpp.o)
                0x000055a8                Serial_::write(unsigned char const*, unsigned int)
 .text._Z16CDC_GetInterfacePh
                0x000055d8       0x1c c:\Personal\University\Code\C_CPP\Arduino_IDE\DBML\build/core\core.a(CDC.cpp.o)
                0x000055d8                CDC_GetInterface(unsigned char*)
 .text._Z9CDC_SetupR8USBSetup
                0x000055f4       0x7c c:\Personal\University\Code\C_CPP\Arduino_IDE\DBML\build/core\core.a(CDC.cpp.o)
                0x000055f4                CDC_Setup(USBSetup&)
 .text.startup._GLOBAL__sub_I__Z17_CDC_GetInterfacev
                0x00005670       0x28 c:\Personal\University\Code\C_CPP\Arduino_IDE\DBML\build/core\core.a(CDC.cpp.o)
 .text._ZN13PluggableUSB_12getInterfaceEPh
                0x00005698       0x28 c:\Personal\University\Code\C_CPP\Arduino_IDE\DBML\build/core\core.a(PluggableUSB.cpp.o)
                0x00005698                PluggableUSB_::getInterface(unsigned char*)
 .text._ZN13PluggableUSB_13getDescriptorER8USBSetup
                0x000056c0       0x20 c:\Personal\University\Code\C_CPP\Arduino_IDE\DBML\build/core\core.a(PluggableUSB.cpp.o)
                0x000056c0                PluggableUSB_::getDescriptor(USBSetup&)
 .text._ZN13PluggableUSB_5setupER8USBSetup
                0x000056e0       0x20 c:\Personal\University\Code\C_CPP\Arduino_IDE\DBML\build/core\core.a(PluggableUSB.cpp.o)
                0x000056e0                PluggableUSB_::setup(USBSetup&)
 .text._ZN13PluggableUSB_14handleEndpointEi
                0x00005700       0x20 c:\Personal\University\Code\C_CPP\Arduino_IDE\DBML\build/core\core.a(PluggableUSB.cpp.o)
                0x00005700                PluggableUSB_::handleEndpoint(int)
 .text._Z12PluggableUSBv
                0x00005720       0x24 c:\Personal\University\Code\C_CPP\Arduino_IDE\DBML\build/core\core.a(PluggableUSB.cpp.o)
                0x00005720                PluggableUSB()
 .text._ZN20USBDevice_SAMD21G18x5resetEv
                0x00005744       0x2e c:\Personal\University\Code\C_CPP\Arduino_IDE\DBML\build/core\core.a(SAMD21_USBDevice.cpp.o)
                0x00005744                USBDevice_SAMD21G18x::reset()
 *fill*         0x00005772        0x2 
 .text._ZN20USBDevice_SAMD21G18x9calibrateEv
                0x00005774       0x60 c:\Personal\University\Code\C_CPP\Arduino_IDE\DBML\build/core\core.a(SAMD21_USBDevice.cpp.o)
                0x00005774                USBDevice_SAMD21G18x::calibrate()
 .text.__aeabi_atexit
                0x000057d4        0xe c:/users/administrator/appdata/local/arduino15/packages/seeeduino/tools/arm-none-eabi-gcc/7-2017q4/bin/../lib/gcc/arm-none-eabi/7.2.1/../../../../arm-none-eabi/lib/thumb/v6-m\libstdc++_nano.a(atexit_arm.o)
                0x000057d4                __aeabi_atexit
 .text._ZdlPvj  0x000057e2        0x8 c:/users/administrator/appdata/local/arduino15/packages/seeeduino/tools/arm-none-eabi-gcc/7-2017q4/bin/../lib/gcc/arm-none-eabi/7.2.1/../../../../arm-none-eabi/lib/thumb/v6-m\libstdc++_nano.a(del_ops.o)
                0x000057e2                operator delete(void*, unsigned int)
 *fill*         0x000057ea        0x2 
 .text          0x000057ec       0x14 c:/users/administrator/appdata/local/arduino15/packages/seeeduino/tools/arm-none-eabi-gcc/7-2017q4/bin/../lib/gcc/arm-none-eabi/7.2.1/thumb/v6-m\libgcc.a(_thumb1_case_uqi.o)
                0x000057ec                __gnu_thumb1_case_uqi
 .text          0x00005800      0x114 c:/users/administrator/appdata/local/arduino15/packages/seeeduino/tools/arm-none-eabi-gcc/7-2017q4/bin/../lib/gcc/arm-none-eabi/7.2.1/thumb/v6-m\libgcc.a(_udivsi3.o)
                0x00005800                __aeabi_uidiv
                0x00005800                __udivsi3
                0x0000590c                __aeabi_uidivmod
 .text          0x00005914      0x1d4 c:/users/administrator/appdata/local/arduino15/packages/seeeduino/tools/arm-none-eabi-gcc/7-2017q4/bin/../lib/gcc/arm-none-eabi/7.2.1/thumb/v6-m\libgcc.a(_divsi3.o)
                0x00005914                __divsi3
                0x00005914                __aeabi_idiv
                0x00005ae0                __aeabi_idivmod
 .text          0x00005ae8        0x4 c:/users/administrator/appdata/local/arduino15/packages/seeeduino/tools/arm-none-eabi-gcc/7-2017q4/bin/../lib/gcc/arm-none-eabi/7.2.1/thumb/v6-m\libgcc.a(_dvmd_tls.o)
                0x00005ae8                __aeabi_idiv0
                0x00005ae8                __aeabi_ldiv0
 .text          0x00005aec       0x7c c:/users/administrator/appdata/local/arduino15/packages/seeeduino/tools/arm-none-eabi-gcc/7-2017q4/bin/../lib/gcc/arm-none-eabi/7.2.1/thumb/v6-m\libgcc.a(_arm_cmpdf2.o)
                0x00005aec                __aeabi_cdrcmple
                0x00005afc                __aeabi_cdcmple
                0x00005afc                __aeabi_cdcmpeq
                0x00005b0c                __aeabi_dcmpeq
                0x00005b18                __aeabi_dcmplt
                0x00005b2c                __aeabi_dcmple
                0x00005b40                __aeabi_dcmpgt
                0x00005b54                __aeabi_dcmpge
 .text          0x00005b68       0x3c c:/users/administrator/appdata/local/arduino15/packages/seeeduino/tools/arm-none-eabi-gcc/7-2017q4/bin/../lib/gcc/arm-none-eabi/7.2.1/thumb/v6-m\libgcc.a(_fixunsdfsi.o)
                0x00005b68                __aeabi_d2uiz
                0x00005b68                __fixunsdfsi
 .text          0x00005ba4      0x224 c:/users/administrator/appdata/local/arduino15/packages/seeeduino/tools/arm-none-eabi-gcc/7-2017q4/bin/../lib/gcc/arm-none-eabi/7.2.1/thumb/v6-m\libgcc.a(divsf3.o)
                0x00005ba4                __aeabi_fdiv
 .text          0x00005dc8      0x264 c:/users/administrator/appdata/local/arduino15/packages/seeeduino/tools/arm-none-eabi-gcc/7-2017q4/bin/../lib/gcc/arm-none-eabi/7.2.1/thumb/v6-m\libgcc.a(mulsf3.o)
                0x00005dc8                __aeabi_fmul
 .text          0x0000602c       0x40 c:/users/administrator/appdata/local/arduino15/packages/seeeduino/tools/arm-none-eabi-gcc/7-2017q4/bin/../lib/gcc/arm-none-eabi/7.2.1/thumb/v6-m\libgcc.a(fixsfsi.o)
                0x0000602c                __aeabi_f2iz
 .text          0x0000606c       0x94 c:/users/administrator/appdata/local/arduino15/packages/seeeduino/tools/arm-none-eabi-gcc/7-2017q4/bin/../lib/gcc/arm-none-eabi/7.2.1/thumb/v6-m\libgcc.a(floatsisf.o)
                0x0000606c                __aeabi_i2f
 .text          0x00006100       0x80 c:/users/administrator/appdata/local/arduino15/packages/seeeduino/tools/arm-none-eabi-gcc/7-2017q4/bin/../lib/gcc/arm-none-eabi/7.2.1/thumb/v6-m\libgcc.a(floatunsisf.o)
                0x00006100                __aeabi_ui2f
 .text          0x00006180      0x638 c:/users/administrator/appdata/local/arduino15/packages/seeeduino/tools/arm-none-eabi-gcc/7-2017q4/bin/../lib/gcc/arm-none-eabi/7.2.1/thumb/v6-m\libgcc.a(adddf3.o)
                0x00006180                __aeabi_dadd
 .text          0x000067b8      0x604 c:/users/administrator/appdata/local/arduino15/packages/seeeduino/tools/arm-none-eabi-gcc/7-2017q4/bin/../lib/gcc/arm-none-eabi/7.2.1/thumb/v6-m\libgcc.a(divdf3.o)
                0x000067b8                __aeabi_ddiv
 .text          0x00006dbc       0x78 c:/users/administrator/appdata/local/arduino15/packages/seeeduino/tools/arm-none-eabi-gcc/7-2017q4/bin/../lib/gcc/arm-none-eabi/7.2.1/thumb/v6-m\libgcc.a(eqdf2.o)
                0x00006dbc                __nedf2
                0x00006dbc                __eqdf2
 .text          0x00006e34       0xc8 c:/users/administrator/appdata/local/arduino15/packages/seeeduino/tools/arm-none-eabi-gcc/7-2017q4/bin/../lib/gcc/arm-none-eabi/7.2.1/thumb/v6-m\libgcc.a(gedf2.o)
                0x00006e34                __gedf2
                0x00006e34                __gtdf2
 .text          0x00006efc       0xd0 c:/users/administrator/appdata/local/arduino15/packages/seeeduino/tools/arm-none-eabi-gcc/7-2017q4/bin/../lib/gcc/arm-none-eabi/7.2.1/thumb/v6-m\libgcc.a(ledf2.o)
                0x00006efc                __ledf2
                0x00006efc                __ltdf2
 .text          0x00006fcc      0x4e4 c:/users/administrator/appdata/local/arduino15/packages/seeeduino/tools/arm-none-eabi-gcc/7-2017q4/bin/../lib/gcc/arm-none-eabi/7.2.1/thumb/v6-m\libgcc.a(muldf3.o)
                0x00006fcc                __aeabi_dmul
 .text          0x000074b0      0x690 c:/users/administrator/appdata/local/arduino15/packages/seeeduino/tools/arm-none-eabi-gcc/7-2017q4/bin/../lib/gcc/arm-none-eabi/7.2.1/thumb/v6-m\libgcc.a(subdf3.o)
                0x000074b0                __aeabi_dsub
 .text          0x00007b40       0x38 c:/users/administrator/appdata/local/arduino15/packages/seeeduino/tools/arm-none-eabi-gcc/7-2017q4/bin/../lib/gcc/arm-none-eabi/7.2.1/thumb/v6-m\libgcc.a(unorddf2.o)
                0x00007b40                __aeabi_dcmpun
 .text          0x00007b78       0x6c c:/users/administrator/appdata/local/arduino15/packages/seeeduino/tools/arm-none-eabi-gcc/7-2017q4/bin/../lib/gcc/arm-none-eabi/7.2.1/thumb/v6-m\libgcc.a(fixdfsi.o)
                0x00007b78                __aeabi_d2iz
 .text          0x00007be4       0x74 c:/users/administrator/appdata/local/arduino15/packages/seeeduino/tools/arm-none-eabi-gcc/7-2017q4/bin/../lib/gcc/arm-none-eabi/7.2.1/thumb/v6-m\libgcc.a(floatsidf.o)
                0x00007be4                __aeabi_i2d
 .text          0x00007c58       0x64 c:/users/administrator/appdata/local/arduino15/packages/seeeduino/tools/arm-none-eabi-gcc/7-2017q4/bin/../lib/gcc/arm-none-eabi/7.2.1/thumb/v6-m\libgcc.a(floatunsidf.o)
                0x00007c58                __aeabi_ui2d
 .text          0x00007cbc      0x108 c:/users/administrator/appdata/local/arduino15/packages/seeeduino/tools/arm-none-eabi-gcc/7-2017q4/bin/../lib/gcc/arm-none-eabi/7.2.1/thumb/v6-m\libgcc.a(truncdfsf2.o)
                0x00007cbc                __aeabi_d2f
 .text          0x00007dc4       0x3c c:/users/administrator/appdata/local/arduino15/packages/seeeduino/tools/arm-none-eabi-gcc/7-2017q4/bin/../lib/gcc/arm-none-eabi/7.2.1/thumb/v6-m\libgcc.a(_clzsi2.o)
                0x00007dc4                __clzsi2
 .text.__cxa_atexit
                0x00007e00       0x1c c:/users/administrator/appdata/local/arduino15/packages/seeeduino/tools/arm-none-eabi-gcc/7-2017q4/bin/../lib/gcc/arm-none-eabi/7.2.1/../../../../arm-none-eabi/lib/thumb/v6-m\libc_nano.a(lib_a-cxa_atexit.o)
                0x00007e00                __cxa_atexit
 .text.__libc_init_array
                0x00007e1c       0x48 c:/users/administrator/appdata/local/arduino15/packages/seeeduino/tools/arm-none-eabi-gcc/7-2017q4/bin/../lib/gcc/arm-none-eabi/7.2.1/../../../../arm-none-eabi/lib/thumb/v6-m\libc_nano.a(lib_a-init.o)
                0x00007e1c                __libc_init_array
 .text.malloc   0x00007e64       0x14 c:/users/administrator/appdata/local/arduino15/packages/seeeduino/tools/arm-none-eabi-gcc/7-2017q4/bin/../lib/gcc/arm-none-eabi/7.2.1/../../../../arm-none-eabi/lib/thumb/v6-m\libc_nano.a(lib_a-malloc.o)
                0x00007e64                malloc
 .text.free     0x00007e78       0x14 c:/users/administrator/appdata/local/arduino15/packages/seeeduino/tools/arm-none-eabi-gcc/7-2017q4/bin/../lib/gcc/arm-none-eabi/7.2.1/../../../../arm-none-eabi/lib/thumb/v6-m\libc_nano.a(lib_a-malloc.o)
                0x00007e78                free
 .text.memcpy   0x00007e8c       0x12 c:/users/administrator/appdata/local/arduino15/packages/seeeduino/tools/arm-none-eabi-gcc/7-2017q4/bin/../lib/gcc/arm-none-eabi/7.2.1/../../../../arm-none-eabi/lib/thumb/v6-m\libc_nano.a(lib_a-memcpy-stub.o)
                0x00007e8c                memcpy
 .text.memset   0x00007e9e       0x10 c:/users/administrator/appdata/local/arduino15/packages/seeeduino/tools/arm-none-eabi-gcc/7-2017q4/bin/../lib/gcc/arm-none-eabi/7.2.1/../../../../arm-none-eabi/lib/thumb/v6-m\libc_nano.a(lib_a-memset.o)
                0x00007e9e                memset
 *fill*         0x00007eae        0x2 
 .text._free_r  0x00007eb0       0x94 c:/users/administrator/appdata/local/arduino15/packages/seeeduino/tools/arm-none-eabi-gcc/7-2017q4/bin/../lib/gcc/arm-none-eabi/7.2.1/../../../../arm-none-eabi/lib/thumb/v6-m\libc_nano.a(lib_a-nano-freer.o)
                0x00007eb0                _free_r
 .text._malloc_r
                0x00007f44       0xbc c:/users/administrator/appdata/local/arduino15/packages/seeeduino/tools/arm-none-eabi-gcc/7-2017q4/bin/../lib/gcc/arm-none-eabi/7.2.1/../../../../arm-none-eabi/lib/thumb/v6-m\libc_nano.a(lib_a-nano-mallocr.o)
                0x00007f44                _malloc_r
 .text.__cvt    0x00008000       0xc8 c:/users/administrator/appdata/local/arduino15/packages/seeeduino/tools/arm-none-eabi-gcc/7-2017q4/bin/../lib/gcc/arm-none-eabi/7.2.1/../../../../arm-none-eabi/lib/thumb/v6-m\libc_nano.a(lib_a-nano-vfprintf_float.o)
                0x00008000                __cvt
 .text.__exponent
                0x000080c8       0x70 c:/users/administrator/appdata/local/arduino15/packages/seeeduino/tools/arm-none-eabi-gcc/7-2017q4/bin/../lib/gcc/arm-none-eabi/7.2.1/../../../../arm-none-eabi/lib/thumb/v6-m\libc_nano.a(lib_a-nano-vfprintf_float.o)
                0x000080c8                __exponent
 .text._printf_float
                0x00008138      0x498 c:/users/administrator/appdata/local/arduino15/packages/seeeduino/tools/arm-none-eabi-gcc/7-2017q4/bin/../lib/gcc/arm-none-eabi/7.2.1/../../../../arm-none-eabi/lib/thumb/v6-m\libc_nano.a(lib_a-nano-vfprintf_float.o)
                0x00008138                _printf_float
 .text._printf_common
                0x000085d0       0xda c:/users/administrator/appdata/local/arduino15/packages/seeeduino/tools/arm-none-eabi-gcc/7-2017q4/bin/../lib/gcc/arm-none-eabi/7.2.1/../../../../arm-none-eabi/lib/thumb/v6-m\libc_nano.a(lib_a-nano-vfprintf_i.o)
                0x000085d0                _printf_common
 *fill*         0x000086aa        0x2 
 .text._printf_i
                0x000086ac      0x210 c:/users/administrator/appdata/local/arduino15/packages/seeeduino/tools/arm-none-eabi-gcc/7-2017q4/bin/../lib/gcc/arm-none-eabi/7.2.1/../../../../arm-none-eabi/lib/thumb/v6-m\libc_nano.a(lib_a-nano-vfprintf_i.o)
                0x000086ac                _printf_i
 .text._scanf_float
                0x000088bc      0x3fc c:/users/administrator/appdata/local/arduino15/packages/seeeduino/tools/arm-none-eabi-gcc/7-2017q4/bin/../lib/gcc/arm-none-eabi/7.2.1/../../../../arm-none-eabi/lib/thumb/v6-m\libc_nano.a(lib_a-nano-vfscanf_float.o)
                0x000088bc                _scanf_float
 .text.srand    0x00008cb8       0x48 c:/users/administrator/appdata/local/arduino15/packages/seeeduino/tools/arm-none-eabi-gcc/7-2017q4/bin/../lib/gcc/arm-none-eabi/7.2.1/../../../../arm-none-eabi/lib/thumb/v6-m\libc_nano.a(lib_a-rand.o)
                0x00008cb8                srand
 .text.rand     0x00008d00       0x64 c:/users/administrator/appdata/local/arduino15/packages/seeeduino/tools/arm-none-eabi-gcc/7-2017q4/bin/../lib/gcc/arm-none-eabi/7.2.1/../../../../arm-none-eabi/lib/thumb/v6-m\libc_nano.a(lib_a-rand.o)
                0x00008d00                rand
 .text._sbrk_r  0x00008d64       0x24 c:/users/administrator/appdata/local/arduino15/packages/seeeduino/tools/arm-none-eabi-gcc/7-2017q4/bin/../lib/gcc/arm-none-eabi/7.2.1/../../../../arm-none-eabi/lib/thumb/v6-m\libc_nano.a(lib_a-sbrkr.o)
                0x00008d64                _sbrk_r
 .text.nanf     0x00008d88        0x8 c:/users/administrator/appdata/local/arduino15/packages/seeeduino/tools/arm-none-eabi-gcc/7-2017q4/bin/../lib/gcc/arm-none-eabi/7.2.1/../../../../arm-none-eabi/lib/thumb/v6-m\libc_nano.a(lib_a-sf_nan.o)
                0x00008d88                nanf
 .text.sprintf  0x00008d90       0x40 c:/users/administrator/appdata/local/arduino15/packages/seeeduino/tools/arm-none-eabi-gcc/7-2017q4/bin/../lib/gcc/arm-none-eabi/7.2.1/../../../../arm-none-eabi/lib/thumb/v6-m\libc_nano.a(lib_a-sprintf.o)
                0x00008d90                siprintf
                0x00008d90                sprintf
 .text          0x00008dd0        0xe c:/users/administrator/appdata/local/arduino15/packages/seeeduino/tools/arm-none-eabi-gcc/7-2017q4/bin/../lib/gcc/arm-none-eabi/7.2.1/../../../../arm-none-eabi/lib/thumb/v6-m\libc_nano.a(lib_a-strlen.o)
                0x00008dd0                strlen
 *fill*         0x00008dde        0x2 
 .text.unlikely.sulp
                0x00008de0       0x30 c:/users/administrator/appdata/local/arduino15/packages/seeeduino/tools/arm-none-eabi-gcc/7-2017q4/bin/../lib/gcc/arm-none-eabi/7.2.1/../../../../arm-none-eabi/lib/thumb/v6-m\libc_nano.a(lib_a-strtod.o)
 .text._strtod_l
                0x00008e10      0xc50 c:/users/administrator/appdata/local/arduino15/packages/seeeduino/tools/arm-none-eabi-gcc/7-2017q4/bin/../lib/gcc/arm-none-eabi/7.2.1/../../../../arm-none-eabi/lib/thumb/v6-m\libc_nano.a(lib_a-strtod.o)
                0x00008e10                _strtod_l
 .text._strtod_r
                0x00009a60       0x1c c:/users/administrator/appdata/local/arduino15/packages/seeeduino/tools/arm-none-eabi-gcc/7-2017q4/bin/../lib/gcc/arm-none-eabi/7.2.1/../../../../arm-none-eabi/lib/thumb/v6-m\libc_nano.a(lib_a-strtod.o)
                0x00009a60                _strtod_r
 .text._strtol_l.isra.0
                0x00009a7c      0x104 c:/users/administrator/appdata/local/arduino15/packages/seeeduino/tools/arm-none-eabi-gcc/7-2017q4/bin/../lib/gcc/arm-none-eabi/7.2.1/../../../../arm-none-eabi/lib/thumb/v6-m\libc_nano.a(lib_a-strtol.o)
 .text._strtol_r
                0x00009b80       0x20 c:/users/administrator/appdata/local/arduino15/packages/seeeduino/tools/arm-none-eabi-gcc/7-2017q4/bin/../lib/gcc/arm-none-eabi/7.2.1/../../../../arm-none-eabi/lib/thumb/v6-m\libc_nano.a(lib_a-strtol.o)
                0x00009b80                _strtol_r
 .text.quorem   0x00009ba0      0x10c c:/users/administrator/appdata/local/arduino15/packages/seeeduino/tools/arm-none-eabi-gcc/7-2017q4/bin/../lib/gcc/arm-none-eabi/7.2.1/../../../../arm-none-eabi/lib/thumb/v6-m\libc_nano.a(lib_a-dtoa.o)
 .text._dtoa_r  0x00009cac      0xbc0 c:/users/administrator/appdata/local/arduino15/packages/seeeduino/tools/arm-none-eabi-gcc/7-2017q4/bin/../lib/gcc/arm-none-eabi/7.2.1/../../../../arm-none-eabi/lib/thumb/v6-m\libc_nano.a(lib_a-dtoa.o)
                0x00009cac                _dtoa_r
 .text.rshift   0x0000a86c       0x68 c:/users/administrator/appdata/local/arduino15/packages/seeeduino/tools/arm-none-eabi-gcc/7-2017q4/bin/../lib/gcc/arm-none-eabi/7.2.1/../../../../arm-none-eabi/lib/thumb/v6-m\libc_nano.a(lib_a-gdtoa-gethex.o)
 .text.__hexdig_fun
                0x0000a8d4       0x2a c:/users/administrator/appdata/local/arduino15/packages/seeeduino/tools/arm-none-eabi-gcc/7-2017q4/bin/../lib/gcc/arm-none-eabi/7.2.1/../../../../arm-none-eabi/lib/thumb/v6-m\libc_nano.a(lib_a-gdtoa-gethex.o)
                0x0000a8d4                __hexdig_fun
 .text.__gethex
                0x0000a8fe      0x456 c:/users/administrator/appdata/local/arduino15/packages/seeeduino/tools/arm-none-eabi-gcc/7-2017q4/bin/../lib/gcc/arm-none-eabi/7.2.1/../../../../arm-none-eabi/lib/thumb/v6-m\libc_nano.a(lib_a-gdtoa-gethex.o)
                0x0000a8fe                __gethex
 .text.L_shift  0x0000ad54       0x24 c:/users/administrator/appdata/local/arduino15/packages/seeeduino/tools/arm-none-eabi-gcc/7-2017q4/bin/../lib/gcc/arm-none-eabi/7.2.1/../../../../arm-none-eabi/lib/thumb/v6-m\libc_nano.a(lib_a-gdtoa-hexnan.o)
 .text.__match  0x0000ad78       0x28 c:/users/administrator/appdata/local/arduino15/packages/seeeduino/tools/arm-none-eabi-gcc/7-2017q4/bin/../lib/gcc/arm-none-eabi/7.2.1/../../../../arm-none-eabi/lib/thumb/v6-m\libc_nano.a(lib_a-gdtoa-hexnan.o)
                0x0000ad78                __match
 .text.__hexnan
                0x0000ada0      0x12e c:/users/administrator/appdata/local/arduino15/packages/seeeduino/tools/arm-none-eabi-gcc/7-2017q4/bin/../lib/gcc/arm-none-eabi/7.2.1/../../../../arm-none-eabi/lib/thumb/v6-m\libc_nano.a(lib_a-gdtoa-hexnan.o)
                0x0000ada0                __hexnan
 .text.__locale_ctype_ptr_l
                0x0000aece        0x6 c:/users/administrator/appdata/local/arduino15/packages/seeeduino/tools/arm-none-eabi-gcc/7-2017q4/bin/../lib/gcc/arm-none-eabi/7.2.1/../../../../arm-none-eabi/lib/thumb/v6-m\libc_nano.a(lib_a-locale.o)
                0x0000aece                __locale_ctype_ptr_l
 .text.__localeconv_l
                0x0000aed4        0x4 c:/users/administrator/appdata/local/arduino15/packages/seeeduino/tools/arm-none-eabi-gcc/7-2017q4/bin/../lib/gcc/arm-none-eabi/7.2.1/../../../../arm-none-eabi/lib/thumb/v6-m\libc_nano.a(lib_a-localeconv.o)
                0x0000aed4                __localeconv_l
 .text._localeconv_r
                0x0000aed8       0x18 c:/users/administrator/appdata/local/arduino15/packages/seeeduino/tools/arm-none-eabi-gcc/7-2017q4/bin/../lib/gcc/arm-none-eabi/7.2.1/../../../../arm-none-eabi/lib/thumb/v6-m\libc_nano.a(lib_a-localeconv.o)
                0x0000aed8                _localeconv_r
 .text.__ascii_mbtowc
                0x0000aef0       0x24 c:/users/administrator/appdata/local/arduino15/packages/seeeduino/tools/arm-none-eabi-gcc/7-2017q4/bin/../lib/gcc/arm-none-eabi/7.2.1/../../../../arm-none-eabi/lib/thumb/v6-m\libc_nano.a(lib_a-mbtowc_r.o)
                0x0000aef0                __ascii_mbtowc
 .text.memchr   0x0000af14       0x16 c:/users/administrator/appdata/local/arduino15/packages/seeeduino/tools/arm-none-eabi-gcc/7-2017q4/bin/../lib/gcc/arm-none-eabi/7.2.1/../../../../arm-none-eabi/lib/thumb/v6-m\libc_nano.a(lib_a-memchr-stub.o)
                0x0000af14                memchr
 .text.__malloc_lock
                0x0000af2a        0x2 c:/users/administrator/appdata/local/arduino15/packages/seeeduino/tools/arm-none-eabi-gcc/7-2017q4/bin/../lib/gcc/arm-none-eabi/7.2.1/../../../../arm-none-eabi/lib/thumb/v6-m\libc_nano.a(lib_a-mlock.o)
                0x0000af2a                __malloc_lock
 .text.__malloc_unlock
                0x0000af2c        0x2 c:/users/administrator/appdata/local/arduino15/packages/seeeduino/tools/arm-none-eabi-gcc/7-2017q4/bin/../lib/gcc/arm-none-eabi/7.2.1/../../../../arm-none-eabi/lib/thumb/v6-m\libc_nano.a(lib_a-mlock.o)
                0x0000af2c                __malloc_unlock
 .text._Balloc  0x0000af2e       0x70 c:/users/administrator/appdata/local/arduino15/packages/seeeduino/tools/arm-none-eabi-gcc/7-2017q4/bin/../lib/gcc/arm-none-eabi/7.2.1/../../../../arm-none-eabi/lib/thumb/v6-m\libc_nano.a(lib_a-mprec.o)
                0x0000af2e                _Balloc
 .text._Bfree   0x0000af9e       0x32 c:/users/administrator/appdata/local/arduino15/packages/seeeduino/tools/arm-none-eabi-gcc/7-2017q4/bin/../lib/gcc/arm-none-eabi/7.2.1/../../../../arm-none-eabi/lib/thumb/v6-m\libc_nano.a(lib_a-mprec.o)
                0x0000af9e                _Bfree
 .text.__multadd
                0x0000afd0       0x7c c:/users/administrator/appdata/local/arduino15/packages/seeeduino/tools/arm-none-eabi-gcc/7-2017q4/bin/../lib/gcc/arm-none-eabi/7.2.1/../../../../arm-none-eabi/lib/thumb/v6-m\libc_nano.a(lib_a-mprec.o)
                0x0000afd0                __multadd
 .text.__s2b    0x0000b04c       0x7c c:/users/administrator/appdata/local/arduino15/packages/seeeduino/tools/arm-none-eabi-gcc/7-2017q4/bin/../lib/gcc/arm-none-eabi/7.2.1/../../../../arm-none-eabi/lib/thumb/v6-m\libc_nano.a(lib_a-mprec.o)
                0x0000b04c                __s2b
 .text.__hi0bits
                0x0000b0c8       0x34 c:/users/administrator/appdata/local/arduino15/packages/seeeduino/tools/arm-none-eabi-gcc/7-2017q4/bin/../lib/gcc/arm-none-eabi/7.2.1/../../../../arm-none-eabi/lib/thumb/v6-m\libc_nano.a(lib_a-mprec.o)
                0x0000b0c8                __hi0bits
 .text.__lo0bits
                0x0000b0fc       0x5e c:/users/administrator/appdata/local/arduino15/packages/seeeduino/tools/arm-none-eabi-gcc/7-2017q4/bin/../lib/gcc/arm-none-eabi/7.2.1/../../../../arm-none-eabi/lib/thumb/v6-m\libc_nano.a(lib_a-mprec.o)
                0x0000b0fc                __lo0bits
 .text.__i2b    0x0000b15a       0x12 c:/users/administrator/appdata/local/arduino15/packages/seeeduino/tools/arm-none-eabi-gcc/7-2017q4/bin/../lib/gcc/arm-none-eabi/7.2.1/../../../../arm-none-eabi/lib/thumb/v6-m\libc_nano.a(lib_a-mprec.o)
                0x0000b15a                __i2b
 .text.__multiply
                0x0000b16c      0x11e c:/users/administrator/appdata/local/arduino15/packages/seeeduino/tools/arm-none-eabi-gcc/7-2017q4/bin/../lib/gcc/arm-none-eabi/7.2.1/../../../../arm-none-eabi/lib/thumb/v6-m\libc_nano.a(lib_a-mprec.o)
                0x0000b16c                __multiply
 *fill*         0x0000b28a        0x2 
 .text.__pow5mult
                0x0000b28c       0xa4 c:/users/administrator/appdata/local/arduino15/packages/seeeduino/tools/arm-none-eabi-gcc/7-2017q4/bin/../lib/gcc/arm-none-eabi/7.2.1/../../../../arm-none-eabi/lib/thumb/v6-m\libc_nano.a(lib_a-mprec.o)
                0x0000b28c                __pow5mult
 .text.__lshift
                0x0000b330       0xa4 c:/users/administrator/appdata/local/arduino15/packages/seeeduino/tools/arm-none-eabi-gcc/7-2017q4/bin/../lib/gcc/arm-none-eabi/7.2.1/../../../../arm-none-eabi/lib/thumb/v6-m\libc_nano.a(lib_a-mprec.o)
                0x0000b330                __lshift
 .text.__mcmp   0x0000b3d4       0x34 c:/users/administrator/appdata/local/arduino15/packages/seeeduino/tools/arm-none-eabi-gcc/7-2017q4/bin/../lib/gcc/arm-none-eabi/7.2.1/../../../../arm-none-eabi/lib/thumb/v6-m\libc_nano.a(lib_a-mprec.o)
                0x0000b3d4                __mcmp
 .text.__mdiff  0x0000b408       0xc8 c:/users/administrator/appdata/local/arduino15/packages/seeeduino/tools/arm-none-eabi-gcc/7-2017q4/bin/../lib/gcc/arm-none-eabi/7.2.1/../../../../arm-none-eabi/lib/thumb/v6-m\libc_nano.a(lib_a-mprec.o)
                0x0000b408                __mdiff
 .text.__ulp    0x0000b4d0       0x4c c:/users/administrator/appdata/local/arduino15/packages/seeeduino/tools/arm-none-eabi-gcc/7-2017q4/bin/../lib/gcc/arm-none-eabi/7.2.1/../../../../arm-none-eabi/lib/thumb/v6-m\libc_nano.a(lib_a-mprec.o)
                0x0000b4d0                __ulp
 .text.__b2d    0x0000b51c       0x98 c:/users/administrator/appdata/local/arduino15/packages/seeeduino/tools/arm-none-eabi-gcc/7-2017q4/bin/../lib/gcc/arm-none-eabi/7.2.1/../../../../arm-none-eabi/lib/thumb/v6-m\libc_nano.a(lib_a-mprec.o)
                0x0000b51c                __b2d
 .text.__d2b    0x0000b5b4       0xa8 c:/users/administrator/appdata/local/arduino15/packages/seeeduino/tools/arm-none-eabi-gcc/7-2017q4/bin/../lib/gcc/arm-none-eabi/7.2.1/../../../../arm-none-eabi/lib/thumb/v6-m\libc_nano.a(lib_a-mprec.o)
                0x0000b5b4                __d2b
 .text.__ratio  0x0000b65c       0x4e c:/users/administrator/appdata/local/arduino15/packages/seeeduino/tools/arm-none-eabi-gcc/7-2017q4/bin/../lib/gcc/arm-none-eabi/7.2.1/../../../../arm-none-eabi/lib/thumb/v6-m\libc_nano.a(lib_a-mprec.o)
                0x0000b65c                __ratio
 .text.__copybits
                0x0000b6aa       0x2c c:/users/administrator/appdata/local/arduino15/packages/seeeduino/tools/arm-none-eabi-gcc/7-2017q4/bin/../lib/gcc/arm-none-eabi/7.2.1/../../../../arm-none-eabi/lib/thumb/v6-m\libc_nano.a(lib_a-mprec.o)
                0x0000b6aa                __copybits
 .text.__any_on
                0x0000b6d6       0x44 c:/users/administrator/appdata/local/arduino15/packages/seeeduino/tools/arm-none-eabi-gcc/7-2017q4/bin/../lib/gcc/arm-none-eabi/7.2.1/../../../../arm-none-eabi/lib/thumb/v6-m\libc_nano.a(lib_a-mprec.o)
                0x0000b6d6                __any_on
 .text._calloc_r
                0x0000b71a       0x1c c:/users/administrator/appdata/local/arduino15/packages/seeeduino/tools/arm-none-eabi-gcc/7-2017q4/bin/../lib/gcc/arm-none-eabi/7.2.1/../../../../arm-none-eabi/lib/thumb/v6-m\libc_nano.a(lib_a-nano-callocr.o)
                0x0000b71a                _calloc_r
 *fill*         0x0000b736        0x2 
 .text.__ssputs_r
                0x0000b738       0xc4 c:/users/administrator/appdata/local/arduino15/packages/seeeduino/tools/arm-none-eabi-gcc/7-2017q4/bin/../lib/gcc/arm-none-eabi/7.2.1/../../../../arm-none-eabi/lib/thumb/v6-m\libc_nano.a(lib_a-nano-svfprintf.o)
                0x0000b738                __ssputs_r
 .text._svfprintf_r
                0x0000b7fc      0x1fc c:/users/administrator/appdata/local/arduino15/packages/seeeduino/tools/arm-none-eabi-gcc/7-2017q4/bin/../lib/gcc/arm-none-eabi/7.2.1/../../../../arm-none-eabi/lib/thumb/v6-m\libc_nano.a(lib_a-nano-svfprintf.o)
                0x0000b7fc                _svfiprintf_r
                0x0000b7fc                _svfprintf_r
 .text.strncmp  0x0000b9f8       0x22 c:/users/administrator/appdata/local/arduino15/packages/seeeduino/tools/arm-none-eabi-gcc/7-2017q4/bin/../lib/gcc/arm-none-eabi/7.2.1/../../../../arm-none-eabi/lib/thumb/v6-m\libc_nano.a(lib_a-strncmp.o)
                0x0000b9f8                strncmp
 .text.__ascii_wctomb
                0x0000ba1a       0x18 c:/users/administrator/appdata/local/arduino15/packages/seeeduino/tools/arm-none-eabi-gcc/7-2017q4/bin/../lib/gcc/arm-none-eabi/7.2.1/../../../../arm-none-eabi/lib/thumb/v6-m\libc_nano.a(lib_a-wctomb_r.o)
                0x0000ba1a                __ascii_wctomb
 .text.memmove  0x0000ba32       0x26 c:/users/administrator/appdata/local/arduino15/packages/seeeduino/tools/arm-none-eabi-gcc/7-2017q4/bin/../lib/gcc/arm-none-eabi/7.2.1/../../../../arm-none-eabi/lib/thumb/v6-m\libc_nano.a(lib_a-memmove.o)
                0x0000ba32                memmove
 .text._realloc_r
                0x0000ba58       0x4c c:/users/administrator/appdata/local/arduino15/packages/seeeduino/tools/arm-none-eabi-gcc/7-2017q4/bin/../lib/gcc/arm-none-eabi/7.2.1/../../../../arm-none-eabi/lib/thumb/v6-m\libc_nano.a(lib_a-nano-reallocr.o)
                0x0000ba58                _realloc_r
 .text._malloc_usable_size_r
                0x0000baa4       0x10 c:/users/administrator/appdata/local/arduino15/packages/seeeduino/tools/arm-none-eabi-gcc/7-2017q4/bin/../lib/gcc/arm-none-eabi/7.2.1/../../../../arm-none-eabi/lib/thumb/v6-m\libc_nano.a(lib_a-nano-msizer.o)
                0x0000baa4                _malloc_usable_size_r
 .text          0x0000bab4       0x54 c:/users/administrator/appdata/local/arduino15/packages/seeeduino/tools/arm-none-eabi-gcc/7-2017q4/bin/../lib/gcc/arm-none-eabi/7.2.1/thumb/v6-m\libgcc.a(_muldi3.o)
                0x0000bab4                __muldi3
                0x0000bab4                __aeabi_lmul
 *(.init)
 .init          0x0000bb08        0x4 c:/users/administrator/appdata/local/arduino15/packages/seeeduino/tools/arm-none-eabi-gcc/7-2017q4/bin/../lib/gcc/arm-none-eabi/7.2.1/thumb/v6-m/crti.o
                0x0000bb08                _init
 .init          0x0000bb0c        0x8 c:/users/administrator/appdata/local/arduino15/packages/seeeduino/tools/arm-none-eabi-gcc/7-2017q4/bin/../lib/gcc/arm-none-eabi/7.2.1/thumb/v6-m/crtn.o
 *(.fini)
 .fini          0x0000bb14        0x4 c:/users/administrator/appdata/local/arduino15/packages/seeeduino/tools/arm-none-eabi-gcc/7-2017q4/bin/../lib/gcc/arm-none-eabi/7.2.1/thumb/v6-m/crti.o
                0x0000bb14                _fini
 .fini          0x0000bb18        0x8 c:/users/administrator/appdata/local/arduino15/packages/seeeduino/tools/arm-none-eabi-gcc/7-2017q4/bin/../lib/gcc/arm-none-eabi/7.2.1/thumb/v6-m/crtn.o
 *crtbegin.o(.ctors)
 *crtbegin?.o(.ctors)
 *(EXCLUDE_FILE(*crtend.o *crtend?.o) .ctors)
 *(SORT_BY_NAME(.ctors.*))
 *(.ctors)
 *crtbegin.o(.dtors)
 *crtbegin?.o(.dtors)
 *(EXCLUDE_FILE(*crtend.o *crtend?.o) .dtors)
 *(SORT_BY_NAME(.dtors.*))
 *(.dtors)
 *(.rodata*)
 .rodata._ZTV14CLEDController
                0x0000bb20       0x20 c:\Personal\University\Code\C_CPP\Arduino_IDE\DBML\build\sketch\DBML.ino.cpp.o
                0x0000bb20                vtable for CLEDController
 .rodata._ZTV6WS2812ILh6EL6EOrder66EE
                0x0000bb40       0x24 c:\Personal\University\Code\C_CPP\Arduino_IDE\DBML\build\sketch\DBML.ino.cpp.o
                0x0000bb40                vtable for WS2812<(unsigned char)6, (EOrder)66>
 .rodata._ZTV6WS2812ILh7EL6EOrder66EE
                0x0000bb64       0x24 c:\Personal\University\Code\C_CPP\Arduino_IDE\DBML\build\sketch\DBML.ino.cpp.o
                0x0000bb64                vtable for WS2812<(unsigned char)7, (EOrder)66>
 .rodata._ZTV6WS2812ILh8EL6EOrder66EE
                0x0000bb88       0x24 c:\Personal\University\Code\C_CPP\Arduino_IDE\DBML\build\sketch\DBML.ino.cpp.o
                0x0000bb88                vtable for WS2812<(unsigned char)8, (EOrder)66>
 .rodata.g_APinDescription
                0x0000bbac      0x198 c:\Personal\University\Code\C_CPP\Arduino_IDE\DBML\build\core\variant.cpp.o
                0x0000bbac                g_APinDescription
 .rodata._ZL10sercomData
                0x0000bd44       0x30 c:\Personal\University\Code\C_CPP\Arduino_IDE\DBML\build/core\core.a(SERCOM.cpp.o)
 .rodata._ZTV4Uart
                0x0000bd74       0x34 c:\Personal\University\Code\C_CPP\Arduino_IDE\DBML\build/core\core.a(Uart.cpp.o)
                0x0000bd74                vtable for Uart
 .rodata._ZTV26DoubleBufferedEPOutHandler
                0x0000bda8       0x28 c:\Personal\University\Code\C_CPP\Arduino_IDE\DBML\build/core\core.a(USBCore.cpp.o)
                0x0000bda8                vtable for DoubleBufferedEPOutHandler
 .rodata._ZL14STRING_PRODUCT
                0x0000bdd0        0xe c:\Personal\University\Code\C_CPP\Arduino_IDE\DBML\build/core\core.a(USBCore.cpp.o)
 .rodata._ZL15STRING_LANGUAGE
                0x0000bdde        0x4 c:\Personal\University\Code\C_CPP\Arduino_IDE\DBML\build/core\core.a(USBCore.cpp.o)
 .rodata._ZL19STRING_MANUFACTURER
                0x0000bde2        0x6 c:\Personal\University\Code\C_CPP\Arduino_IDE\DBML\build/core\core.a(USBCore.cpp.o)
 .rodata._ZL20USB_DeviceDescriptor
                0x0000bde8       0x12 c:\Personal\University\Code\C_CPP\Arduino_IDE\DBML\build/core\core.a(USBCore.cpp.o)
 .rodata._ZL21USB_DeviceDescriptorB
                0x0000bdfa       0x12 c:\Personal\University\Code\C_CPP\Arduino_IDE\DBML\build/core\core.a(USBCore.cpp.o)
 .rodata._ZTV7Serial_
                0x0000be0c       0x28 c:\Personal\University\Code\C_CPP\Arduino_IDE\DBML\build/core\core.a(CDC.cpp.o)
                0x0000be0c                vtable for Serial_
 .rodata        0x0000be34       0x80 c:/users/administrator/appdata/local/arduino15/packages/seeeduino/tools/arm-none-eabi-gcc/7-2017q4/bin/../lib/gcc/arm-none-eabi/7.2.1/thumb/v6-m\libgcc.a(divsf3.o)
 .rodata        0x0000beb4       0x40 c:/users/administrator/appdata/local/arduino15/packages/seeeduino/tools/arm-none-eabi-gcc/7-2017q4/bin/../lib/gcc/arm-none-eabi/7.2.1/thumb/v6-m\libgcc.a(mulsf3.o)
 .rodata        0x0000bef4       0x40 c:/users/administrator/appdata/local/arduino15/packages/seeeduino/tools/arm-none-eabi-gcc/7-2017q4/bin/../lib/gcc/arm-none-eabi/7.2.1/thumb/v6-m\libgcc.a(divdf3.o)
 .rodata        0x0000bf34       0x40 c:/users/administrator/appdata/local/arduino15/packages/seeeduino/tools/arm-none-eabi-gcc/7-2017q4/bin/../lib/gcc/arm-none-eabi/7.2.1/thumb/v6-m\libgcc.a(muldf3.o)
 .rodata._printf_float.str1.1
                0x0000bf74       0x12 c:/users/administrator/appdata/local/arduino15/packages/seeeduino/tools/arm-none-eabi-gcc/7-2017q4/bin/../lib/gcc/arm-none-eabi/7.2.1/../../../../arm-none-eabi/lib/thumb/v6-m\libc_nano.a(lib_a-nano-vfprintf_float.o)
 .rodata._printf_i.str1.1
                0x0000bf86       0x22 c:/users/administrator/appdata/local/arduino15/packages/seeeduino/tools/arm-none-eabi-gcc/7-2017q4/bin/../lib/gcc/arm-none-eabi/7.2.1/../../../../arm-none-eabi/lib/thumb/v6-m\libc_nano.a(lib_a-nano-vfprintf_i.o)
 .rodata._scanf_float.str1.1
                0x0000bfa8        0x5 c:/users/administrator/appdata/local/arduino15/packages/seeeduino/tools/arm-none-eabi-gcc/7-2017q4/bin/../lib/gcc/arm-none-eabi/7.2.1/../../../../arm-none-eabi/lib/thumb/v6-m\libc_nano.a(lib_a-nano-vfscanf_float.o)
 .rodata._strtod_l.str1.1
                0x0000bfad        0x5 c:/users/administrator/appdata/local/arduino15/packages/seeeduino/tools/arm-none-eabi-gcc/7-2017q4/bin/../lib/gcc/arm-none-eabi/7.2.1/../../../../arm-none-eabi/lib/thumb/v6-m\libc_nano.a(lib_a-strtod.o)
                                  0xc (size before relaxing)
 *fill*         0x0000bfad        0x3 
 .rodata.fpi.6156
                0x0000bfb0       0x14 c:/users/administrator/appdata/local/arduino15/packages/seeeduino/tools/arm-none-eabi-gcc/7-2017q4/bin/../lib/gcc/arm-none-eabi/7.2.1/../../../../arm-none-eabi/lib/thumb/v6-m\libc_nano.a(lib_a-strtod.o)
 .rodata.fpinan.6192
                0x0000bfc4       0x14 c:/users/administrator/appdata/local/arduino15/packages/seeeduino/tools/arm-none-eabi-gcc/7-2017q4/bin/../lib/gcc/arm-none-eabi/7.2.1/../../../../arm-none-eabi/lib/thumb/v6-m\libc_nano.a(lib_a-strtod.o)
 .rodata.tinytens
                0x0000bfd8       0x28 c:/users/administrator/appdata/local/arduino15/packages/seeeduino/tools/arm-none-eabi-gcc/7-2017q4/bin/../lib/gcc/arm-none-eabi/7.2.1/../../../../arm-none-eabi/lib/thumb/v6-m\libc_nano.a(lib_a-strtod.o)
 .rodata._dtoa_r.str1.1
                0x0000c000        0xd c:/users/administrator/appdata/local/arduino15/packages/seeeduino/tools/arm-none-eabi-gcc/7-2017q4/bin/../lib/gcc/arm-none-eabi/7.2.1/../../../../arm-none-eabi/lib/thumb/v6-m\libc_nano.a(lib_a-dtoa.o)
                                  0xf (size before relaxing)
 *fill*         0x0000c00d        0x3 
 .rodata.__sf_fake_stderr
                0x0000c010       0x20 c:/users/administrator/appdata/local/arduino15/packages/seeeduino/tools/arm-none-eabi-gcc/7-2017q4/bin/../lib/gcc/arm-none-eabi/7.2.1/../../../../arm-none-eabi/lib/thumb/v6-m\libc_nano.a(lib_a-findfp.o)
                0x0000c010                __sf_fake_stderr
 .rodata.__sf_fake_stdin
                0x0000c030       0x20 c:/users/administrator/appdata/local/arduino15/packages/seeeduino/tools/arm-none-eabi-gcc/7-2017q4/bin/../lib/gcc/arm-none-eabi/7.2.1/../../../../arm-none-eabi/lib/thumb/v6-m\libc_nano.a(lib_a-findfp.o)
                0x0000c030                __sf_fake_stdin
 .rodata.__sf_fake_stdout
                0x0000c050       0x20 c:/users/administrator/appdata/local/arduino15/packages/seeeduino/tools/arm-none-eabi-gcc/7-2017q4/bin/../lib/gcc/arm-none-eabi/7.2.1/../../../../arm-none-eabi/lib/thumb/v6-m\libc_nano.a(lib_a-findfp.o)
                0x0000c050                __sf_fake_stdout
 .rodata._setlocale_r.str1.1
                0x0000c070        0x8 c:/users/administrator/appdata/local/arduino15/packages/seeeduino/tools/arm-none-eabi-gcc/7-2017q4/bin/../lib/gcc/arm-none-eabi/7.2.1/../../../../arm-none-eabi/lib/thumb/v6-m\libc_nano.a(lib_a-locale.o)
                                  0x9 (size before relaxing)
 .rodata.str1.1
                0x0000c078        0x2 c:/users/administrator/appdata/local/arduino15/packages/seeeduino/tools/arm-none-eabi-gcc/7-2017q4/bin/../lib/gcc/arm-none-eabi/7.2.1/../../../../arm-none-eabi/lib/thumb/v6-m\libc_nano.a(lib_a-locale.o)
 *fill*         0x0000c07a        0x6 
 .rodata.__mprec_bigtens
                0x0000c080       0x28 c:/users/administrator/appdata/local/arduino15/packages/seeeduino/tools/arm-none-eabi-gcc/7-2017q4/bin/../lib/gcc/arm-none-eabi/7.2.1/../../../../arm-none-eabi/lib/thumb/v6-m\libc_nano.a(lib_a-mprec.o)
                0x0000c080                __mprec_bigtens
 .rodata.__mprec_tens
                0x0000c0a8       0xc8 c:/users/administrator/appdata/local/arduino15/packages/seeeduino/tools/arm-none-eabi-gcc/7-2017q4/bin/../lib/gcc/arm-none-eabi/7.2.1/../../../../arm-none-eabi/lib/thumb/v6-m\libc_nano.a(lib_a-mprec.o)
                0x0000c0a8                __mprec_tens
 .rodata.p05.6084
                0x0000c170        0xc c:/users/administrator/appdata/local/arduino15/packages/seeeduino/tools/arm-none-eabi-gcc/7-2017q4/bin/../lib/gcc/arm-none-eabi/7.2.1/../../../../arm-none-eabi/lib/thumb/v6-m\libc_nano.a(lib_a-mprec.o)
 .rodata._svfprintf_r.str1.1
                0x0000c17c       0x11 c:/users/administrator/appdata/local/arduino15/packages/seeeduino/tools/arm-none-eabi-gcc/7-2017q4/bin/../lib/gcc/arm-none-eabi/7.2.1/../../../../arm-none-eabi/lib/thumb/v6-m\libc_nano.a(lib_a-nano-svfprintf.o)
 .rodata._ctype_
                0x0000c18d      0x101 c:/users/administrator/appdata/local/arduino15/packages/seeeduino/tools/arm-none-eabi-gcc/7-2017q4/bin/../lib/gcc/arm-none-eabi/7.2.1/../../../../arm-none-eabi/lib/thumb/v6-m\libc_nano.a(lib_a-ctype_.o)
                0x0000c18d                _ctype_
 *(.eh_frame*)
 *fill*         0x0000c28e        0x2 
 .eh_frame      0x0000c290        0x0 c:/users/administrator/appdata/local/arduino15/packages/seeeduino/tools/arm-none-eabi-gcc/7-2017q4/bin/../lib/gcc/arm-none-eabi/7.2.1/thumb/v6-m/crtbegin.o
 .eh_frame      0x0000c290        0x4 c:/users/administrator/appdata/local/arduino15/packages/seeeduino/tools/arm-none-eabi-gcc/7-2017q4/bin/../lib/gcc/arm-none-eabi/7.2.1/thumb/v6-m/crtend.o

.glue_7         0x0000c294        0x0
 .glue_7        0x0000c294        0x0 linker stubs

.glue_7t        0x0000c294        0x0
 .glue_7t       0x0000c294        0x0 linker stubs

.vfp11_veneer   0x0000c294        0x0
 .vfp11_veneer  0x0000c294        0x0 linker stubs

.v4_bx          0x0000c294        0x0
 .v4_bx         0x0000c294        0x0 linker stubs

.iplt           0x0000c294        0x0
 .iplt          0x0000c294        0x0 c:/users/administrator/appdata/local/arduino15/packages/seeeduino/tools/arm-none-eabi-gcc/7-2017q4/bin/../lib/gcc/arm-none-eabi/7.2.1/thumb/v6-m/crtbegin.o

.rel.dyn        0x0000c294        0x0
 .rel.iplt      0x0000c294        0x0 c:/users/administrator/appdata/local/arduino15/packages/seeeduino/tools/arm-none-eabi-gcc/7-2017q4/bin/../lib/gcc/arm-none-eabi/7.2.1/thumb/v6-m/crtbegin.o

.ARM.extab
 *(.ARM.extab* .gnu.linkonce.armextab.*)
                0x0000c294                __exidx_start = .

.ARM.exidx
 *(.ARM.exidx* .gnu.linkonce.armexidx.*)
                0x0000c294                __exidx_end = .
                0x0000c294                __etext = .

.data           0x20000000      0x280 load address 0x0000c294
                0x20000000                __data_start__ = .
 *(vtable)
 *(.data*)
 .data          0x20000000        0x4 c:/users/administrator/appdata/local/arduino15/packages/seeeduino/tools/arm-none-eabi-gcc/7-2017q4/bin/../lib/gcc/arm-none-eabi/7.2.1/thumb/v6-m/crtbegin.o
                0x20000000                __dso_handle
 .data.step     0x20000004        0x1 c:\Personal\University\Code\C_CPP\Arduino_IDE\DBML\build\sketch\DBML.ino.cpp.o
                0x20000004                step
 *fill*         0x20000005        0x3 
 .data.SystemCoreClock
                0x20000008        0x4 c:\Personal\University\Code\C_CPP\Arduino_IDE\DBML\build/core\core.a(wiring.c.o)
                0x20000008                SystemCoreClock
 .data._ADCResolution
                0x2000000c        0x4 c:\Personal\University\Code\C_CPP\Arduino_IDE\DBML\build/core\core.a(wiring_analog.c.o)
 .data._readResolution
                0x20000010        0x4 c:\Personal\University\Code\C_CPP\Arduino_IDE\DBML\build/core\core.a(wiring_analog.c.o)
 .data._ZL5ticks
                0x20000014        0x4 c:\Personal\University\Code\C_CPP\Arduino_IDE\DBML\build/core\core.a(Reset.cpp.o)
 .data.EndPoints
                0x20000018       0x28 c:\Personal\University\Code\C_CPP\Arduino_IDE\DBML\build/core\core.a(USBCore.cpp.o)
                0x20000018                EndPoints
 .data._ZL10breakValue
                0x20000040        0x4 c:\Personal\University\Code\C_CPP\Arduino_IDE\DBML\build/core\core.a(CDC.cpp.o)
 .data._ZL12_usbLineInfo
                0x20000044        0x8 c:\Personal\University\Code\C_CPP\Arduino_IDE\DBML\build/core\core.a(CDC.cpp.o)
 .data._ZL13_cdcInterface
                0x2000004c       0x42 c:\Personal\University\Code\C_CPP\Arduino_IDE\DBML\build/core\core.a(CDC.cpp.o)
 *fill*         0x2000008e        0x2 
 .data._serialPeek
                0x20000090        0x4 c:\Personal\University\Code\C_CPP\Arduino_IDE\DBML\build/core\core.a(CDC.cpp.o)
                0x20000090                _serialPeek
 .data._impure_ptr
                0x20000094        0x4 c:/users/administrator/appdata/local/arduino15/packages/seeeduino/tools/arm-none-eabi-gcc/7-2017q4/bin/../lib/gcc/arm-none-eabi/7.2.1/../../../../arm-none-eabi/lib/thumb/v6-m\libc_nano.a(lib_a-impure.o)
                0x20000094                _impure_ptr
 .data.impure_data
                0x20000098       0x60 c:/users/administrator/appdata/local/arduino15/packages/seeeduino/tools/arm-none-eabi-gcc/7-2017q4/bin/../lib/gcc/arm-none-eabi/7.2.1/../../../../arm-none-eabi/lib/thumb/v6-m\libc_nano.a(lib_a-impure.o)
 .data.__global_locale
                0x200000f8      0x16c c:/users/administrator/appdata/local/arduino15/packages/seeeduino/tools/arm-none-eabi-gcc/7-2017q4/bin/../lib/gcc/arm-none-eabi/7.2.1/../../../../arm-none-eabi/lib/thumb/v6-m\libc_nano.a(lib_a-locale.o)
                0x200000f8                __global_locale
                0x20000264                . = ALIGN (0x4)
                0x20000264                PROVIDE (__preinit_array_start, .)
 *(.preinit_array)
                0x20000264                PROVIDE (__preinit_array_end, .)
                0x20000264                . = ALIGN (0x4)
                0x20000264                PROVIDE (__init_array_start, .)
 *(SORT_BY_NAME(.init_array.*))
 *(.init_array)
 .init_array    0x20000264        0x4 c:/users/administrator/appdata/local/arduino15/packages/seeeduino/tools/arm-none-eabi-gcc/7-2017q4/bin/../lib/gcc/arm-none-eabi/7.2.1/thumb/v6-m/crtbegin.o
 .init_array    0x20000268        0x4 c:\Personal\University\Code\C_CPP\Arduino_IDE\DBML\build\sketch\DBML.ino.cpp.o
 .init_array    0x2000026c        0x4 c:\Personal\University\Code\C_CPP\Arduino_IDE\DBML\build\libraries\FastLED\FastLED.cpp.o
 .init_array    0x20000270        0x4 c:\Personal\University\Code\C_CPP\Arduino_IDE\DBML\build\core\variant.cpp.o
 .init_array    0x20000274        0x4 c:\Personal\University\Code\C_CPP\Arduino_IDE\DBML\build/core\core.a(USBCore.cpp.o)
 .init_array    0x20000278        0x4 c:\Personal\University\Code\C_CPP\Arduino_IDE\DBML\build/core\core.a(CDC.cpp.o)
                0x2000027c                PROVIDE (__init_array_end, .)
                0x2000027c                . = ALIGN (0x4)