Archive member included to satisfy reference by file (symbol)

c:\Personal\University\Code\C_CPP\Arduino_IDE\DBML\build/core\core.a(cortex_handlers.c.o)
                              (Reset_Handler)
c:\Personal\University\Code\C_CPP\Arduino_IDE\DBML\build/core\core.a(delay.c.o)
                              c:\Personal\University\Code\C_CPP\Arduino_IDE\DBML\build\libraries\FastLED\FastLED.cpp.o (millis)
c:\Personal\University\Code\C_CPP\Arduino_IDE\DBML\build/core\core.a(hooks.c.o)
                              c:\Personal\University\Code\C_CPP\Arduino_IDE\DBML\build\libraries\FastLED\FastLED.cpp.o (yield)
c:\Personal\University\Code\C_CPP\Arduino_IDE\DBML\build/core\core.a(startup.c.o)
                              c:\Personal\University\Code\C_CPP\Arduino_IDE\DBML\build/core\core.a(cortex_handlers.c.o) (SystemInit)
c:\Personal\University\Code\C_CPP\Arduino_IDE\DBML\build/core\core.a(wiring.c.o)
                              c:\Personal\University\Code\C_CPP\Arduino_IDE\DBML\build/core\core.a(startup.c.o) (SystemCoreClock)
c:\Personal\University\Code\C_CPP\Arduino_IDE\DBML\build/core\core.a(wiring_analog.c.o)
                              c:\Personal\University\Code\C_CPP\Arduino_IDE\DBML\build/core\core.a(wiring.c.o) (analogReference)
c:\Personal\University\Code\C_CPP\Arduino_IDE\DBML\build/core\core.a(wiring_digital.c.o)
                              c:\Personal\University\Code\C_CPP\Arduino_IDE\DBML\build\sketch\DBML.ino.cpp.o (pinMode)
c:\Personal\University\Code\C_CPP\Arduino_IDE\DBML\build/core\core.a(wiring_private.c.o)
                              c:\Personal\University\Code\C_CPP\Arduino_IDE\DBML\build/core\core.a(wiring_analog.c.o) (mapResolution)
c:\Personal\University\Code\C_CPP\Arduino_IDE\DBML\build/core\core.a(Reset.cpp.o)
                              c:\Personal\University\Code\C_CPP\Arduino_IDE\DBML\build/core\core.a(delay.c.o) (tickReset)
c:\Personal\University\Code\C_CPP\Arduino_IDE\DBML\build/core\core.a(Retarget.cpp.o)
                              (__wrap__write)
c:\Personal\University\Code\C_CPP\Arduino_IDE\DBML\build/core\core.a(SERCOM.cpp.o)
                              c:\Personal\University\Code\C_CPP\Arduino_IDE\DBML\build\core\variant.cpp.o (SERCOM::SERCOM(Sercom*))
c:\Personal\University\Code\C_CPP\Arduino_IDE\DBML\build/core\core.a(Uart.cpp.o)
                              c:\Personal\University\Code\C_CPP\Arduino_IDE\DBML\build\core\variant.cpp.o (Uart::Uart(SERCOM*, unsigned char, unsigned char, SercomRXPad, SercomUartTXPad))
c:\Personal\University\Code\C_CPP\Arduino_IDE\DBML\build/core\core.a(WMath.cpp.o)
                              c:\Personal\University\Code\C_CPP\Arduino_IDE\DBML\build\sketch\DBML.ino.cpp.o (randomSeed(unsigned long))
c:\Personal\University\Code\C_CPP\Arduino_IDE\DBML\build/core\core.a(abi.cpp.o)
                              c:\Personal\University\Code\C_CPP\Arduino_IDE\DBML\build\sketch\DBML.ino.cpp.o (__cxa_pure_virtual)
c:\Personal\University\Code\C_CPP\Arduino_IDE\DBML\build/core\core.a(main.cpp.o)
                              c:/users/administrator/appdata/local/arduino15/packages/seeeduino/tools/arm-none-eabi-gcc/7-2017q4/bin/../lib/gcc/arm-none-eabi/7.2.1/../../../../arm-none-eabi/lib/thumb/v6-m/crt0.o (main)
c:\Personal\University\Code\C_CPP\Arduino_IDE\DBML\build/core\core.a(Print.cpp.o)
                              c:\Personal\University\Code\C_CPP\Arduino_IDE\DBML\build/core\core.a(Uart.cpp.o) (Print::write(unsigned char const*, unsigned int))
c:\Personal\University\Code\C_CPP\Arduino_IDE\DBML\build/core\core.a(USBCore.cpp.o)
                              c:\Personal\University\Code\C_CPP\Arduino_IDE\DBML\build/core\core.a(main.cpp.o) (USBDeviceClass::init())
c:\Personal\University\Code\C_CPP\Arduino_IDE\DBML\build/core\core.a(new.cpp.o)
                              c:\Personal\University\Code\C_CPP\Arduino_IDE\DBML\build/core\core.a(USBCore.cpp.o) (operator new(unsigned int))
c:\Personal\University\Code\C_CPP\Arduino_IDE\DBML\build/core\core.a(CDC.cpp.o)
                              c:\Personal\University\Code\C_CPP\Arduino_IDE\DBML\build/core\core.a(USBCore.cpp.o) (CDC_GetInterface(unsigned char*))
c:\Personal\University\Code\C_CPP\Arduino_IDE\DBML\build/core\core.a(PluggableUSB.cpp.o)
                              c:\Personal\University\Code\C_CPP\Arduino_IDE\DBML\build/core\core.a(USBCore.cpp.o) (PluggableUSB_::getInterface(unsigned char*))
c:\Personal\University\Code\C_CPP\Arduino_IDE\DBML\build/core\core.a(SAMD21_USBDevice.cpp.o)
                              c:\Personal\University\Code\C_CPP\Arduino_IDE\DBML\build/core\core.a(USBCore.cpp.o) (USBDevice_SAMD21G18x::reset())
c:/users/administrator/appdata/local/arduino15/packages/seeeduino/tools/arm-none-eabi-gcc/7-2017q4/bin/../lib/gcc/arm-none-eabi/7.2.1/../../../../arm-none-eabi/lib/thumb/v6-m\libstdc++_nano.a(del_ops.o)
                              c:\Personal\University\Code\C_CPP\Arduino_IDE\DBML\build/core\core.a(USBCore.cpp.o) (operator delete(void*, unsigned int))
[...]
Memory Configuration

Name             Origin             Length             Attributes
FLASH            0x00002000         0x0003e000         xr
RAM              0x20000000         0x00008000         xrw
*default*        0x00000000         0xffffffff

Linker script and memory map

LOAD c:/users/administrator/appdata/local/arduino15/packages/seeeduino/tools/arm-none-eabi-gcc/7-2017q4/bin/../lib/gcc/arm-none-eabi/7.2.1/thumb/v6-m/crti.o
LOAD c:/users/administrator/appdata/local/arduino15/packages/seeeduino/tools/arm-none-eabi-gcc/7-2017q4/bin/../lib/gcc/arm-none-eabi/7.2.1/thumb/v6-m/crtbegin.o
LOAD c:/users/administrator/appdata/local/arduino15/packages/seeeduino/tools/arm-none-eabi-gcc/7-2017q4/bin/../lib/gcc/arm-none-eabi/7.2.1/../../../../arm-none-eabi/lib/thumb/v6-m/crt0.o
LOAD c:\Personal\University\Code\C_CPP\Arduino_IDE\DBML\build\sketch\DBML.ino.cpp.o
LOAD c:\Personal\University\Code\C_CPP\Arduino_IDE\DBML\build\libraries\FastLED\FastLED.cpp.o
LOAD c:\Personal\University\Code\C_CPP\Arduino_IDE\DBML\build\libraries\FastLED\bitswap.cpp.o
LOAD c:\Personal\University\Code\C_CPP\Arduino_IDE\DBML\build\libraries\FastLED\colorpalettes.cpp.o
LOAD c:\Personal\University\Code\C_CPP\Arduino_IDE\DBML\build\libraries\FastLED\colorutils.cpp.o
LOAD c:\Personal\University\Code\C_CPP\Arduino_IDE\DBML\build\libraries\FastLED\hsv2rgb.cpp.o
LOAD c:\Personal\University\Code\C_CPP\Arduino_IDE\DBML\build\libraries\FastLED\lib8tion.cpp.o
LOAD c:\Personal\University\Code\C_CPP\Arduino_IDE\DBML\build\libraries\FastLED\noise.cpp.o
LOAD c:\Personal\University\Code\C_CPP\Arduino_IDE\DBML\build\libraries\FastLED\platforms.cpp.o
LOAD c:\Personal\University\Code\C_CPP\Arduino_IDE\DBML\build\libraries\FastLED\power_mgt.cpp.o
LOAD c:\Personal\University\Code\C_CPP\Arduino_IDE\DBML\build\libraries\FastLED\wiring.cpp.o
LOAD c:\Personal\University\Code\C_CPP\Arduino_IDE\DBML\build\libraries\FastLED\platforms\esp\32\clockless_rmt_esp32.cpp.o
LOAD c:\Personal\University\Code\C_CPP\Arduino_IDE\DBML\build\core\variant.cpp.o
START GROUP
LOAD C:\Users\Administrator\AppData\Local\Arduino15\packages\Seeeduino\tools\CMSIS\5.4.0/CMSIS/Lib/GCC/\libarm_cortexM0l_math.a
LOAD c:\Personal\University\Code\C_CPP\Arduino_IDE\DBML\build/core\core.a
END GROUP
LOAD c:/users/administrator/appdata/local/arduino15/packages/seeeduino/tools/arm-none-eabi-gcc/7-2017q4/bin/../lib/gcc/arm-none-eabi/7.2.1/../../../../arm-none-eabi/lib/thumb/v6-m\libstdc++_nano.a
LOAD c:/users/administrator/appdata/local/arduino15/packages/seeeduino/tools/arm-none-eabi-gcc/7-2017q4/bin/../lib/gcc/arm-none-eabi/7.2.1/../../../../arm-none-eabi/lib/thumb/v6-m\libm.a
START GROUP
LOAD c:/users/administrator/appdata/local/arduino15/packages/seeeduino/tools/arm-none-eabi-gcc/7-2017q4/bin/../lib/gcc/arm-none-eabi/7.2.1/thumb/v6-m\libgcc.a
LOAD c:/users/administrator/appdata/local/arduino15/packages/seeeduino/tools/arm-none-eabi-gcc/7-2017q4/bin/../lib/gcc/arm-none-eabi/7.2.1/../../../../arm-none-eabi/lib/thumb/v6-m\libc_nano.a
END GROUP
START GROUP
LOAD c:/users/administrator/appdata/local/arduino15/packages/seeeduino/tools/arm-none-eabi-gcc/7-2017q4/bin/../lib/gcc/arm-none-eabi/7.2.1/thumb/v6-m\libgcc.a
LOAD c:/users/administrator/appdata/local/arduino15/packages/seeeduino/tools/arm-none-eabi-gcc/7-2017q4/bin/../lib/gcc/arm-none-eabi/7.2.1/../../../../arm-none-eabi/lib/thumb/v6-m\libc_nano.a
LOAD c:/users/administrator/appdata/local/arduino15/packages/seeeduino/tools/arm-none-eabi-gcc/7-2017q4/bin/../lib/gcc/arm-none-eabi/7.2.1/../../../../arm-none-eabi/lib/thumb/v6-m\libnosys.a
END GROUP
START GROUP
LOAD c:/users/administrator/appdata/local/arduino15/packages/seeeduino/tools/arm-none-eabi-gcc/7-2017q4/bin/../lib/gcc/arm-none-eabi/7.2.1/thumb/v6-m\libgcc.a
LOAD c:/users/administrator/appdata/local/arduino15/packages/seeeduino/tools/arm-none-eabi-gcc/7-2017q4/bin/../lib/gcc/arm-none-eabi/7.2.1/../../../../arm-none-eabi/lib/thumb/v6-m\libc_nano.a
LOAD c:/users/administrator/appdata/local/arduino15/packages/seeeduino/tools/arm-none-eabi-gcc/7-2017q4/bin/../lib/gcc/arm-none-eabi/7.2.1/../../../../arm-none-eabi/lib/thumb/v6-m\libnosys.a
END GROUP
LOAD c:/users/administrator/appdata/local/arduino15/packages/seeeduino/tools/arm-none-eabi-gcc/7-2017q4/bin/../lib/gcc/arm-none-eabi/7.2.1/thumb/v6-m/crtend.o
LOAD c:/users/administrator/appdata/local/arduino15/packages/seeeduino/tools/arm-none-eabi-gcc/7-2017q4/bin/../lib/gcc/arm-none-eabi/7.2.1/thumb/v6-m/crtn.o

.text           0x00002000     0x9ae4
                0x00002000                __text_start__ = .
 *(.isr_vector)
 .isr_vector    0x00002000       0xb4 c:\Personal\University\Code\C_CPP\Arduino_IDE\DBML\build/core\core.a(cortex_handlers.c.o)
                0x00002000                exception_table
 *(.text*)
 .text          0x000020b4       0x48 c:/users/administrator/appdata/local/arduino15/packages/seeeduino/tools/arm-none-eabi-gcc/7-2017q4/bin/../lib/gcc/arm-none-eabi/7.2.1/thumb/v6-m/crtbegin.o
 .text._ZN14CLEDController4sizeEv
                0x000020fc        0x4 c:\Personal\University\Code\C_CPP\Arduino_IDE\DBML\build\sketch\DBML.ino.cpp.o
                0x000020fc                CLEDController::size()
 .text._ZN14CLEDController9clearLedsEi
                0x00002100       0x1e c:\Personal\University\Code\C_CPP\Arduino_IDE\DBML\build\sketch\DBML.ino.cpp.o
                0x00002100                CLEDController::clearLeds(int)
 .text._ZNK14CLEDController17getMaxRefreshRateEv
                0x0000211e        0x4 c:\Personal\University\Code\C_CPP\Arduino_IDE\DBML\build\sketch\DBML.ino.cpp.o
                0x0000211e                CLEDController::getMaxRefreshRate() const
 .text._ZNK19ClocklessControllerILh8ELi12ELi30ELi18EL6EOrder66ELi0ELb0ELi50EE17getMaxRefreshRateEv
                0x00002122        0x6 c:\Personal\University\Code\C_CPP\Arduino_IDE\DBML\build\sketch\DBML.ino.cpp.o
                0x00002122                ClocklessController<(unsigned char)8, 12, 30, 18, (EOrder)66, 0, false, 50>::getMaxRefreshRate() const
 .text._ZNK19ClocklessControllerILh7ELi12ELi30ELi18EL6EOrder66ELi0ELb0ELi50EE17getMaxRefreshRateEv
                0x00002128        0x6 c:\Personal\University\Code\C_CPP\Arduino_IDE\DBML\build\sketch\DBML.ino.cpp.o
                0x00002128                ClocklessController<(unsigned char)7, 12, 30, 18, (EOrder)66, 0, false, 50>::getMaxRefreshRate() const
 .text._ZNK19ClocklessControllerILh6ELi12ELi30ELi18EL6EOrder66ELi0ELb0ELi50EE17getMaxRefreshRateEv
                0x0000212e        0x6 c:\Personal\University\Code\C_CPP\Arduino_IDE\DBML\build\sketch\DBML.ino.cpp.o
                0x0000212e                ClocklessController<(unsigned char)6, 12, 30, 18, (EOrder)66, 0, false, 50>::getMaxRefreshRate() const
 .text._ZN19ClocklessControllerILh8ELi12ELi30ELi18EL6EOrder66ELi0ELb0ELi50EE4initEv
                0x00002134       0x1c c:\Personal\University\Code\C_CPP\Arduino_IDE\DBML\build\sketch\DBML.ino.cpp.o
                0x00002134                ClocklessController<(unsigned char)8, 12, 30, 18, (EOrder)66, 0, false, 50>::init()
 .text._ZN19ClocklessControllerILh7ELi12ELi30ELi18EL6EOrder66ELi0ELb0ELi50EE4initEv
                0x00002150       0x1c c:\Personal\University\Code\C_CPP\Arduino_IDE\DBML\build\sketch\DBML.ino.cpp.o
                0x00002150                ClocklessController<(unsigned char)7, 12, 30, 18, (EOrder)66, 0, false, 50>::init()
 .text._ZN19ClocklessControllerILh6ELi12ELi30ELi18EL6EOrder66ELi0ELb0ELi50EE4initEv
                0x0000216c       0x1c c:\Personal\University\Code\C_CPP\Arduino_IDE\DBML\build\sketch\DBML.ino.cpp.o
                0x0000216c                ClocklessController<(unsigned char)6, 12, 30, 18, (EOrder)66, 0, false, 50>::init()
 .text._ZN14CLEDControllerC2Ev
                0x00002188       0x3c c:\Personal\University\Code\C_CPP\Arduino_IDE\DBML\build\sketch\DBML.ino.cpp.o
                0x00002188                CLEDController::CLEDController()
                0x00002188                CLEDController::CLEDController()
 .text._Z11Switch_Initv
                0x000021c4        0xc c:\Personal\University\Code\C_CPP\Arduino_IDE\DBML\build\sketch\DBML.ino.cpp.o
                0x000021c4                Switch_Init()
 .text._Z19Switch_State_Updatev
                0x000021d0       0x54 c:\Personal\University\Code\C_CPP\Arduino_IDE\DBML\build\sketch\DBML.ino.cpp.o
                0x000021d0                Switch_State_Update()
 .text._Z10Strip_Initv
                0x00002224       0xdc c:\Personal\University\Code\C_CPP\Arduino_IDE\DBML\build\sketch\DBML.ino.cpp.o
                0x00002224                Strip_Init()
 .text.setup    0x00002300       0x24 c:\Personal\University\Code\C_CPP\Arduino_IDE\DBML\build\sketch\DBML.ino.cpp.o
                0x00002300                setup
 .text._Z17Strip_Update_Fadea
                0x00002324       0x8c c:\Personal\University\Code\C_CPP\Arduino_IDE\DBML\build\sketch\DBML.ino.cpp.o
                0x00002324                Strip_Update_Fade(signed char)
 .text._Z11Strip_Closev
                0x000023b0       0x38 c:\Personal\University\Code\C_CPP\Arduino_IDE\DBML\build\sketch\DBML.ino.cpp.o
                0x000023b0                Strip_Close()
 .text._Z11Strip_Solidv
                0x000023e8       0x3c c:\Personal\University\Code\C_CPP\Arduino_IDE\DBML\build\sketch\DBML.ino.cpp.o
                0x000023e8                Strip_Solid()
 .text._Z7MM_Duskv
                0x00002424       0x88 c:\Personal\University\Code\C_CPP\Arduino_IDE\DBML\build\sketch\DBML.ino.cpp.o
                0x00002424                MM_Dusk()
 .text._Z8MM_Discos
                0x000024ac       0x8c c:\Personal\University\Code\C_CPP\Arduino_IDE\DBML\build\sketch\DBML.ino.cpp.o
                0x000024ac                MM_Disco(short)
 .text._Z12Strip_Miragea
                0x00002538       0x1a c:\Personal\University\Code\C_CPP\Arduino_IDE\DBML\build\sketch\DBML.ino.cpp.o
                0x00002538                Strip_Mirage(signed char)
 .text._Z11Strip_Musicas
                0x00002552        0xe c:\Personal\University\Code\C_CPP\Arduino_IDE\DBML\build\sketch\DBML.ino.cpp.o
                0x00002552                Strip_Music(signed char, short)
 .text.loop     0x00002560       0x70 c:\Personal\University\Code\C_CPP\Arduino_IDE\DBML\build\sketch\DBML.ino.cpp.o
                0x00002560                loop
 .text._ZN8CMinWaitILi50EE4waitEv
                0x000025d0       0x14 c:\Personal\University\Code\C_CPP\Arduino_IDE\DBML\build\sketch\DBML.ino.cpp.o
                0x000025d0                CMinWait<50>::wait()
 .text._ZN15PixelControllerIL6EOrder66ELi1ELm4294967295EEC2ERKS1_
                0x000025e4       0x40 c:\Personal\University\Code\C_CPP\Arduino_IDE\DBML\build\sketch\DBML.ino.cpp.o
                0x000025e4                PixelController<(EOrder)66, 1, 4294967295ul>::PixelController(PixelController<(EOrder)66, 1, 4294967295ul> const&)
                0x000025e4                PixelController<(EOrder)66, 1, 4294967295ul>::PixelController(PixelController<(EOrder)66, 1, 4294967295ul> const&)
 .text._Z11showLedDataILi8ELi4ELi12ELi30ELi18EL6EOrder66ELi50EEiPVmmPKhmP15M0ClocklessData
                0x00002624      0x4f4 c:\Personal\University\Code\C_CPP\Arduino_IDE\DBML\build\sketch\DBML.ino.cpp.o
                0x00002624                int showLedData<8, 4, 12, 30, 18, (EOrder)66, 50>(unsigned long volatile*, unsigned long, unsigned char const*, unsigned long, M0ClocklessData*)
 .text._ZN19ClocklessControllerILh6ELi12ELi30ELi18EL6EOrder66ELi0ELb0ELi50EE15showRGBInternalE15PixelControllerILS0_66ELi1ELm4294967295EE
                0x00002b18       0x44 c:\Personal\University\Code\C_CPP\Arduino_IDE\DBML\build\sketch\DBML.ino.cpp.o
                0x00002b18                ClocklessController<(unsigned char)6, 12, 30, 18, (EOrder)66, 0, false, 50>::showRGBInternal(PixelController<(EOrder)66, 1, 4294967295ul>)
 .text._ZN19ClocklessControllerILh6ELi12ELi30ELi18EL6EOrder66ELi0ELb0ELi50EE10showPixelsER15PixelControllerILS0_66ELi1ELm4294967295EE
                0x00002b5c       0x48 c:\Personal\University\Code\C_CPP\Arduino_IDE\DBML\build\sketch\DBML.ino.cpp.o
                0x00002b5c                ClocklessController<(unsigned char)6, 12, 30, 18, (EOrder)66, 0, false, 50>::showPixels(PixelController<(EOrder)66, 1, 4294967295ul>&)
 .text._ZN19ClocklessControllerILh8ELi12ELi30ELi18EL6EOrder66ELi0ELb0ELi50EE15showRGBInternalE15PixelControllerILS0_66ELi1ELm4294967295EE
                0x00002ba4       0x44 c:\Personal\University\Code\C_CPP\Arduino_IDE\DBML\build\sketch\DBML.ino.cpp.o
                0x00002ba4                ClocklessController<(unsigned char)8, 12, 30, 18, (EOrder)66, 0, false, 50>::showRGBInternal(PixelController<(EOrder)66, 1, 4294967295ul>)
 .text._ZN19ClocklessControllerILh8ELi12ELi30ELi18EL6EOrder66ELi0ELb0ELi50EE10showPixelsER15PixelControllerILS0_66ELi1ELm4294967295EE
                0x00002be8       0x48 c:\Personal\University\Code\C_CPP\Arduino_IDE\DBML\build\sketch\DBML.ino.cpp.o
                0x00002be8                ClocklessController<(unsigned char)8, 12, 30, 18, (EOrder)66, 0, false, 50>::showPixels(PixelController<(EOrder)66, 1, 4294967295ul>&)
 .text._ZN19ClocklessControllerILh7ELi12ELi30ELi18EL6EOrder66ELi0ELb0ELi50EE15showRGBInternalE15PixelControllerILS0_66ELi1ELm4294967295EE
                0x00002c30       0x44 c:\Personal\University\Code\C_CPP\Arduino_IDE\DBML\build\sketch\DBML.ino.cpp.o
                0x00002c30                ClocklessController<(unsigned char)7, 12, 30, 18, (EOrder)66, 0, false, 50>::showRGBInternal(PixelController<(EOrder)66, 1, 4294967295ul>)
 .text._ZN19ClocklessControllerILh7ELi12ELi30ELi18EL6EOrder66ELi0ELb0ELi50EE10showPixelsER15PixelControllerILS0_66ELi1ELm4294967295EE
                0x00002c74       0x48 c:\Personal\University\Code\C_CPP\Arduino_IDE\DBML\build\sketch\DBML.ino.cpp.o
                0x00002c74                ClocklessController<(unsigned char)7, 12, 30, 18, (EOrder)66, 0, false, 50>::showPixels(PixelController<(EOrder)66, 1, 4294967295ul>&)
 .text._ZN15PixelControllerIL6EOrder66ELi1ELm4294967295EE21init_binary_ditheringEv
                0x00002cbc       0x70 c:\Personal\University\Code\C_CPP\Arduino_IDE\DBML\build\sketch\DBML.ino.cpp.o
                0x00002cbc                PixelController<(EOrder)66, 1, 4294967295ul>::init_binary_dithering()
 .text._ZN19CPixelLEDControllerIL6EOrder66ELi1ELm4294967295EE9showColorERK4CRGBiS2_
                0x00002d2c       0x44 c:\Personal\University\Code\C_CPP\Arduino_IDE\DBML\build\sketch\DBML.ino.cpp.o
                0x00002d2c                CPixelLEDController<(EOrder)66, 1, 4294967295ul>::showColor(CRGB const&, int, CRGB)
 .text._ZN19CPixelLEDControllerIL6EOrder66ELi1ELm4294967295EE4showEPK4CRGBiS2_
                0x00002d70       0x46 c:\Personal\University\Code\C_CPP\Arduino_IDE\DBML\build\sketch\DBML.ino.cpp.o
                0x00002d70                CPixelLEDController<(EOrder)66, 1, 4294967295ul>::show(CRGB const*, int, CRGB)
 .text._ZN14CLEDController17computeAdjustmentEhRK4CRGBS2_
                0x00002db6       0x48 c:\Personal\University\Code\C_CPP\Arduino_IDE\DBML\build\libraries\FastLED\FastLED.cpp.o
                0x00002db6                CLEDController::computeAdjustment(unsigned char, CRGB const&, CRGB const&)
 *fill*         0x00002dfe        0x2 
 .text._ZN8CFastLED7addLedsEP14CLEDControllerP4CRGBii
                0x00002e00       0x50 c:\Personal\University\Code\C_CPP\Arduino_IDE\DBML\build\libraries\FastLED\FastLED.cpp.o
                0x00002e00                CFastLED::addLeds(CLEDController*, CRGB*, int, int)
 .text._ZN8CFastLED8countFPSEi
                0x00002e50       0x40 c:\Personal\University\Code\C_CPP\Arduino_IDE\DBML\build\libraries\FastLED\FastLED.cpp.o
                0x00002e50                CFastLED::countFPS(int)
 .text._ZN8CFastLED4showEh
                0x00002e90       0xa4 c:\Personal\University\Code\C_CPP\Arduino_IDE\DBML\build\libraries\FastLED\FastLED.cpp.o
                0x00002e90                CFastLED::show(unsigned char)
 .text.startup._GLOBAL__sub_I_pSmartMatrix
                0x00002f34       0x18 c:\Personal\University\Code\C_CPP\Arduino_IDE\DBML\build\libraries\FastLED\FastLED.cpp.o
 .text._Z15hsv2rgb_rainbowRK4CHSVR4CRGB
                0x00002f4c      0x144 c:\Personal\University\Code\C_CPP\Arduino_IDE\DBML\build\libraries\FastLED\hsv2rgb.cpp.o
                0x00002f4c                hsv2rgb_rainbow(CHSV const&, CRGB&)
 .text.SERCOM4_Handler
                0x00003090       0x10 c:\Personal\University\Code\C_CPP\Arduino_IDE\DBML\build\core\variant.cpp.o
                0x00003090                SERCOM4_Handler
 .text.startup._GLOBAL__sub_I_g_APinDescription
                0x000030a0       0x80 c:\Personal\University\Code\C_CPP\Arduino_IDE\DBML\build\core\variant.cpp.o
 .text.Dummy_Handler
                0x00003120        0x2 c:\Personal\University\Code\C_CPP\Arduino_IDE\DBML\build/core\core.a(cortex_handlers.c.o)
                0x00003120                DMAC_Handler
                0x00003120                HardFault_Handler
                0x00003120                AC_Handler
                0x00003120                PendSV_Handler
                0x00003120                NMI_Handler
                0x00003120                TC7_Handler
                0x00003120                SERCOM1_Handler
                0x00003120                ADC_Handler
                0x00003120                TCC1_Handler
                0x00003120                SERCOM2_Handler
                0x00003120                TCC0_Handler
                0x00003120                RTC_Handler
                0x00003120                EIC_Handler
                0x00003120                TC6_Handler
                0x00003120                WDT_Handler
                0x00003120                TC4_Handler
                0x00003120                TC3_Handler
                0x00003120                Dummy_Handler
                0x00003120                PM_Handler
                0x00003120                SERCOM5_Handler
                0x00003120                SVC_Handler
                0x00003120                TCC2_Handler
                0x00003120                EVSYS_Handler
                0x00003120                SERCOM3_Handler
                0x00003120                I2S_Handler
                0x00003120                NVMCTRL_Handler
                0x00003120                SERCOM0_Handler
                0x00003120                DAC_Handler
                0x00003120                PTC_Handler
                0x00003120                SYSCTRL_Handler
 *fill*         0x00003122        0x2 
 .text.USB_Handler
                0x00003124       0x14 c:\Personal\University\Code\C_CPP\Arduino_IDE\DBML\build/core\core.a(cortex_handlers.c.o)
                0x00003124                USB_Handler
 .text.Reset_Handler
                0x00003138       0x54 c:\Personal\University\Code\C_CPP\Arduino_IDE\DBML\build/core\core.a(cortex_handlers.c.o)
                0x00003138                Reset_Handler
 .text.SysTick_Handler
                0x0000318c       0x10 c:\Personal\University\Code\C_CPP\Arduino_IDE\DBML\build/core\core.a(cortex_handlers.c.o)
                0x0000318c                SysTick_Handler
 .text.USB_SetHandler
                0x0000319c        0xc c:\Personal\University\Code\C_CPP\Arduino_IDE\DBML\build/core\core.a(cortex_handlers.c.o)
                0x0000319c                USB_SetHandler
 .text.millis   0x000031a8        0xc c:\Personal\University\Code\C_CPP\Arduino_IDE\DBML\build/core\core.a(delay.c.o)
                0x000031a8                millis
 .text.micros   0x000031b4       0x60 c:\Personal\University\Code\C_CPP\Arduino_IDE\DBML\build/core\core.a(delay.c.o)
                0x000031b4                micros
 .text._real_delay
                0x00003214       0x30 c:\Personal\University\Code\C_CPP\Arduino_IDE\DBML\build/core\core.a(delay.c.o)
                0x00003214                _real_delay
                0x00003214                delay
 .text.SysTick_DefaultHandler
                0x00003244       0x14 c:\Personal\University\Code\C_CPP\Arduino_IDE\DBML\build/core\core.a(delay.c.o)
                0x00003244                SysTick_DefaultHandler
 .text.__empty  0x00003258        0x2 c:\Personal\University\Code\C_CPP\Arduino_IDE\DBML\build/core\core.a(hooks.c.o)
                0x00003258                yield
 .text.__false  0x0000325a        0x4 c:\Personal\University\Code\C_CPP\Arduino_IDE\DBML\build/core\core.a(hooks.c.o)
                0x0000325a                sysTickHook
 *fill*         0x0000325e        0x2 
 .text.SystemInit
                0x00003260      0x160 c:\Personal\University\Code\C_CPP\Arduino_IDE\DBML\build/core\core.a(startup.c.o)
                0x00003260                SystemInit
 .text.init     0x000033c0       0xe0 c:\Personal\University\Code\C_CPP\Arduino_IDE\DBML\build/core\core.a(wiring.c.o)
                0x000033c0                init
 .text.analogReference
                0x000034a0       0x88 c:\Personal\University\Code\C_CPP\Arduino_IDE\DBML\build/core\core.a(wiring_analog.c.o)
                0x000034a0                analogReference
 .text.analogRead
                0x00003528       0xc4 c:\Personal\University\Code\C_CPP\Arduino_IDE\DBML\build/core\core.a(wiring_analog.c.o)
                0x00003528                analogRead
 .text.pinMode  0x000035ec       0x60 c:\Personal\University\Code\C_CPP\Arduino_IDE\DBML\build/core\core.a(wiring_digital.c.o)
                0x000035ec                pinMode
 .text.digitalWrite
                0x0000364c       0x58 c:\Personal\University\Code\C_CPP\Arduino_IDE\DBML\build/core\core.a(wiring_digital.c.o)
                0x0000364c                digitalWrite
 .text.digitalRead
                0x000036a4       0x30 c:\Personal\University\Code\C_CPP\Arduino_IDE\DBML\build/core\core.a(wiring_digital.c.o)
                0x000036a4                digitalRead
 .text.mapResolution
                0x000036d4       0x12 c:\Personal\University\Code\C_CPP\Arduino_IDE\DBML\build/core\core.a(wiring_private.c.o)
                0x000036d4                mapResolution
 *fill*         0x000036e6        0x2 
 .text.pinPeripheral
                0x000036e8       0xc4 c:\Personal\University\Code\C_CPP\Arduino_IDE\DBML\build/core\core.a(wiring_private.c.o)
                0x000036e8                pinPeripheral
 .text.initiateReset
                0x000037ac        0xc c:\Personal\University\Code\C_CPP\Arduino_IDE\DBML\build/core\core.a(Reset.cpp.o)
                0x000037ac                initiateReset
 .text.cancelReset
                0x000037b8       0x10 c:\Personal\University\Code\C_CPP\Arduino_IDE\DBML\build/core\core.a(Reset.cpp.o)
                0x000037b8                cancelReset
 .text.tickReset
                0x000037c8       0x78 c:\Personal\University\Code\C_CPP\Arduino_IDE\DBML\build/core\core.a(Reset.cpp.o)
                0x000037c8                tickReset
 .text.__wrap__write
                0x00003840        0x4 c:\Personal\University\Code\C_CPP\Arduino_IDE\DBML\build/core\core.a(Retarget.cpp.o)
                0x00003840                __wrap__write
 .text._ZN6SERCOMC2EP6Sercom
                0x00003844        0x4 c:\Personal\University\Code\C_CPP\Arduino_IDE\DBML\build/core\core.a(SERCOM.cpp.o)
                0x00003844                SERCOM::SERCOM(Sercom*)
                0x00003844                SERCOM::SERCOM(Sercom*)
 .text._ZN6SERCOM9initFrameE18SercomUartCharSize15SercomDataOrder16SercomParityMode19SercomNumberStopBit
                0x00003848       0x3a c:\Personal\University\Code\C_CPP\Arduino_IDE\DBML\build/core\core.a(SERCOM.cpp.o)
                0x00003848                SERCOM::initFrame(SercomUartCharSize, SercomDataOrder, SercomParityMode, SercomNumberStopBit)
 .text._ZN6SERCOM8initPadsE15SercomUartTXPad11SercomRXPad
                0x00003882       0x26 c:\Personal\University\Code\C_CPP\Arduino_IDE\DBML\build/core\core.a(SERCOM.cpp.o)
                0x00003882                SERCOM::initPads(SercomUartTXPad, SercomRXPad)
 .text._ZN6SERCOM9resetUARTEv
                0x000038a8       0x1a c:\Personal\University\Code\C_CPP\Arduino_IDE\DBML\build/core\core.a(SERCOM.cpp.o)
                0x000038a8                SERCOM::resetUART()
 .text._ZN6SERCOM10enableUARTEv
                0x000038c2       0x14 c:\Personal\University\Code\C_CPP\Arduino_IDE\DBML\build/core\core.a(SERCOM.cpp.o)
                0x000038c2                SERCOM::enableUART()
 .text._ZN6SERCOM9flushUARTEv
                0x000038d6       0x10 c:\Personal\University\Code\C_CPP\Arduino_IDE\DBML\build/core\core.a(SERCOM.cpp.o)
                0x000038d6                SERCOM::flushUART()
 .text._ZN6SERCOM15clearStatusUARTEv
                0x000038e6        0x8 c:\Personal\University\Code\C_CPP\Arduino_IDE\DBML\build/core\core.a(SERCOM.cpp.o)
                0x000038e6                SERCOM::clearStatusUART()
 .text._ZN6SERCOM17availableDataUARTEv
                0x000038ee        0xa c:\Personal\University\Code\C_CPP\Arduino_IDE\DBML\build/core\core.a(SERCOM.cpp.o)
                0x000038ee                SERCOM::availableDataUART()
 .text._ZN6SERCOM11isUARTErrorEv
                0x000038f8        0x8 c:\Personal\University\Code\C_CPP\Arduino_IDE\DBML\build/core\core.a(SERCOM.cpp.o)
                0x000038f8                SERCOM::isUARTError()
 .text._ZN6SERCOM20acknowledgeUARTErrorEv
                0x00003900        0xe c:\Personal\University\Code\C_CPP\Arduino_IDE\DBML\build/core\core.a(SERCOM.cpp.o)
                0x00003900                SERCOM::acknowledgeUARTError()
 .text._ZN6SERCOM16isFrameErrorUARTEv
                0x0000390e        0xa c:\Personal\University\Code\C_CPP\Arduino_IDE\DBML\build/core\core.a(SERCOM.cpp.o)
                0x0000390e                SERCOM::isFrameErrorUART()
 .text._ZN6SERCOM19clearFrameErrorUARTEv
                0x00003918        0xc c:\Personal\University\Code\C_CPP\Arduino_IDE\DBML\build/core\core.a(SERCOM.cpp.o)
                0x00003918                SERCOM::clearFrameErrorUART()
 .text._ZN6SERCOM23isDataRegisterEmptyUARTEv
                0x00003924        0xa c:\Personal\University\Code\C_CPP\Arduino_IDE\DBML\build/core\core.a(SERCOM.cpp.o)
                0x00003924                SERCOM::isDataRegisterEmptyUART()
 .text._ZN6SERCOM12readDataUARTEv
                0x0000392e        0x8 c:\Personal\University\Code\C_CPP\Arduino_IDE\DBML\build/core\core.a(SERCOM.cpp.o)
                0x0000392e                SERCOM::readDataUART()
 .text._ZN6SERCOM13writeDataUARTEh
                0x00003936       0x10 c:\Personal\University\Code\C_CPP\Arduino_IDE\DBML\build/core\core.a(SERCOM.cpp.o)
                0x00003936                SERCOM::writeDataUART(unsigned char)
 .text._ZN6SERCOM36enableDataRegisterEmptyInterruptUARTEv
                0x00003946        0x8 c:\Personal\University\Code\C_CPP\Arduino_IDE\DBML\build/core\core.a(SERCOM.cpp.o)
                0x00003946                SERCOM::enableDataRegisterEmptyInterruptUART()
 .text._ZN6SERCOM37disableDataRegisterEmptyInterruptUARTEv
                0x0000394e        0x8 c:\Personal\University\Code\C_CPP\Arduino_IDE\DBML\build/core\core.a(SERCOM.cpp.o)
                0x0000394e                SERCOM::disableDataRegisterEmptyInterruptUART()
 *fill*         0x00003956        0x2 
 .text._ZN6SERCOM14getSercomIndexEv
                0x00003958       0x5c c:\Personal\University\Code\C_CPP\Arduino_IDE\DBML\build/core\core.a(SERCOM.cpp.o)
                0x00003958                SERCOM::getSercomIndex()
 .text._ZN6SERCOM13initClockNVICEv
                0x000039b4       0x90 c:\Personal\University\Code\C_CPP\Arduino_IDE\DBML\build/core\core.a(SERCOM.cpp.o)
                0x000039b4                SERCOM::initClockNVIC()
 .text._ZN6SERCOM8initUARTE14SercomUartMode20SercomUartSampleRatem
                0x00003a44       0x6c c:\Personal\University\Code\C_CPP\Arduino_IDE\DBML\build/core\core.a(SERCOM.cpp.o)
                0x00003a44                SERCOM::initUART(SercomUartMode, SercomUartSampleRate, unsigned long)
 .text._ZN4UartcvbEv
                0x00003ab0        0x4 c:\Personal\University\Code\C_CPP\Arduino_IDE\DBML\build/core\core.a(Uart.cpp.o)
                0x00003ab0                Uart::operator bool()
 .text._ZN4Uart5beginEm
                0x00003ab4       0x10 c:\Personal\University\Code\C_CPP\Arduino_IDE\DBML\build/core\core.a(Uart.cpp.o)
                0x00003ab4                Uart::begin(unsigned long)
 .text._ZN4Uart4peekEv
                0x00003ac4       0x1a c:\Personal\University\Code\C_CPP\Arduino_IDE\DBML\build/core\core.a(Uart.cpp.o)
                0x00003ac4                Uart::peek()
 .text._ZN4Uart3endEv
                0x00003ade       0x20 c:\Personal\University\Code\C_CPP\Arduino_IDE\DBML\build/core\core.a(Uart.cpp.o)
                0x00003ade                Uart::end()
 .text._ZN4Uart16extractNbStopBitEt
                0x00003afe        0xc c:\Personal\University\Code\C_CPP\Arduino_IDE\DBML\build/core\core.a(Uart.cpp.o)
                0x00003afe                Uart::extractNbStopBit(unsigned short)
 .text._ZN4Uart15extractCharSizeEt
                0x00003b0a       0x28 c:\Personal\University\Code\C_CPP\Arduino_IDE\DBML\build/core\core.a(Uart.cpp.o)
                0x00003b0a                Uart::extractCharSize(unsigned short)
 .text._ZN4Uart13extractParityEt
                0x00003b32       0x14 c:\Personal\University\Code\C_CPP\Arduino_IDE\DBML\build/core\core.a(Uart.cpp.o)
                0x00003b32                Uart::extractParity(unsigned short)
 *fill*         0x00003b46        0x2 
 .text._ZN4Uart5beginEmt
                0x00003b48       0xf8 c:\Personal\University\Code\C_CPP\Arduino_IDE\DBML\build/core\core.a(Uart.cpp.o)
                0x00003b48                Uart::begin(unsigned long, unsigned short)
 .text._ZN11RingBufferNILi256EEC2Ev
                0x00003c40       0x1c c:\Personal\University\Code\C_CPP\Arduino_IDE\DBML\build/core\core.a(Uart.cpp.o)
                0x00003c40                RingBufferN<256>::RingBufferN()
                0x00003c40                RingBufferN<256>::RingBufferN()
 .text._ZN4UartC2EP6SERCOMhh11SercomRXPad15SercomUartTXPad
                0x00003c5c       0x74 c:\Personal\University\Code\C_CPP\Arduino_IDE\DBML\build/core\core.a(Uart.cpp.o)
                0x00003c5c                Uart::Uart(SERCOM*, unsigned char, unsigned char, SercomRXPad, SercomUartTXPad)
                0x00003c5c                Uart::Uart(SERCOM*, unsigned char, unsigned char, SercomRXPad, SercomUartTXPad)
 .text._ZN11RingBufferNILi256EE17availableForStoreEv
                0x00003cd0       0x20 c:\Personal\University\Code\C_CPP\Arduino_IDE\DBML\build/core\core.a(Uart.cpp.o)
                0x00003cd0                RingBufferN<256>::availableForStore()
 .text._ZN4Uart17availableForWriteEv
                0x00003cf0        0xc c:\Personal\University\Code\C_CPP\Arduino_IDE\DBML\build/core\core.a(Uart.cpp.o)
                0x00003cf0                Uart::availableForWrite()
 .text._ZN4Uart4readEv
                0x00003cfc       0x4c c:\Personal\University\Code\C_CPP\Arduino_IDE\DBML\build/core\core.a(Uart.cpp.o)
                0x00003cfc                Uart::read()
 .text._ZN11RingBufferNILi256EE9availableEv
                0x00003d48       0x12 c:\Personal\University\Code\C_CPP\Arduino_IDE\DBML\build/core\core.a(Uart.cpp.o)
                0x00003d48                RingBufferN<256>::available()
 .text._ZN4Uart5flushEv
                0x00003d5a       0x1a c:\Personal\University\Code\C_CPP\Arduino_IDE\DBML\build/core\core.a(Uart.cpp.o)
                0x00003d5a                Uart::flush()
 .text._ZN4Uart9availableEv
                0x00003d74        0xa c:\Personal\University\Code\C_CPP\Arduino_IDE\DBML\build/core\core.a(Uart.cpp.o)
                0x00003d74                Uart::available()
 .text._ZN4Uart10IrqHandlerEv
                0x00003d7e       0xcc c:\Personal\University\Code\C_CPP\Arduino_IDE\DBML\build/core\core.a(Uart.cpp.o)
                0x00003d7e                Uart::IrqHandler()
 *fill*         0x00003e4a        0x2 
 .text._ZN4Uart5writeEh
                0x00003e4c       0xb4 c:\Personal\University\Code\C_CPP\Arduino_IDE\DBML\build/core\core.a(Uart.cpp.o)
                0x00003e4c                Uart::write(unsigned char)
 .text._Z10randomSeedm
                0x00003f00        0xc c:\Personal\University\Code\C_CPP\Arduino_IDE\DBML\build/core\core.a(WMath.cpp.o)
                0x00003f00                randomSeed(unsigned long)
 .text._Z6randoml
                0x00003f0c       0x16 c:\Personal\University\Code\C_CPP\Arduino_IDE\DBML\build/core\core.a(WMath.cpp.o)
                0x00003f0c                random(long)
 .text._Z6randomll
                0x00003f22       0x14 c:\Personal\University\Code\C_CPP\Arduino_IDE\DBML\build/core\core.a(WMath.cpp.o)
                0x00003f22                random(long, long)
 .text.__cxa_pure_virtual
                0x00003f36        0x2 c:\Personal\University\Code\C_CPP\Arduino_IDE\DBML\build/core\core.a(abi.cpp.o)
                0x00003f36                __cxa_pure_virtual
 .text._Z11initVariantv
                0x00003f38        0x2 c:\Personal\University\Code\C_CPP\Arduino_IDE\DBML\build/core\core.a(main.cpp.o)
                0x00003f38                initVariant()
 *fill*         0x00003f3a        0x2 
 .text._Z10_real_bodyv
                0x00003f3c       0x20 c:\Personal\University\Code\C_CPP\Arduino_IDE\DBML\build/core\core.a(main.cpp.o)
                0x00003f3c                _real_body()
 .text._Z10_wrap_bodyv
                0x00003f5c        0x6 c:\Personal\University\Code\C_CPP\Arduino_IDE\DBML\build/core\core.a(main.cpp.o)
                0x00003f5c                _wrap_body()
 *fill*         0x00003f62        0x2 
 .text.startup.main
                0x00003f64       0x30 c:\Personal\University\Code\C_CPP\Arduino_IDE\DBML\build/core\core.a(main.cpp.o)
                0x00003f64                main
 .text._ZN5Print5writeEPKhj
                0x00003f94       0x28 c:\Personal\University\Code\C_CPP\Arduino_IDE\DBML\build/core\core.a(Print.cpp.o)
                0x00003f94                Print::write(unsigned char const*, unsigned int)
 .text._ZN26DoubleBufferedEPOutHandlerD2Ev
                0x00003fbc        0x2 c:\Personal\University\Code\C_CPP\Arduino_IDE\DBML\build/core\core.a(USBCore.cpp.o)
                0x00003fbc                DoubleBufferedEPOutHandler::~DoubleBufferedEPOutHandler()
                0x00003fbc                DoubleBufferedEPOutHandler::~DoubleBufferedEPOutHandler()
 .text._ZN26DoubleBufferedEPOutHandler4initEv
                0x00003fbe        0x2 c:\Personal\University\Code\C_CPP\Arduino_IDE\DBML\build/core\core.a(USBCore.cpp.o)
                0x00003fbe                DoubleBufferedEPOutHandler::init()
 .text._ZL5utox8mPc
                0x00003fc0       0x24 c:\Personal\University\Code\C_CPP\Arduino_IDE\DBML\build/core\core.a(USBCore.cpp.o)
 .text._ZN26DoubleBufferedEPOutHandlerD0Ev
                0x00003fe4       0x10 c:\Personal\University\Code\C_CPP\Arduino_IDE\DBML\build/core\core.a(USBCore.cpp.o)
                0x00003fe4                DoubleBufferedEPOutHandler::~DoubleBufferedEPOutHandler()
 .text._ZN14USBDeviceClass6initEPEmm.part.8
                0x00003ff4       0xe0 c:\Personal\University\Code\C_CPP\Arduino_IDE\DBML\build/core\core.a(USBCore.cpp.o)
 .text._ZN7__GuardC2Ev
                0x000040d4        0xe c:\Personal\University\Code\C_CPP\Arduino_IDE\DBML\build/core\core.a(USBCore.cpp.o)
                0x000040d4                __Guard::__Guard()
                0x000040d4                __Guard::__Guard()
 .text._ZN7__GuardD2Ev
                0x000040e2        0xe c:\Personal\University\Code\C_CPP\Arduino_IDE\DBML\build/core\core.a(USBCore.cpp.o)
                0x000040e2                __Guard::~__Guard()
                0x000040e2                __Guard::~__Guard()
 .text._ZNK26DoubleBufferedEPOutHandler10_availableEv
                0x000040f0       0x6a c:\Personal\University\Code\C_CPP\Arduino_IDE\DBML\build/core\core.a(USBCore.cpp.o)
                0x000040f0                DoubleBufferedEPOutHandler::_available() const
 *fill*         0x0000415a        0x2 
 .text._ZN26DoubleBufferedEPOutHandler7releaseEv
                0x0000415c       0x3c c:\Personal\University\Code\C_CPP\Arduino_IDE\DBML\build/core\core.a(USBCore.cpp.o)
                0x0000415c                DoubleBufferedEPOutHandler::release()
 .text._ZN26DoubleBufferedEPOutHandler14handleEndpointEv
                0x00004198       0xdc c:\Personal\University\Code\C_CPP\Arduino_IDE\DBML\build/core\core.a(USBCore.cpp.o)
                0x00004198                DoubleBufferedEPOutHandler::handleEndpoint()
 .text._ZN26DoubleBufferedEPOutHandler5_recvEv
                0x00004274      0x184 c:\Personal\University\Code\C_CPP\Arduino_IDE\DBML\build/core\core.a(USBCore.cpp.o)
                0x00004274                DoubleBufferedEPOutHandler::_recv()
 .text._ZN26DoubleBufferedEPOutHandler4peekEv
                0x000043f8       0x22 c:\Personal\University\Code\C_CPP\Arduino_IDE\DBML\build/core\core.a(USBCore.cpp.o)
                0x000043f8                DoubleBufferedEPOutHandler::peek()
 .text._ZN26DoubleBufferedEPOutHandler9availableEv
                0x0000441a       0x18 c:\Personal\University\Code\C_CPP\Arduino_IDE\DBML\build/core\core.a(USBCore.cpp.o)
                0x0000441a                DoubleBufferedEPOutHandler::available()
 .text._ZN26DoubleBufferedEPOutHandler4recvEPvm
                0x00004432       0x72 c:\Personal\University\Code\C_CPP\Arduino_IDE\DBML\build/core\core.a(USBCore.cpp.o)
                0x00004432                DoubleBufferedEPOutHandler::recv(void*, unsigned long)
 .text._ZN14USBDeviceClass14SendInterfacesEPm
                0x000044a4       0x2c c:\Personal\University\Code\C_CPP\Arduino_IDE\DBML\build/core\core.a(USBCore.cpp.o)
                0x000044a4                USBDeviceClass::SendInterfaces(unsigned long*)
 .text._ZN14USBDeviceClass14handleEndpointEh
                0x000044d0       0x48 c:\Personal\University\Code\C_CPP\Arduino_IDE\DBML\build/core\core.a(USBCore.cpp.o)
                0x000044d0                USBDeviceClass::handleEndpoint(unsigned char)
 .text._ZN14USBDeviceClass4initEv
                0x00004518      0x10c c:\Personal\University\Code\C_CPP\Arduino_IDE\DBML\build/core\core.a(USBCore.cpp.o)
                0x00004518                USBDeviceClass::init()
 .text._ZN14USBDeviceClass6attachEv
                0x00004624       0x34 c:\Personal\University\Code\C_CPP\Arduino_IDE\DBML\build/core\core.a(USBCore.cpp.o)
                0x00004624                USBDeviceClass::attach()
 .text._ZN14USBDeviceClass10setAddressEm
                0x00004658       0x48 c:\Personal\University\Code\C_CPP\Arduino_IDE\DBML\build/core\core.a(USBCore.cpp.o)
                0x00004658                USBDeviceClass::setAddress(unsigned long)
 .text._ZN14USBDeviceClass25handleClassInterfaceSetupER8USBSetup
                0x000046a0       0x44 c:\Personal\University\Code\C_CPP\Arduino_IDE\DBML\build/core\core.a(USBCore.cpp.o)
                0x000046a0                USBDeviceClass::handleClassInterfaceSetup(USBSetup&)
 .text._ZN14USBDeviceClass6initEPEmm
                0x000046e4      0x12c c:\Personal\University\Code\C_CPP\Arduino_IDE\DBML\build/core\core.a(USBCore.cpp.o)
                0x000046e4                USBDeviceClass::initEP(unsigned long, unsigned long)
 .text._ZN14USBDeviceClass13initEndpointsEv
                0x00004810       0x24 c:\Personal\University\Code\C_CPP\Arduino_IDE\DBML\build/core\core.a(USBCore.cpp.o)
                0x00004810                USBDeviceClass::initEndpoints()
 .text._ZN14USBDeviceClass5clearEm
                0x00004834       0x38 c:\Personal\University\Code\C_CPP\Arduino_IDE\DBML\build/core\core.a(USBCore.cpp.o)
                0x00004834                USBDeviceClass::clear(unsigned long)
 .text._ZN14USBDeviceClass9availableEm
                0x0000486c       0x2c c:\Personal\University\Code\C_CPP\Arduino_IDE\DBML\build/core\core.a(USBCore.cpp.o)
                0x0000486c                USBDeviceClass::available(unsigned long)
 .text._ZN14USBDeviceClass5flushEm
                0x00004898       0x2c c:\Personal\University\Code\C_CPP\Arduino_IDE\DBML\build/core\core.a(USBCore.cpp.o)
                0x00004898                USBDeviceClass::flush(unsigned long)
 .text._ZN14USBDeviceClass14armRecvCtrlOUTEm
                0x000048c4       0x5c c:\Personal\University\Code\C_CPP\Arduino_IDE\DBML\build/core\core.a(USBCore.cpp.o)
                0x000048c4                USBDeviceClass::armRecvCtrlOUT(unsigned long)
 .text._ZN14USBDeviceClass11recvControlEPvm
                0x00004920       0x3c c:\Personal\University\Code\C_CPP\Arduino_IDE\DBML\build/core\core.a(USBCore.cpp.o)
                0x00004920                USBDeviceClass::recvControl(void*, unsigned long)
 .text._ZN14USBDeviceClass7armRecvEm
                0x0000495c       0x38 c:\Personal\University\Code\C_CPP\Arduino_IDE\DBML\build/core\core.a(USBCore.cpp.o)
                0x0000495c                USBDeviceClass::armRecv(unsigned long)
 .text._ZN14USBDeviceClass4recvEmPvm
                0x00004994       0xd8 c:\Personal\University\Code\C_CPP\Arduino_IDE\DBML\build/core\core.a(USBCore.cpp.o)
                0x00004994                USBDeviceClass::recv(unsigned long, void*, unsigned long)
 .text._ZN14USBDeviceClass4recvEm
                0x00004a6c       0x1c c:\Personal\University\Code\C_CPP\Arduino_IDE\DBML\build/core\core.a(USBCore.cpp.o)
                0x00004a6c                USBDeviceClass::recv(unsigned long)
 .text._ZN14USBDeviceClass4sendEmPKvm
                0x00004a88      0x110 c:\Personal\University\Code\C_CPP\Arduino_IDE\DBML\build/core\core.a(USBCore.cpp.o)
                0x00004a88                USBDeviceClass::send(unsigned long, void const*, unsigned long)
 .text._ZN14USBDeviceClass7armSendEmPKvm
                0x00004b98       0x48 c:\Personal\University\Code\C_CPP\Arduino_IDE\DBML\build/core\core.a(USBCore.cpp.o)
                0x00004b98                USBDeviceClass::armSend(unsigned long, void const*, unsigned long)
 .text._ZN14USBDeviceClass11sendControlEPKvm
                0x00004be0       0x54 c:\Personal\University\Code\C_CPP\Arduino_IDE\DBML\build/core\core.a(USBCore.cpp.o)
                0x00004be0                USBDeviceClass::sendControl(void const*, unsigned long)
 .text._ZN14USBDeviceClass20sendStringDescriptorEPKhh
                0x00004c34       0x68 c:\Personal\University\Code\C_CPP\Arduino_IDE\DBML\build/core\core.a(USBCore.cpp.o)
                0x00004c34                USBDeviceClass::sendStringDescriptor(unsigned char const*, unsigned char)
 .text._ZN14USBDeviceClass17sendConfigurationEm
                0x00004c9c       0x80 c:\Personal\University\Code\C_CPP\Arduino_IDE\DBML\build/core\core.a(USBCore.cpp.o)
                0x00004c9c                USBDeviceClass::sendConfiguration(unsigned long)
 .text._ZN14USBDeviceClass14sendDescriptorER8USBSetup
                0x00004d1c       0xf0 c:\Personal\University\Code\C_CPP\Arduino_IDE\DBML\build/core\core.a(USBCore.cpp.o)
                0x00004d1c                USBDeviceClass::sendDescriptor(USBSetup&)
 .text._ZN14USBDeviceClass19handleStandardSetupER8USBSetup
                0x00004e0c      0x104 c:\Personal\University\Code\C_CPP\Arduino_IDE\DBML\build/core\core.a(USBCore.cpp.o)
                0x00004e0c                USBDeviceClass::handleStandardSetup(USBSetup&)
 .text._ZN14USBDeviceClass10ISRHandlerEv
                0x00004f10      0x140 c:\Personal\University\Code\C_CPP\Arduino_IDE\DBML\build/core\core.a(USBCore.cpp.o)
                0x00004f10                USBDeviceClass::ISRHandler()
 .text.UDD_Handler
                0x00005050       0x10 c:\Personal\University\Code\C_CPP\Arduino_IDE\DBML\build/core\core.a(USBCore.cpp.o)
                0x00005050                UDD_Handler
 .text.startup._GLOBAL__sub_I_usbd
                0x00005060       0x10 c:\Personal\University\Code\C_CPP\Arduino_IDE\DBML\build/core\core.a(USBCore.cpp.o)
 .text._Znwj    0x00005070        0x8 c:\Personal\University\Code\C_CPP\Arduino_IDE\DBML\build/core\core.a(new.cpp.o)
                0x00005070                operator new(unsigned int)
 .text._ZdlPv   0x00005078        0x8 c:\Personal\University\Code\C_CPP\Arduino_IDE\DBML\build/core\core.a(new.cpp.o)
                0x00005078                operator delete(void*)
 .text._sbrk    0x00005080       0x3c c:\Personal\University\Code\C_CPP\Arduino_IDE\DBML\build/core\core.a(new.cpp.o)
                0x00005080                _sbrk
 .text._ZN7Serial_17availableForWriteEv
                0x000050bc        0x4 c:\Personal\University\Code\C_CPP\Arduino_IDE\DBML\build/core\core.a(CDC.cpp.o)
                0x000050bc                Serial_::availableForWrite()
 .text._ZN7Serial_5writeEh
                0x000050c0       0x14 c:\Personal\University\Code\C_CPP\Arduino_IDE\DBML\build/core\core.a(CDC.cpp.o)
                0x000050c0                Serial_::write(unsigned char)
 .text._ZN7Serial_9availableEv
                0x000050d4       0x1c c:\Personal\University\Code\C_CPP\Arduino_IDE\DBML\build/core\core.a(CDC.cpp.o)
                0x000050d4                Serial_::available()
 .text._ZN7Serial_5flushEv
                0x000050f0        0xc c:\Personal\University\Code\C_CPP\Arduino_IDE\DBML\build/core\core.a(CDC.cpp.o)
                0x000050f0                Serial_::flush()
 .text._ZN7Serial_5clearEv
                0x000050fc        0xc c:\Personal\University\Code\C_CPP\Arduino_IDE\DBML\build/core\core.a(CDC.cpp.o)
                0x000050fc                Serial_::clear()
 .text._ZN7Serial_4peekEv
                0x00005108       0x1c c:\Personal\University\Code\C_CPP\Arduino_IDE\DBML\build/core\core.a(CDC.cpp.o)
                0x00005108                Serial_::peek()
 .text._ZN7Serial_4readEv
                0x00005124       0x24 c:\Personal\University\Code\C_CPP\Arduino_IDE\DBML\build/core\core.a(CDC.cpp.o)
                0x00005124                Serial_::read()
 .text._ZN7Serial_5writeEPKhj
                0x00005148       0x30 c:\Personal\University\Code\C_CPP\Arduino_IDE\DBML\build/core\core.a(CDC.cpp.o)
                0x00005148                Serial_::write(unsigned char const*, unsigned int)
 .text._Z16CDC_GetInterfacePh
                0x00005178       0x1c c:\Personal\University\Code\C_CPP\Arduino_IDE\DBML\build/core\core.a(CDC.cpp.o)
                0x00005178                CDC_GetInterface(unsigned char*)
 .text._Z9CDC_SetupR8USBSetup
                0x00005194       0x7c c:\Personal\University\Code\C_CPP\Arduino_IDE\DBML\build/core\core.a(CDC.cpp.o)
                0x00005194                CDC_Setup(USBSetup&)
 .text.startup._GLOBAL__sub_I__Z17_CDC_GetInterfacev
                0x00005210       0x28 c:\Personal\University\Code\C_CPP\Arduino_IDE\DBML\build/core\core.a(CDC.cpp.o)
 .text._ZN13PluggableUSB_12getInterfaceEPh
                0x00005238       0x28 c:\Personal\University\Code\C_CPP\Arduino_IDE\DBML\build/core\core.a(PluggableUSB.cpp.o)
                0x00005238                PluggableUSB_::getInterface(unsigned char*)
 .text._ZN13PluggableUSB_13getDescriptorER8USBSetup
                0x00005260       0x20 c:\Personal\University\Code\C_CPP\Arduino_IDE\DBML\build/core\core.a(PluggableUSB.cpp.o)
                0x00005260                PluggableUSB_::getDescriptor(USBSetup&)
 .text._ZN13PluggableUSB_5setupER8USBSetup
                0x00005280       0x20 c:\Personal\University\Code\C_CPP\Arduino_IDE\DBML\build/core\core.a(PluggableUSB.cpp.o)
                0x00005280                PluggableUSB_::setup(USBSetup&)
 .text._ZN13PluggableUSB_14handleEndpointEi
                0x000052a0       0x20 c:\Personal\University\Code\C_CPP\Arduino_IDE\DBML\build/core\core.a(PluggableUSB.cpp.o)
                0x000052a0                PluggableUSB_::handleEndpoint(int)
 .text._Z12PluggableUSBv
                0x000052c0       0x24 c:\Personal\University\Code\C_CPP\Arduino_IDE\DBML\build/core\core.a(PluggableUSB.cpp.o)
                0x000052c0                PluggableUSB()
 .text._ZN20USBDevice_SAMD21G18x5resetEv
                0x000052e4       0x2e c:\Personal\University\Code\C_CPP\Arduino_IDE\DBML\build/core\core.a(SAMD21_USBDevice.cpp.o)
                0x000052e4                USBDevice_SAMD21G18x::reset()
 *fill*         0x00005312        0x2 
 .text._ZN20USBDevice_SAMD21G18x9calibrateEv
                0x00005314       0x60 c:\Personal\University\Code\C_CPP\Arduino_IDE\DBML\build/core\core.a(SAMD21_USBDevice.cpp.o)
                0x00005314                USBDevice_SAMD21G18x::calibrate()
 .text._ZdlPvj  0x00005374        0x8 c:/users/administrator/appdata/local/arduino15/packages/seeeduino/tools/arm-none-eabi-gcc/7-2017q4/bin/../lib/gcc/arm-none-eabi/7.2.1/../../../../arm-none-eabi/lib/thumb/v6-m\libstdc++_nano.a(del_ops.o)
                0x00005374                operator delete(void*, unsigned int)
 .text          0x0000537c       0x14 c:/users/administrator/appdata/local/arduino15/packages/seeeduino/tools/arm-none-eabi-gcc/7-2017q4/bin/../lib/gcc/arm-none-eabi/7.2.1/thumb/v6-m\libgcc.a(_thumb1_case_uqi.o)
                0x0000537c                __gnu_thumb1_case_uqi
 .text          0x00005390      0x114 c:/users/administrator/appdata/local/arduino15/packages/seeeduino/tools/arm-none-eabi-gcc/7-2017q4/bin/../lib/gcc/arm-none-eabi/7.2.1/thumb/v6-m\libgcc.a(_udivsi3.o)
                0x00005390                __aeabi_uidiv
                0x00005390                __udivsi3
                0x0000549c                __aeabi_uidivmod
 .text          0x000054a4      0x1d4 c:/users/administrator/appdata/local/arduino15/packages/seeeduino/tools/arm-none-eabi-gcc/7-2017q4/bin/../lib/gcc/arm-none-eabi/7.2.1/thumb/v6-m\libgcc.a(_divsi3.o)
                0x000054a4                __divsi3
                0x000054a4                __aeabi_idiv
                0x00005670                __aeabi_idivmod
 .text          0x00005678        0x4 c:/users/administrator/appdata/local/arduino15/packages/seeeduino/tools/arm-none-eabi-gcc/7-2017q4/bin/../lib/gcc/arm-none-eabi/7.2.1/thumb/v6-m\libgcc.a(_dvmd_tls.o)
                0x00005678                __aeabi_idiv0
                0x00005678                __aeabi_ldiv0
 .text          0x0000567c       0x7c c:/users/administrator/appdata/local/arduino15/packages/seeeduino/tools/arm-none-eabi-gcc/7-2017q4/bin/../lib/gcc/arm-none-eabi/7.2.1/thumb/v6-m\libgcc.a(_arm_cmpdf2.o)
                0x0000567c                __aeabi_cdrcmple
                0x0000568c                __aeabi_cdcmple
                0x0000568c                __aeabi_cdcmpeq
                0x0000569c                __aeabi_dcmpeq
                0x000056a8                __aeabi_dcmplt
                0x000056bc                __aeabi_dcmple
                0x000056d0                __aeabi_dcmpgt
                0x000056e4                __aeabi_dcmpge
 .text          0x000056f8       0x3c c:/users/administrator/appdata/local/arduino15/packages/seeeduino/tools/arm-none-eabi-gcc/7-2017q4/bin/../lib/gcc/arm-none-eabi/7.2.1/thumb/v6-m\libgcc.a(_fixunsdfsi.o)
                0x000056f8                __aeabi_d2uiz
                0x000056f8                __fixunsdfsi
 .text          0x00005734      0x264 c:/users/administrator/appdata/local/arduino15/packages/seeeduino/tools/arm-none-eabi-gcc/7-2017q4/bin/../lib/gcc/arm-none-eabi/7.2.1/thumb/v6-m\libgcc.a(mulsf3.o)
                0x00005734                __aeabi_fmul
 .text          0x00005998       0x40 c:/users/administrator/appdata/local/arduino15/packages/seeeduino/tools/arm-none-eabi-gcc/7-2017q4/bin/../lib/gcc/arm-none-eabi/7.2.1/thumb/v6-m\libgcc.a(fixsfsi.o)
                0x00005998                __aeabi_f2iz
 .text          0x000059d8       0x94 c:/users/administrator/appdata/local/arduino15/packages/seeeduino/tools/arm-none-eabi-gcc/7-2017q4/bin/../lib/gcc/arm-none-eabi/7.2.1/thumb/v6-m\libgcc.a(floatsisf.o)
                0x000059d8                __aeabi_i2f
 .text          0x00005a6c      0x638 c:/users/administrator/appdata/local/arduino15/packages/seeeduino/tools/arm-none-eabi-gcc/7-2017q4/bin/../lib/gcc/arm-none-eabi/7.2.1/thumb/v6-m\libgcc.a(adddf3.o)
                0x00005a6c                __aeabi_dadd
 .text          0x000060a4      0x604 c:/users/administrator/appdata/local/arduino15/packages/seeeduino/tools/arm-none-eabi-gcc/7-2017q4/bin/../lib/gcc/arm-none-eabi/7.2.1/thumb/v6-m\libgcc.a(divdf3.o)
                0x000060a4                __aeabi_ddiv
 .text          0x000066a8       0x78 c:/users/administrator/appdata/local/arduino15/packages/seeeduino/tools/arm-none-eabi-gcc/7-2017q4/bin/../lib/gcc/arm-none-eabi/7.2.1/thumb/v6-m\libgcc.a(eqdf2.o)
                0x000066a8                __nedf2
                0x000066a8                __eqdf2
 .text          0x00006720       0xc8 c:/users/administrator/appdata/local/arduino15/packages/seeeduino/tools/arm-none-eabi-gcc/7-2017q4/bin/../lib/gcc/arm-none-eabi/7.2.1/thumb/v6-m\libgcc.a(gedf2.o)
                0x00006720                __gedf2
                0x00006720                __gtdf2
 .text          0x000067e8       0xd0 c:/users/administrator/appdata/local/arduino15/packages/seeeduino/tools/arm-none-eabi-gcc/7-2017q4/bin/../lib/gcc/arm-none-eabi/7.2.1/thumb/v6-m\libgcc.a(ledf2.o)
                0x000067e8                __ledf2
                0x000067e8                __ltdf2
 .text          0x000068b8      0x4e4 c:/users/administrator/appdata/local/arduino15/packages/seeeduino/tools/arm-none-eabi-gcc/7-2017q4/bin/../lib/gcc/arm-none-eabi/7.2.1/thumb/v6-m\libgcc.a(muldf3.o)
                0x000068b8                __aeabi_dmul
 .text          0x00006d9c      0x690 c:/users/administrator/appdata/local/arduino15/packages/seeeduino/tools/arm-none-eabi-gcc/7-2017q4/bin/../lib/gcc/arm-none-eabi/7.2.1/thumb/v6-m\libgcc.a(subdf3.o)
                0x00006d9c                __aeabi_dsub
 .text          0x0000742c       0x38 c:/users/administrator/appdata/local/arduino15/packages/seeeduino/tools/arm-none-eabi-gcc/7-2017q4/bin/../lib/gcc/arm-none-eabi/7.2.1/thumb/v6-m\libgcc.a(unorddf2.o)
                0x0000742c                __aeabi_dcmpun
 .text          0x00007464       0x6c c:/users/administrator/appdata/local/arduino15/packages/seeeduino/tools/arm-none-eabi-gcc/7-2017q4/bin/../lib/gcc/arm-none-eabi/7.2.1/thumb/v6-m\libgcc.a(fixdfsi.o)
                0x00007464                __aeabi_d2iz
 .text          0x000074d0       0x74 c:/users/administrator/appdata/local/arduino15/packages/seeeduino/tools/arm-none-eabi-gcc/7-2017q4/bin/../lib/gcc/arm-none-eabi/7.2.1/thumb/v6-m\libgcc.a(floatsidf.o)
                0x000074d0                __aeabi_i2d
 .text          0x00007544       0x64 c:/users/administrator/appdata/local/arduino15/packages/seeeduino/tools/arm-none-eabi-gcc/7-2017q4/bin/../lib/gcc/arm-none-eabi/7.2.1/thumb/v6-m\libgcc.a(floatunsidf.o)
                0x00007544                __aeabi_ui2d
 .text          0x000075a8      0x108 c:/users/administrator/appdata/local/arduino15/packages/seeeduino/tools/arm-none-eabi-gcc/7-2017q4/bin/../lib/gcc/arm-none-eabi/7.2.1/thumb/v6-m\libgcc.a(truncdfsf2.o)
                0x000075a8                __aeabi_d2f
 .text          0x000076b0       0x3c c:/users/administrator/appdata/local/arduino15/packages/seeeduino/tools/arm-none-eabi-gcc/7-2017q4/bin/../lib/gcc/arm-none-eabi/7.2.1/thumb/v6-m\libgcc.a(_clzsi2.o)
                0x000076b0                __clzsi2
 .text.__libc_init_array
                0x000076ec       0x48 c:/users/administrator/appdata/local/arduino15/packages/seeeduino/tools/arm-none-eabi-gcc/7-2017q4/bin/../lib/gcc/arm-none-eabi/7.2.1/../../../../arm-none-eabi/lib/thumb/v6-m\libc_nano.a(lib_a-init.o)
                0x000076ec                __libc_init_array
 .text.malloc   0x00007734       0x14 c:/users/administrator/appdata/local/arduino15/packages/seeeduino/tools/arm-none-eabi-gcc/7-2017q4/bin/../lib/gcc/arm-none-eabi/7.2.1/../../../../arm-none-eabi/lib/thumb/v6-m\libc_nano.a(lib_a-malloc.o)
                0x00007734                malloc
 .text.free     0x00007748       0x14 c:/users/administrator/appdata/local/arduino15/packages/seeeduino/tools/arm-none-eabi-gcc/7-2017q4/bin/../lib/gcc/arm-none-eabi/7.2.1/../../../../arm-none-eabi/lib/thumb/v6-m\libc_nano.a(lib_a-malloc.o)
                0x00007748                free
 .text.memcpy   0x0000775c       0x12 c:/users/administrator/appdata/local/arduino15/packages/seeeduino/tools/arm-none-eabi-gcc/7-2017q4/bin/../lib/gcc/arm-none-eabi/7.2.1/../../../../arm-none-eabi/lib/thumb/v6-m\libc_nano.a(lib_a-memcpy-stub.o)
                0x0000775c                memcpy
 .text.memset   0x0000776e       0x10 c:/users/administrator/appdata/local/arduino15/packages/seeeduino/tools/arm-none-eabi-gcc/7-2017q4/bin/../lib/gcc/arm-none-eabi/7.2.1/../../../../arm-none-eabi/lib/thumb/v6-m\libc_nano.a(lib_a-memset.o)
                0x0000776e                memset
 *fill*         0x0000777e        0x2 
 .text._free_r  0x00007780       0x94 c:/users/administrator/appdata/local/arduino15/packages/seeeduino/tools/arm-none-eabi-gcc/7-2017q4/bin/../lib/gcc/arm-none-eabi/7.2.1/../../../../arm-none-eabi/lib/thumb/v6-m\libc_nano.a(lib_a-nano-freer.o)
                0x00007780                _free_r
 .text._malloc_r
                0x00007814       0xbc c:/users/administrator/appdata/local/arduino15/packages/seeeduino/tools/arm-none-eabi-gcc/7-2017q4/bin/../lib/gcc/arm-none-eabi/7.2.1/../../../../arm-none-eabi/lib/thumb/v6-m\libc_nano.a(lib_a-nano-mallocr.o)
                0x00007814                _malloc_r
 .text.__cvt    0x000078d0       0xc8 c:/users/administrator/appdata/local/arduino15/packages/seeeduino/tools/arm-none-eabi-gcc/7-2017q4/bin/../lib/gcc/arm-none-eabi/7.2.1/../../../../arm-none-eabi/lib/thumb/v6-m\libc_nano.a(lib_a-nano-vfprintf_float.o)
                0x000078d0                __cvt
 .text.__exponent
                0x00007998       0x70 c:/users/administrator/appdata/local/arduino15/packages/seeeduino/tools/arm-none-eabi-gcc/7-2017q4/bin/../lib/gcc/arm-none-eabi/7.2.1/../../../../arm-none-eabi/lib/thumb/v6-m\libc_nano.a(lib_a-nano-vfprintf_float.o)
                0x00007998                __exponent
 .text._printf_float
                0x00007a08      0x498 c:/users/administrator/appdata/local/arduino15/packages/seeeduino/tools/arm-none-eabi-gcc/7-2017q4/bin/../lib/gcc/arm-none-eabi/7.2.1/../../../../arm-none-eabi/lib/thumb/v6-m\libc_nano.a(lib_a-nano-vfprintf_float.o)
                0x00007a08                _printf_float
 .text._printf_common
                0x00007ea0       0xda c:/users/administrator/appdata/local/arduino15/packages/seeeduino/tools/arm-none-eabi-gcc/7-2017q4/bin/../lib/gcc/arm-none-eabi/7.2.1/../../../../arm-none-eabi/lib/thumb/v6-m\libc_nano.a(lib_a-nano-vfprintf_i.o)
                0x00007ea0                _printf_common
 *fill*         0x00007f7a        0x2 
 .text._printf_i
                0x00007f7c      0x210 c:/users/administrator/appdata/local/arduino15/packages/seeeduino/tools/arm-none-eabi-gcc/7-2017q4/bin/../lib/gcc/arm-none-eabi/7.2.1/../../../../arm-none-eabi/lib/thumb/v6-m\libc_nano.a(lib_a-nano-vfprintf_i.o)
                0x00007f7c                _printf_i
 .text._scanf_float
                0x0000818c      0x3fc c:/users/administrator/appdata/local/arduino15/packages/seeeduino/tools/arm-none-eabi-gcc/7-2017q4/bin/../lib/gcc/arm-none-eabi/7.2.1/../../../../arm-none-eabi/lib/thumb/v6-m\libc_nano.a(lib_a-nano-vfscanf_float.o)
                0x0000818c                _scanf_float
 .text.srand    0x00008588       0x48 c:/users/administrator/appdata/local/arduino15/packages/seeeduino/tools/arm-none-eabi-gcc/7-2017q4/bin/../lib/gcc/arm-none-eabi/7.2.1/../../../../arm-none-eabi/lib/thumb/v6-m\libc_nano.a(lib_a-rand.o)
                0x00008588                srand
 .text.rand     0x000085d0       0x64 c:/users/administrator/appdata/local/arduino15/packages/seeeduino/tools/arm-none-eabi-gcc/7-2017q4/bin/../lib/gcc/arm-none-eabi/7.2.1/../../../../arm-none-eabi/lib/thumb/v6-m\libc_nano.a(lib_a-rand.o)
                0x000085d0                rand
 .text._sbrk_r  0x00008634       0x24 c:/users/administrator/appdata/local/arduino15/packages/seeeduino/tools/arm-none-eabi-gcc/7-2017q4/bin/../lib/gcc/arm-none-eabi/7.2.1/../../../../arm-none-eabi/lib/thumb/v6-m\libc_nano.a(lib_a-sbrkr.o)
                0x00008634                _sbrk_r
 .text.nanf     0x00008658        0x8 c:/users/administrator/appdata/local/arduino15/packages/seeeduino/tools/arm-none-eabi-gcc/7-2017q4/bin/../lib/gcc/arm-none-eabi/7.2.1/../../../../arm-none-eabi/lib/thumb/v6-m\libc_nano.a(lib_a-sf_nan.o)
                0x00008658                nanf
 .text.sprintf  0x00008660       0x40 c:/users/administrator/appdata/local/arduino15/packages/seeeduino/tools/arm-none-eabi-gcc/7-2017q4/bin/../lib/gcc/arm-none-eabi/7.2.1/../../../../arm-none-eabi/lib/thumb/v6-m\libc_nano.a(lib_a-sprintf.o)
                0x00008660                siprintf
                0x00008660                sprintf
 .text          0x000086a0        0xe c:/users/administrator/appdata/local/arduino15/packages/seeeduino/tools/arm-none-eabi-gcc/7-2017q4/bin/../lib/gcc/arm-none-eabi/7.2.1/../../../../arm-none-eabi/lib/thumb/v6-m\libc_nano.a(lib_a-strlen.o)
                0x000086a0                strlen
 *fill*         0x000086ae        0x2 
 .text.unlikely.sulp
                0x000086b0       0x30 c:/users/administrator/appdata/local/arduino15/packages/seeeduino/tools/arm-none-eabi-gcc/7-2017q4/bin/../lib/gcc/arm-none-eabi/7.2.1/../../../../arm-none-eabi/lib/thumb/v6-m\libc_nano.a(lib_a-strtod.o)
 .text._strtod_l
                0x000086e0      0xc50 c:/users/administrator/appdata/local/arduino15/packages/seeeduino/tools/arm-none-eabi-gcc/7-2017q4/bin/../lib/gcc/arm-none-eabi/7.2.1/../../../../arm-none-eabi/lib/thumb/v6-m\libc_nano.a(lib_a-strtod.o)
                0x000086e0                _strtod_l
 .text._strtod_r
                0x00009330       0x1c c:/users/administrator/appdata/local/arduino15/packages/seeeduino/tools/arm-none-eabi-gcc/7-2017q4/bin/../lib/gcc/arm-none-eabi/7.2.1/../../../../arm-none-eabi/lib/thumb/v6-m\libc_nano.a(lib_a-strtod.o)
                0x00009330                _strtod_r
 .text._strtol_l.isra.0
                0x0000934c      0x104 c:/users/administrator/appdata/local/arduino15/packages/seeeduino/tools/arm-none-eabi-gcc/7-2017q4/bin/../lib/gcc/arm-none-eabi/7.2.1/../../../../arm-none-eabi/lib/thumb/v6-m\libc_nano.a(lib_a-strtol.o)
 .text._strtol_r
                0x00009450       0x20 c:/users/administrator/appdata/local/arduino15/packages/seeeduino/tools/arm-none-eabi-gcc/7-2017q4/bin/../lib/gcc/arm-none-eabi/7.2.1/../../../../arm-none-eabi/lib/thumb/v6-m\libc_nano.a(lib_a-strtol.o)
                0x00009450                _strtol_r
 .text.quorem   0x00009470      0x10c c:/users/administrator/appdata/local/arduino15/packages/seeeduino/tools/arm-none-eabi-gcc/7-2017q4/bin/../lib/gcc/arm-none-eabi/7.2.1/../../../../arm-none-eabi/lib/thumb/v6-m\libc_nano.a(lib_a-dtoa.o)
 .text._dtoa_r  0x0000957c      0xbc0 c:/users/administrator/appdata/local/arduino15/packages/seeeduino/tools/arm-none-eabi-gcc/7-2017q4/bin/../lib/gcc/arm-none-eabi/7.2.1/../../../../arm-none-eabi/lib/thumb/v6-m\libc_nano.a(lib_a-dtoa.o)
                0x0000957c                _dtoa_r
 .text.rshift   0x0000a13c       0x68 c:/users/administrator/appdata/local/arduino15/packages/seeeduino/tools/arm-none-eabi-gcc/7-2017q4/bin/../lib/gcc/arm-none-eabi/7.2.1/../../../../arm-none-eabi/lib/thumb/v6-m\libc_nano.a(lib_a-gdtoa-gethex.o)
 .text.__hexdig_fun
                0x0000a1a4       0x2a c:/users/administrator/appdata/local/arduino15/packages/seeeduino/tools/arm-none-eabi-gcc/7-2017q4/bin/../lib/gcc/arm-none-eabi/7.2.1/../../../../arm-none-eabi/lib/thumb/v6-m\libc_nano.a(lib_a-gdtoa-gethex.o)
                0x0000a1a4                __hexdig_fun
 .text.__gethex
                0x0000a1ce      0x456 c:/users/administrator/appdata/local/arduino15/packages/seeeduino/tools/arm-none-eabi-gcc/7-2017q4/bin/../lib/gcc/arm-none-eabi/7.2.1/../../../../arm-none-eabi/lib/thumb/v6-m\libc_nano.a(lib_a-gdtoa-gethex.o)
                0x0000a1ce                __gethex
 .text.L_shift  0x0000a624       0x24 c:/users/administrator/appdata/local/arduino15/packages/seeeduino/tools/arm-none-eabi-gcc/7-2017q4/bin/../lib/gcc/arm-none-eabi/7.2.1/../../../../arm-none-eabi/lib/thumb/v6-m\libc_nano.a(lib_a-gdtoa-hexnan.o)
 .text.__match  0x0000a648       0x28 c:/users/administrator/appdata/local/arduino15/packages/seeeduino/tools/arm-none-eabi-gcc/7-2017q4/bin/../lib/gcc/arm-none-eabi/7.2.1/../../../../arm-none-eabi/lib/thumb/v6-m\libc_nano.a(lib_a-gdtoa-hexnan.o)
                0x0000a648                __match
 .text.__hexnan
                0x0000a670      0x12e c:/users/administrator/appdata/local/arduino15/packages/seeeduino/tools/arm-none-eabi-gcc/7-2017q4/bin/../lib/gcc/arm-none-eabi/7.2.1/../../../../arm-none-eabi/lib/thumb/v6-m\libc_nano.a(lib_a-gdtoa-hexnan.o)
                0x0000a670                __hexnan
 .text.__locale_ctype_ptr_l
                0x0000a79e        0x6 c:/users/administrator/appdata/local/arduino15/packages/seeeduino/tools/arm-none-eabi-gcc/7-2017q4/bin/../lib/gcc/arm-none-eabi/7.2.1/../../../../arm-none-eabi/lib/thumb/v6-m\libc_nano.a(lib_a-locale.o)
                0x0000a79e                __locale_ctype_ptr_l
 .text.__localeconv_l
                0x0000a7a4        0x4 c:/users/administrator/appdata/local/arduino15/packages/seeeduino/tools/arm-none-eabi-gcc/7-2017q4/bin/../lib/gcc/arm-none-eabi/7.2.1/../../../../arm-none-eabi/lib/thumb/v6-m\libc_nano.a(lib_a-localeconv.o)
                0x0000a7a4                __localeconv_l
 .text._localeconv_r
                0x0000a7a8       0x18 c:/users/administrator/appdata/local/arduino15/packages/seeeduino/tools/arm-none-eabi-gcc/7-2017q4/bin/../lib/gcc/arm-none-eabi/7.2.1/../../../../arm-none-eabi/lib/thumb/v6-m\libc_nano.a(lib_a-localeconv.o)
                0x0000a7a8                _localeconv_r
 .text.__ascii_mbtowc
                0x0000a7c0       0x24 c:/users/administrator/appdata/local/arduino15/packages/seeeduino/tools/arm-none-eabi-gcc/7-2017q4/bin/../lib/gcc/arm-none-eabi/7.2.1/../../../../arm-none-eabi/lib/thumb/v6-m\libc_nano.a(lib_a-mbtowc_r.o)
                0x0000a7c0                __ascii_mbtowc
 .text.memchr   0x0000a7e4       0x16 c:/users/administrator/appdata/local/arduino15/packages/seeeduino/tools/arm-none-eabi-gcc/7-2017q4/bin/../lib/gcc/arm-none-eabi/7.2.1/../../../../arm-none-eabi/lib/thumb/v6-m\libc_nano.a(lib_a-memchr-stub.o)
                0x0000a7e4                memchr
 .text.__malloc_lock
                0x0000a7fa        0x2 c:/users/administrator/appdata/local/arduino15/packages/seeeduino/tools/arm-none-eabi-gcc/7-2017q4/bin/../lib/gcc/arm-none-eabi/7.2.1/../../../../arm-none-eabi/lib/thumb/v6-m\libc_nano.a(lib_a-mlock.o)
                0x0000a7fa                __malloc_lock
 .text.__malloc_unlock
                0x0000a7fc        0x2 c:/users/administrator/appdata/local/arduino15/packages/seeeduino/tools/arm-none-eabi-gcc/7-2017q4/bin/../lib/gcc/arm-none-eabi/7.2.1/../../../../arm-none-eabi/lib/thumb/v6-m\libc_nano.a(lib_a-mlock.o)
                0x0000a7fc                __malloc_unlock
 .text._Balloc  0x0000a7fe       0x70 c:/users/administrator/appdata/local/arduino15/packages/seeeduino/tools/arm-none-eabi-gcc/7-2017q4/bin/../lib/gcc/arm-none-eabi/7.2.1/../../../../arm-none-eabi/lib/thumb/v6-m\libc_nano.a(lib_a-mprec.o)
                0x0000a7fe                _Balloc
 .text._Bfree   0x0000a86e       0x32 c:/users/administrator/appdata/local/arduino15/packages/seeeduino/tools/arm-none-eabi-gcc/7-2017q4/bin/../lib/gcc/arm-none-eabi/7.2.1/../../../../arm-none-eabi/lib/thumb/v6-m\libc_nano.a(lib_a-mprec.o)
                0x0000a86e                _Bfree
 .text.__multadd
                0x0000a8a0       0x7c c:/users/administrator/appdata/local/arduino15/packages/seeeduino/tools/arm-none-eabi-gcc/7-2017q4/bin/../lib/gcc/arm-none-eabi/7.2.1/../../../../arm-none-eabi/lib/thumb/v6-m\libc_nano.a(lib_a-mprec.o)
                0x0000a8a0                __multadd
 .text.__s2b    0x0000a91c       0x7c c:/users/administrator/appdata/local/arduino15/packages/seeeduino/tools/arm-none-eabi-gcc/7-2017q4/bin/../lib/gcc/arm-none-eabi/7.2.1/../../../../arm-none-eabi/lib/thumb/v6-m\libc_nano.a(lib_a-mprec.o)
                0x0000a91c                __s2b
 .text.__hi0bits
                0x0000a998       0x34 c:/users/administrator/appdata/local/arduino15/packages/seeeduino/tools/arm-none-eabi-gcc/7-2017q4/bin/../lib/gcc/arm-none-eabi/7.2.1/../../../../arm-none-eabi/lib/thumb/v6-m\libc_nano.a(lib_a-mprec.o)
                0x0000a998                __hi0bits
 .text.__lo0bits
                0x0000a9cc       0x5e c:/users/administrator/appdata/local/arduino15/packages/seeeduino/tools/arm-none-eabi-gcc/7-2017q4/bin/../lib/gcc/arm-none-eabi/7.2.1/../../../../arm-none-eabi/lib/thumb/v6-m\libc_nano.a(lib_a-mprec.o)
                0x0000a9cc                __lo0bits
 .text.__i2b    0x0000aa2a       0x12 c:/users/administrator/appdata/local/arduino15/packages/seeeduino/tools/arm-none-eabi-gcc/7-2017q4/bin/../lib/gcc/arm-none-eabi/7.2.1/../../../../arm-none-eabi/lib/thumb/v6-m\libc_nano.a(lib_a-mprec.o)
                0x0000aa2a                __i2b
 .text.__multiply
                0x0000aa3c      0x11e c:/users/administrator/appdata/local/arduino15/packages/seeeduino/tools/arm-none-eabi-gcc/7-2017q4/bin/../lib/gcc/arm-none-eabi/7.2.1/../../../../arm-none-eabi/lib/thumb/v6-m\libc_nano.a(lib_a-mprec.o)
                0x0000aa3c                __multiply
 *fill*         0x0000ab5a        0x2 
 .text.__pow5mult
                0x0000ab5c       0xa4 c:/users/administrator/appdata/local/arduino15/packages/seeeduino/tools/arm-none-eabi-gcc/7-2017q4/bin/../lib/gcc/arm-none-eabi/7.2.1/../../../../arm-none-eabi/lib/thumb/v6-m\libc_nano.a(lib_a-mprec.o)
                0x0000ab5c                __pow5mult
 .text.__lshift
                0x0000ac00       0xa4 c:/users/administrator/appdata/local/arduino15/packages/seeeduino/tools/arm-none-eabi-gcc/7-2017q4/bin/../lib/gcc/arm-none-eabi/7.2.1/../../../../arm-none-eabi/lib/thumb/v6-m\libc_nano.a(lib_a-mprec.o)
                0x0000ac00                __lshift
 .text.__mcmp   0x0000aca4       0x34 c:/users/administrator/appdata/local/arduino15/packages/seeeduino/tools/arm-none-eabi-gcc/7-2017q4/bin/../lib/gcc/arm-none-eabi/7.2.1/../../../../arm-none-eabi/lib/thumb/v6-m\libc_nano.a(lib_a-mprec.o)
                0x0000aca4                __mcmp
 .text.__mdiff  0x0000acd8       0xc8 c:/users/administrator/appdata/local/arduino15/packages/seeeduino/tools/arm-none-eabi-gcc/7-2017q4/bin/../lib/gcc/arm-none-eabi/7.2.1/../../../../arm-none-eabi/lib/thumb/v6-m\libc_nano.a(lib_a-mprec.o)
                0x0000acd8                __mdiff
 .text.__ulp    0x0000ada0       0x4c c:/users/administrator/appdata/local/arduino15/packages/seeeduino/tools/arm-none-eabi-gcc/7-2017q4/bin/../lib/gcc/arm-none-eabi/7.2.1/../../../../arm-none-eabi/lib/thumb/v6-m\libc_nano.a(lib_a-mprec.o)
                0x0000ada0                __ulp
 .text.__b2d    0x0000adec       0x98 c:/users/administrator/appdata/local/arduino15/packages/seeeduino/tools/arm-none-eabi-gcc/7-2017q4/bin/../lib/gcc/arm-none-eabi/7.2.1/../../../../arm-none-eabi/lib/thumb/v6-m\libc_nano.a(lib_a-mprec.o)
                0x0000adec                __b2d
 .text.__d2b    0x0000ae84       0xa8 c:/users/administrator/appdata/local/arduino15/packages/seeeduino/tools/arm-none-eabi-gcc/7-2017q4/bin/../lib/gcc/arm-none-eabi/7.2.1/../../../../arm-none-eabi/lib/thumb/v6-m\libc_nano.a(lib_a-mprec.o)
                0x0000ae84                __d2b
 .text.__ratio  0x0000af2c       0x4e c:/users/administrator/appdata/local/arduino15/packages/seeeduino/tools/arm-none-eabi-gcc/7-2017q4/bin/../lib/gcc/arm-none-eabi/7.2.1/../../../../arm-none-eabi/lib/thumb/v6-m\libc_nano.a(lib_a-mprec.o)
                0x0000af2c                __ratio
 .text.__copybits
                0x0000af7a       0x2c c:/users/administrator/appdata/local/arduino15/packages/seeeduino/tools/arm-none-eabi-gcc/7-2017q4/bin/../lib/gcc/arm-none-eabi/7.2.1/../../../../arm-none-eabi/lib/thumb/v6-m\libc_nano.a(lib_a-mprec.o)
                0x0000af7a                __copybits
 .text.__any_on
                0x0000afa6       0x44 c:/users/administrator/appdata/local/arduino15/packages/seeeduino/tools/arm-none-eabi-gcc/7-2017q4/bin/../lib/gcc/arm-none-eabi/7.2.1/../../../../arm-none-eabi/lib/thumb/v6-m\libc_nano.a(lib_a-mprec.o)
                0x0000afa6                __any_on
 .text._calloc_r
                0x0000afea       0x1c c:/users/administrator/appdata/local/arduino15/packages/seeeduino/tools/arm-none-eabi-gcc/7-2017q4/bin/../lib/gcc/arm-none-eabi/7.2.1/../../../../arm-none-eabi/lib/thumb/v6-m\libc_nano.a(lib_a-nano-callocr.o)
                0x0000afea                _calloc_r
 *fill*         0x0000b006        0x2 
 .text.__ssputs_r
                0x0000b008       0xc4 c:/users/administrator/appdata/local/arduino15/packages/seeeduino/tools/arm-none-eabi-gcc/7-2017q4/bin/../lib/gcc/arm-none-eabi/7.2.1/../../../../arm-none-eabi/lib/thumb/v6-m\libc_nano.a(lib_a-nano-svfprintf.o)
                0x0000b008                __ssputs_r
 .text._svfprintf_r
                0x0000b0cc      0x1fc c:/users/administrator/appdata/local/arduino15/packages/seeeduino/tools/arm-none-eabi-gcc/7-2017q4/bin/../lib/gcc/arm-none-eabi/7.2.1/../../../../arm-none-eabi/lib/thumb/v6-m\libc_nano.a(lib_a-nano-svfprintf.o)
                0x0000b0cc                _svfiprintf_r
                0x0000b0cc                _svfprintf_r
 .text.strncmp  0x0000b2c8       0x22 c:/users/administrator/appdata/local/arduino15/packages/seeeduino/tools/arm-none-eabi-gcc/7-2017q4/bin/../lib/gcc/arm-none-eabi/7.2.1/../../../../arm-none-eabi/lib/thumb/v6-m\libc_nano.a(lib_a-strncmp.o)
                0x0000b2c8                strncmp
 .text.__ascii_wctomb
                0x0000b2ea       0x18 c:/users/administrator/appdata/local/arduino15/packages/seeeduino/tools/arm-none-eabi-gcc/7-2017q4/bin/../lib/gcc/arm-none-eabi/7.2.1/../../../../arm-none-eabi/lib/thumb/v6-m\libc_nano.a(lib_a-wctomb_r.o)
                0x0000b2ea                __ascii_wctomb
 .text.memmove  0x0000b302       0x26 c:/users/administrator/appdata/local/arduino15/packages/seeeduino/tools/arm-none-eabi-gcc/7-2017q4/bin/../lib/gcc/arm-none-eabi/7.2.1/../../../../arm-none-eabi/lib/thumb/v6-m\libc_nano.a(lib_a-memmove.o)
                0x0000b302                memmove
 .text._realloc_r
                0x0000b328       0x4c c:/users/administrator/appdata/local/arduino15/packages/seeeduino/tools/arm-none-eabi-gcc/7-2017q4/bin/../lib/gcc/arm-none-eabi/7.2.1/../../../../arm-none-eabi/lib/thumb/v6-m\libc_nano.a(lib_a-nano-reallocr.o)
                0x0000b328                _realloc_r
 .text._malloc_usable_size_r
                0x0000b374       0x10 c:/users/administrator/appdata/local/arduino15/packages/seeeduino/tools/arm-none-eabi-gcc/7-2017q4/bin/../lib/gcc/arm-none-eabi/7.2.1/../../../../arm-none-eabi/lib/thumb/v6-m\libc_nano.a(lib_a-nano-msizer.o)
                0x0000b374                _malloc_usable_size_r
 .text          0x0000b384       0x54 c:/users/administrator/appdata/local/arduino15/packages/seeeduino/tools/arm-none-eabi-gcc/7-2017q4/bin/../lib/gcc/arm-none-eabi/7.2.1/thumb/v6-m\libgcc.a(_muldi3.o)
                0x0000b384                __muldi3
                0x0000b384                __aeabi_lmul
 *(.init)
 .init          0x0000b3d8        0x4 c:/users/administrator/appdata/local/arduino15/packages/seeeduino/tools/arm-none-eabi-gcc/7-2017q4/bin/../lib/gcc/arm-none-eabi/7.2.1/thumb/v6-m/crti.o
                0x0000b3d8                _init
 .init          0x0000b3dc        0x8 c:/users/administrator/appdata/local/arduino15/packages/seeeduino/tools/arm-none-eabi-gcc/7-2017q4/bin/../lib/gcc/arm-none-eabi/7.2.1/thumb/v6-m/crtn.o
 *(.fini)
 .fini          0x0000b3e4        0x4 c:/users/administrator/appdata/local/arduino15/packages/seeeduino/tools/arm-none-eabi-gcc/7-2017q4/bin/../lib/gcc/arm-none-eabi/7.2.1/thumb/v6-m/crti.o
                0x0000b3e4                _fini
 .fini          0x0000b3e8        0x8 c:/users/administrator/appdata/local/arduino15/packages/seeeduino/tools/arm-none-eabi-gcc/7-2017q4/bin/../lib/gcc/arm-none-eabi/7.2.1/thumb/v6-m/crtn.o
 *crtbegin.o(.ctors)
 *crtbegin?.o(.ctors)
 *(EXCLUDE_FILE(*crtend.o *crtend?.o) .ctors)
 *(SORT_BY_NAME(.ctors.*))
 *(.ctors)
 *crtbegin.o(.dtors)
 *crtbegin?.o(.dtors)
 *(EXCLUDE_FILE(*crtend.o *crtend?.o) .dtors)
 *(SORT_BY_NAME(.dtors.*))
 *(.dtors)
 *(.rodata*)
 .rodata._ZTV14CLEDController
                0x0000b3f0       0x20 c:\Personal\University\Code\C_CPP\Arduino_IDE\DBML\build\sketch\DBML.ino.cpp.o
                0x0000b3f0                vtable for CLEDController
 .rodata._ZTV6WS2812ILh6EL6EOrder66EE
                0x0000b410       0x24 c:\Personal\University\Code\C_CPP\Arduino_IDE\DBML\build\sketch\DBML.ino.cpp.o
                0x0000b410                vtable for WS2812<(unsigned char)6, (EOrder)66>
 .rodata._ZTV6WS2812ILh7EL6EOrder66EE
                0x0000b434       0x24 c:\Personal\University\Code\C_CPP\Arduino_IDE\DBML\build\sketch\DBML.ino.cpp.o
                0x0000b434                vtable for WS2812<(unsigned char)7, (EOrder)66>
 .rodata._ZTV6WS2812ILh8EL6EOrder66EE
                0x0000b458       0x24 c:\Personal\University\Code\C_CPP\Arduino_IDE\DBML\build\sketch\DBML.ino.cpp.o
                0x0000b458                vtable for WS2812<(unsigned char)8, (EOrder)66>
 .rodata.g_APinDescription
                0x0000b47c      0x198 c:\Personal\University\Code\C_CPP\Arduino_IDE\DBML\build\core\variant.cpp.o
                0x0000b47c                g_APinDescription
 .rodata._ZL10sercomData
                0x0000b614       0x30 c:\Personal\University\Code\C_CPP\Arduino_IDE\DBML\build/core\core.a(SERCOM.cpp.o)
 .rodata._ZTV4Uart
                0x0000b644       0x34 c:\Personal\University\Code\C_CPP\Arduino_IDE\DBML\build/core\core.a(Uart.cpp.o)
                0x0000b644                vtable for Uart
 .rodata._ZTV26DoubleBufferedEPOutHandler
                0x0000b678       0x28 c:\Personal\University\Code\C_CPP\Arduino_IDE\DBML\build/core\core.a(USBCore.cpp.o)
                0x0000b678                vtable for DoubleBufferedEPOutHandler
 .rodata._ZL14STRING_PRODUCT
                0x0000b6a0        0xe c:\Personal\University\Code\C_CPP\Arduino_IDE\DBML\build/core\core.a(USBCore.cpp.o)
 .rodata._ZL15STRING_LANGUAGE
                0x0000b6ae        0x4 c:\Personal\University\Code\C_CPP\Arduino_IDE\DBML\build/core\core.a(USBCore.cpp.o)
 .rodata._ZL19STRING_MANUFACTURER
                0x0000b6b2        0x6 c:\Personal\University\Code\C_CPP\Arduino_IDE\DBML\build/core\core.a(USBCore.cpp.o)
 .rodata._ZL20USB_DeviceDescriptor
                0x0000b6b8       0x12 c:\Personal\University\Code\C_CPP\Arduino_IDE\DBML\build/core\core.a(USBCore.cpp.o)
 .rodata._ZL21USB_DeviceDescriptorB
                0x0000b6ca       0x12 c:\Personal\University\Code\C_CPP\Arduino_IDE\DBML\build/core\core.a(USBCore.cpp.o)
 .rodata._ZTV7Serial_
                0x0000b6dc       0x28 c:\Personal\University\Code\C_CPP\Arduino_IDE\DBML\build/core\core.a(CDC.cpp.o)
                0x0000b6dc                vtable for Serial_
 .rodata        0x0000b704       0x40 c:/users/administrator/appdata/local/arduino15/packages/seeeduino/tools/arm-none-eabi-gcc/7-2017q4/bin/../lib/gcc/arm-none-eabi/7.2.1/thumb/v6-m\libgcc.a(mulsf3.o)
 .rodata        0x0000b744       0x40 c:/users/administrator/appdata/local/arduino15/packages/seeeduino/tools/arm-none-eabi-gcc/7-2017q4/bin/../lib/gcc/arm-none-eabi/7.2.1/thumb/v6-m\libgcc.a(divdf3.o)
 .rodata        0x0000b784       0x40 c:/users/administrator/appdata/local/arduino15/packages/seeeduino/tools/arm-none-eabi-gcc/7-2017q4/bin/../lib/gcc/arm-none-eabi/7.2.1/thumb/v6-m\libgcc.a(muldf3.o)
 .rodata._printf_float.str1.1
                0x0000b7c4       0x12 c:/users/administrator/appdata/local/arduino15/packages/seeeduino/tools/arm-none-eabi-gcc/7-2017q4/bin/../lib/gcc/arm-none-eabi/7.2.1/../../../../arm-none-eabi/lib/thumb/v6-m\libc_nano.a(lib_a-nano-vfprintf_float.o)
 .rodata._printf_i.str1.1
                0x0000b7d6       0x22 c:/users/administrator/appdata/local/arduino15/packages/seeeduino/tools/arm-none-eabi-gcc/7-2017q4/bin/../lib/gcc/arm-none-eabi/7.2.1/../../../../arm-none-eabi/lib/thumb/v6-m\libc_nano.a(lib_a-nano-vfprintf_i.o)
 .rodata._scanf_float.str1.1
                0x0000b7f8        0x5 c:/users/administrator/appdata/local/arduino15/packages/seeeduino/tools/arm-none-eabi-gcc/7-2017q4/bin/../lib/gcc/arm-none-eabi/7.2.1/../../../../arm-none-eabi/lib/thumb/v6-m\libc_nano.a(lib_a-nano-vfscanf_float.o)
 .rodata._strtod_l.str1.1
                0x0000b7fd        0x5 c:/users/administrator/appdata/local/arduino15/packages/seeeduino/tools/arm-none-eabi-gcc/7-2017q4/bin/../lib/gcc/arm-none-eabi/7.2.1/../../../../arm-none-eabi/lib/thumb/v6-m\libc_nano.a(lib_a-strtod.o)
                                  0xc (size before relaxing)
 *fill*         0x0000b7fd        0x3 
 .rodata.fpi.6156
                0x0000b800       0x14 c:/users/administrator/appdata/local/arduino15/packages/seeeduino/tools/arm-none-eabi-gcc/7-2017q4/bin/../lib/gcc/arm-none-eabi/7.2.1/../../../../arm-none-eabi/lib/thumb/v6-m\libc_nano.a(lib_a-strtod.o)
 .rodata.fpinan.6192
                0x0000b814       0x14 c:/users/administrator/appdata/local/arduino15/packages/seeeduino/tools/arm-none-eabi-gcc/7-2017q4/bin/../lib/gcc/arm-none-eabi/7.2.1/../../../../arm-none-eabi/lib/thumb/v6-m\libc_nano.a(lib_a-strtod.o)
 .rodata.tinytens
                0x0000b828       0x28 c:/users/administrator/appdata/local/arduino15/packages/seeeduino/tools/arm-none-eabi-gcc/7-2017q4/bin/../lib/gcc/arm-none-eabi/7.2.1/../../../../arm-none-eabi/lib/thumb/v6-m\libc_nano.a(lib_a-strtod.o)
 .rodata._dtoa_r.str1.1
                0x0000b850        0xd c:/users/administrator/appdata/local/arduino15/packages/seeeduino/tools/arm-none-eabi-gcc/7-2017q4/bin/../lib/gcc/arm-none-eabi/7.2.1/../../../../arm-none-eabi/lib/thumb/v6-m\libc_nano.a(lib_a-dtoa.o)
                                  0xf (size before relaxing)
 *fill*         0x0000b85d        0x3 
 .rodata.__sf_fake_stderr
                0x0000b860       0x20 c:/users/administrator/appdata/local/arduino15/packages/seeeduino/tools/arm-none-eabi-gcc/7-2017q4/bin/../lib/gcc/arm-none-eabi/7.2.1/../../../../arm-none-eabi/lib/thumb/v6-m\libc_nano.a(lib_a-findfp.o)
                0x0000b860                __sf_fake_stderr
 .rodata.__sf_fake_stdin
                0x0000b880       0x20 c:/users/administrator/appdata/local/arduino15/packages/seeeduino/tools/arm-none-eabi-gcc/7-2017q4/bin/../lib/gcc/arm-none-eabi/7.2.1/../../../../arm-none-eabi/lib/thumb/v6-m\libc_nano.a(lib_a-findfp.o)
                0x0000b880                __sf_fake_stdin
 .rodata.__sf_fake_stdout
                0x0000b8a0       0x20 c:/users/administrator/appdata/local/arduino15/packages/seeeduino/tools/arm-none-eabi-gcc/7-2017q4/bin/../lib/gcc/arm-none-eabi/7.2.1/../../../../arm-none-eabi/lib/thumb/v6-m\libc_nano.a(lib_a-findfp.o)
                0x0000b8a0                __sf_fake_stdout
 .rodata._setlocale_r.str1.1
                0x0000b8c0        0x8 c:/users/administrator/appdata/local/arduino15/packages/seeeduino/tools/arm-none-eabi-gcc/7-2017q4/bin/../lib/gcc/arm-none-eabi/7.2.1/../../../../arm-none-eabi/lib/thumb/v6-m\libc_nano.a(lib_a-locale.o)
                                  0x9 (size before relaxing)
 .rodata.str1.1
                0x0000b8c8        0x2 c:/users/administrator/appdata/local/arduino15/packages/seeeduino/tools/arm-none-eabi-gcc/7-2017q4/bin/../lib/gcc/arm-none-eabi/7.2.1/../../../../arm-none-eabi/lib/thumb/v6-m\libc_nano.a(lib_a-locale.o)
 *fill*         0x0000b8ca        0x6 
 .rodata.__mprec_bigtens
                0x0000b8d0       0x28 c:/users/administrator/appdata/local/arduino15/packages/seeeduino/tools/arm-none-eabi-gcc/7-2017q4/bin/../lib/gcc/arm-none-eabi/7.2.1/../../../../arm-none-eabi/lib/thumb/v6-m\libc_nano.a(lib_a-mprec.o)
                0x0000b8d0                __mprec_bigtens
 .rodata.__mprec_tens
                0x0000b8f8       0xc8 c:/users/administrator/appdata/local/arduino15/packages/seeeduino/tools/arm-none-eabi-gcc/7-2017q4/bin/../lib/gcc/arm-none-eabi/7.2.1/../../../../arm-none-eabi/lib/thumb/v6-m\libc_nano.a(lib_a-mprec.o)
                0x0000b8f8                __mprec_tens
 .rodata.p05.6084
                0x0000b9c0        0xc c:/users/administrator/appdata/local/arduino15/packages/seeeduino/tools/arm-none-eabi-gcc/7-2017q4/bin/../lib/gcc/arm-none-eabi/7.2.1/../../../../arm-none-eabi/lib/thumb/v6-m\libc_nano.a(lib_a-mprec.o)
 .rodata._svfprintf_r.str1.1
                0x0000b9cc       0x11 c:/users/administrator/appdata/local/arduino15/packages/seeeduino/tools/arm-none-eabi-gcc/7-2017q4/bin/../lib/gcc/arm-none-eabi/7.2.1/../../../../arm-none-eabi/lib/thumb/v6-m\libc_nano.a(lib_a-nano-svfprintf.o)
 .rodata._ctype_
                0x0000b9dd      0x101 c:/users/administrator/appdata/local/arduino15/packages/seeeduino/tools/arm-none-eabi-gcc/7-2017q4/bin/../lib/gcc/arm-none-eabi/7.2.1/../../../../arm-none-eabi/lib/thumb/v6-m\libc_nano.a(lib_a-ctype_.o)
                0x0000b9dd                _ctype_
 *(.eh_frame*)
 *fill*         0x0000bade        0x2 
 .eh_frame      0x0000bae0        0x0 c:/users/administrator/appdata/local/arduino15/packages/seeeduino/tools/arm-none-eabi-gcc/7-2017q4/bin/../lib/gcc/arm-none-eabi/7.2.1/thumb/v6-m/crtbegin.o
 .eh_frame      0x0000bae0        0x4 c:/users/administrator/appdata/local/arduino15/packages/seeeduino/tools/arm-none-eabi-gcc/7-2017q4/bin/../lib/gcc/arm-none-eabi/7.2.1/thumb/v6-m/crtend.o

.glue_7         0x0000bae4        0x0
 .glue_7        0x0000bae4        0x0 linker stubs

.glue_7t        0x0000bae4        0x0
 .glue_7t       0x0000bae4        0x0 linker stubs

.vfp11_veneer   0x0000bae4        0x0
 .vfp11_veneer  0x0000bae4        0x0 linker stubs

.v4_bx          0x0000bae4        0x0
 .v4_bx         0x0000bae4        0x0 linker stubs

.iplt           0x0000bae4        0x0
 .iplt          0x0000bae4        0x0 c:/users/administrator/appdata/local/arduino15/packages/seeeduino/tools/arm-none-eabi-gcc/7-2017q4/bin/../lib/gcc/arm-none-eabi/7.2.1/thumb/v6-m/crtbegin.o

.rel.dyn        0x0000bae4        0x0
 .rel.iplt      0x0000bae4        0x0 c:/users/administrator/appdata/local/arduino15/packages/seeeduino/tools/arm-none-eabi-gcc/7-2017q4/bin/../lib/gcc/arm-none-eabi/7.2.1/thumb/v6-m/crtbegin.o

.ARM.extab
 *(.ARM.extab* .gnu.linkonce.armextab.*)
                0x0000bae4                __exidx_start = .

.ARM.exidx
 *(.ARM.exidx* .gnu.linkonce.armexidx.*)
                0x0000bae4                __exidx_end = .
                0x0000bae4                __etext = .

.data           0x20000000      0x278 load address 0x0000bae4
                0x20000000                __data_start__ = .
 *(vtable)
 *(.data*)
 .data.step     0x20000000        0x1 c:\Personal\University\Code\C_CPP\Arduino_IDE\DBML\build\sketch\DBML.ino.cpp.o
                0x20000000                step
 *fill*         0x20000001        0x3 
 .data.SystemCoreClock
                0x20000004        0x4 c:\Personal\University\Code\C_CPP\Arduino_IDE\DBML\build/core\core.a(wiring.c.o)
                0x20000004                SystemCoreClock
 .data._ADCResolution
                0x20000008        0x4 c:\Personal\University\Code\C_CPP\Arduino_IDE\DBML\build/core\core.a(wiring_analog.c.o)
 .data._readResolution
                0x2000000c        0x4 c:\Personal\University\Code\C_CPP\Arduino_IDE\DBML\build/core\core.a(wiring_analog.c.o)
 .data._ZL5ticks
                0x20000010        0x4 c:\Personal\University\Code\C_CPP\Arduino_IDE\DBML\build/core\core.a(Reset.cpp.o)
 .data.EndPoints
                0x20000014       0x28 c:\Personal\University\Code\C_CPP\Arduino_IDE\DBML\build/core\core.a(USBCore.cpp.o)
                0x20000014                EndPoints
 .data._ZL10breakValue
                0x2000003c        0x4 c:\Personal\University\Code\C_CPP\Arduino_IDE\DBML\build/core\core.a(CDC.cpp.o)
 .data._ZL12_usbLineInfo
                0x20000040        0x8 c:\Personal\University\Code\C_CPP\Arduino_IDE\DBML\build/core\core.a(CDC.cpp.o)
 .data._ZL13_cdcInterface
                0x20000048       0x42 c:\Personal\University\Code\C_CPP\Arduino_IDE\DBML\build/core\core.a(CDC.cpp.o)
 *fill*         0x2000008a        0x2 
 .data._serialPeek
                0x2000008c        0x4 c:\Personal\University\Code\C_CPP\Arduino_IDE\DBML\build/core\core.a(CDC.cpp.o)
                0x2000008c                _serialPeek
 .data._impure_ptr
                0x20000090        0x4 c:/users/administrator/appdata/local/arduino15/packages/seeeduino/tools/arm-none-eabi-gcc/7-2017q4/bin/../lib/gcc/arm-none-eabi/7.2.1/../../../../arm-none-eabi/lib/thumb/v6-m\libc_nano.a(lib_a-impure.o)
                0x20000090                _impure_ptr
 .data.impure_data
                0x20000094       0x60 c:/users/administrator/appdata/local/arduino15/packages/seeeduino/tools/arm-none-eabi-gcc/7-2017q4/bin/../lib/gcc/arm-none-eabi/7.2.1/../../../../arm-none-eabi/lib/thumb/v6-m\libc_nano.a(lib_a-impure.o)
 .data.__global_locale
                0x200000f4      0x16c c:/users/administrator/appdata/local/arduino15/packages/seeeduino/tools/arm-none-eabi-gcc/7-2017q4/bin/../lib/gcc/arm-none-eabi/7.2.1/../../../../arm-none-eabi/lib/thumb/v6-m\libc_nano.a(lib_a-locale.o)
                0x200000f4                __global_locale
                0x20000260                . = ALIGN (0x4)
                0x20000260                PROVIDE (__preinit_array_start, .)
 *(.preinit_array)
                0x20000260                PROVIDE (__preinit_array_end, .)
                0x20000260                . = ALIGN (0x4)
                0x20000260                PROVIDE (__init_array_start, .)
 *(SORT_BY_NAME(.init_array.*))
 *(.init_array)
 .init_array    0x20000260        0x4 c:/users/administrator/appdata/local/arduino15/packages/seeeduino/tools/arm-none-eabi-gcc/7-2017q4/bin/../lib/gcc/arm-none-eabi/7.2.1/thumb/v6-m/crtbegin.o
 .init_array    0x20000264        0x4 c:\Personal\University\Code\C_CPP\Arduino_IDE\DBML\build\libraries\FastLED\FastLED.cpp.o
 .init_array    0x20000268        0x4 c:\Personal\University\Code\C_CPP\Arduino_IDE\DBML\build\core\variant.cpp.o
 .init_array    0x2000026c        0x4 c:\Personal\University\Code\C_CPP\Arduino_IDE\DBML\build/core\core.a(USBCore.cpp.o)
 .init_array    0x20000270        0x4 c:\Personal\University\Code\C_CPP\Arduino_IDE\DBML\build/core\core.a(CDC.cpp.o)
                0x20000274                PROVIDE (__init_array_end, .)
                0x20000274                . = ALIGN (0x4)
                [!provide]                PROVIDE (__fini_array_start, .)
 *(SORT_BY_NAME(.fini_array.*))
 *(.fini_array)
 .fini_array    0x20000274        0x4 c:/users/administrator/appdata/local/arduino15/packages/seeeduino/tools/arm-none-eabi-gcc/7-2017q4/bin/../lib/gcc/arm-none-eabi/7.2.1/thumb/v6-m/crtbegin.o
                [!provide]                PROVIDE (__fini_array_end, .)
 *(.jcr*)
                0x20000278                . = ALIGN (0x4)
                0x20000278                __data_end__ = .

.igot.plt       0x20000278        0x0 load address 0x0000bd5c
 .igot.plt      0x20000278        0x0 c:/users/administrator/appdata/local/arduino15/packages/seeeduino/tools/arm-none-eabi-gcc/7-2017q4/bin/../lib/gcc/arm-none-eabi/7.2.1/thumb/v6-m/crtbegin.o

.bss            0x20000278      0xbe4 load address 0x0000bd5c
                0x20000278                . = ALIGN (0x4)
                0x20000278                __bss_start__ = .
 *(.bss*)
 .bss           0x20000278       0x1c c:/users/administrator/appdata/local/arduino15/packages/seeeduino/tools/arm-none-eabi-gcc/7-2017q4/bin/../lib/gcc/arm-none-eabi/7.2.1/thumb/v6-m/crtbegin.o
 .bss._ZZN15PixelControllerIL6EOrder66ELi1ELm4294967295EE21init_binary_ditheringEvE1R
                0x20000294        0x1 c:\Personal\University\Code\C_CPP\Arduino_IDE\DBML\build\sketch\DBML.ino.cpp.o
                0x20000294                PixelController<(EOrder)66, 1, 4294967295ul>::init_binary_dithering()::R
 *fill*         0x20000295        0x3 
 .bss._ZGVZN8CFastLED7addLedsI6WS2812Lh8EL6EOrder66EEER14CLEDControllerP4CRGBiiE1c
                0x20000298        0x4 c:\Personal\University\Code\C_CPP\Arduino_IDE\DBML\build\sketch\DBML.ino.cpp.o
                0x20000298                guard variable for CLEDController& CFastLED::addLeds<WS2812, (unsigned char)8, (EOrder)66>(CRGB*, int, int)::c
 .bss._ZZN8CFastLED7addLedsI6WS2812Lh8EL6EOrder66EEER14CLEDControllerP4CRGBiiE1c
                0x2000029c       0x24 c:\Personal\University\Code\C_CPP\Arduino_IDE\DBML\build\sketch\DBML.ino.cpp.o
                0x2000029c                CLEDController& CFastLED::addLeds<WS2812, (unsigned char)8, (EOrder)66>(CRGB*, int, int)::c
 .bss._ZGVZN8CFastLED7addLedsI6WS2812Lh7EL6EOrder66EEER14CLEDControllerP4CRGBiiE1c
                0x200002c0        0x4 c:\Personal\University\Code\C_CPP\Arduino_IDE\DBML\build\sketch\DBML.ino.cpp.o
                0x200002c0                guard variable for CLEDController& CFastLED::addLeds<WS2812, (unsigned char)7, (EOrder)66>(CRGB*, int, int)::c
 .bss._ZZN8CFastLED7addLedsI6WS2812Lh7EL6EOrder66EEER14CLEDControllerP4CRGBiiE1c
                0x200002c4       0x24 c:\Personal\University\Code\C_CPP\Arduino_IDE\DBML\build\sketch\DBML.ino.cpp.o
                0x200002c4                CLEDController& CFastLED::addLeds<WS2812, (unsigned char)7, (EOrder)66>(CRGB*, int, int)::c
 .bss._ZGVZN8CFastLED7addLedsI6WS2812Lh6EL6EOrder66EEER14CLEDControllerP4CRGBiiE1c
                0x200002e8        0x4 c:\Personal\University\Code\C_CPP\Arduino_IDE\DBML\build\sketch\DBML.ino.cpp.o
                0x200002e8                guard variable for CLEDController& CFastLED::addLeds<WS2812, (unsigned char)6, (EOrder)66>(CRGB*, int, int)::c
 .bss._ZZN8CFastLED7addLedsI6WS2812Lh6EL6EOrder66EEER14CLEDControllerP4CRGBiiE1c
                0x200002ec       0x24 c:\Personal\University\Code\C_CPP\Arduino_IDE\DBML\build\sketch\DBML.ino.cpp.o